ARM Linker, 5.03 [Build 76] [MDK-ARM Professional]

==============================================================================

Section Cross References

    system_stm32f10x.o(.text) refers to system_stm32f10x.o(.data) for SystemCoreClock
    startup_stm32f10x_md.o(STACK) refers (Special) to heapauxi.o(.text) for __use_two_region_memory
    startup_stm32f10x_md.o(HEAP) refers (Special) to heapauxi.o(.text) for __use_two_region_memory
    startup_stm32f10x_md.o(RESET) refers (Special) to heapauxi.o(.text) for __use_two_region_memory
    startup_stm32f10x_md.o(RESET) refers to startup_stm32f10x_md.o(STACK) for __initial_sp
    startup_stm32f10x_md.o(RESET) refers to startup_stm32f10x_md.o(.text) for Reset_Handler
    startup_stm32f10x_md.o(RESET) refers to stm32f10x_it.o(.text) for NMI_Handler
    startup_stm32f10x_md.o(RESET) refers to cancom.o(.text) for USB_LP_CAN1_RX0_IRQHandler
    startup_stm32f10x_md.o(RESET) refers to main.o(.text) for TIM3_IRQHandler
    startup_stm32f10x_md.o(RESET) refers to tim.o(.text) for TIM4_IRQHandler
    startup_stm32f10x_md.o(RESET) refers to uart1.o(.text) for USART1_IRQHandler
    startup_stm32f10x_md.o(.text) refers (Special) to heapauxi.o(.text) for __use_two_region_memory
    startup_stm32f10x_md.o(.text) refers to system_stm32f10x.o(.text) for SystemInit
    startup_stm32f10x_md.o(.text) refers to __main.o(!!!main) for __main
    startup_stm32f10x_md.o(.text) refers to startup_stm32f10x_md.o(HEAP) for Heap_Mem
    startup_stm32f10x_md.o(.text) refers to startup_stm32f10x_md.o(STACK) for Stack_Mem
    delay.o(.text) refers to noretval__2printf.o(.text) for __2printf
    delay.o(.text) refers to stm32f10x_it.o(.text) for micros
    delay.o(.text) refers to delay.o(.data) for fac_us
    led.o(.text) refers to stm32f10x_rcc.o(.text) for RCC_APB1PeriphClockCmd
    led.o(.text) refers to stm32f10x_gpio.o(.text) for GPIO_Init
    led.o(.text) refers to stm32f10x_tim.o(.text) for TIM_DeInit
    led.o(.text) refers to fflt_clz.o(x$fpl$ffltu) for __aeabi_ui2f
    led.o(.text) refers to fmul.o(x$fpl$fmul) for __aeabi_fmul
    led.o(.text) refers to fdiv.o(x$fpl$fdiv) for __aeabi_fdiv
    led.o(.text) refers to sinf.o(i.sinf) for sinf
    led.o(.text) refers to ffix.o(x$fpl$ffix) for __aeabi_f2iz
    led.o(.text) refers to led.o(.data) for t
    iic.o(.text) refers to stm32f10x_rcc.o(.text) for RCC_APB2PeriphClockCmd
    iic.o(.text) refers to stm32f10x_gpio.o(.text) for GPIO_Init
    iic.o(.text) refers to noretval__2printf.o(.text) for __2printf
    iic.o(.text) refers to delay.o(.text) for delay_us
    tim.o(.text) refers to stm32f10x_tim.o(.text) for TIM_GetITStatus
    tim.o(.text) refers to stm32f10x_rcc.o(.text) for RCC_APB1PeriphClockCmd
    tim.o(.text) refers to noretval__2printf.o(.text) for __2printf
    tim.o(.text) refers to misc.o(.text) for NVIC_PriorityGroupConfig
    tim.o(.text) refers to tim.o(.data) for anyCnt
    spi.o(.text) refers to stm32f10x_rcc.o(.text) for RCC_APB2PeriphClockCmd
    spi.o(.text) refers to stm32f10x_gpio.o(.text) for GPIO_Init
    spi.o(.text) refers to stm32f10x_spi.o(.text) for SPI_Init
    spi.o(.text) refers to noretval__2printf.o(.text) for __2printf
    stmflash.o(.text) refers to noretval__2printf.o(.text) for __2printf
    stmflash.o(.text) refers to delay.o(.text) for delay_us
    stmflash.o(.text) refers to stmflash.o(.bss) for STMFLASH_BUF
    uart1.o(.text) refers (Special) to use_no_semi_2.o(.text) for __use_no_semihosting
    uart1.o(.text) refers to misc.o(.text) for NVIC_Init
    uart1.o(.text) refers to fflt_clz.o(x$fpl$ffltu) for __aeabi_ui2f
    uart1.o(.text) refers to fdiv.o(x$fpl$fdiv) for __aeabi_fdiv
    uart1.o(.text) refers to ffixu.o(x$fpl$ffixu) for __aeabi_f2uiz
    uart1.o(.text) refers to faddsub_clz.o(x$fpl$frsb) for __aeabi_frsub
    uart1.o(.text) refers to fmul.o(x$fpl$fmul) for __aeabi_fmul
    uart1.o(.text) refers to stm32f10x_usart.o(.text) for USART_GetITStatus
    uart1.o(.text) refers to stm32f10x_rcc.o(.text) for RCC_APB2PeriphClockCmd
    uart1.o(.text) refers to stm32f10x_gpio.o(.text) for GPIO_Init
    uart1.o(.text) refers to uart1.o(.bss) for UartTxbuf
    uart1.o(.text) refers to uart1.o(.data) for uart_buf
    uart1.o(.bss) refers (Special) to use_no_semi_2.o(.text) for __use_no_semihosting
    uart1.o(.data) refers (Special) to use_no_semi_2.o(.text) for __use_no_semihosting
    battery.o(.text) refers to stm32f10x_rcc.o(.text) for RCC_APB2PeriphClockCmd
    battery.o(.text) refers to stm32f10x_gpio.o(.text) for GPIO_Init
    battery.o(.text) refers to fdiv.o(x$fpl$fdiv) for __aeabi_fdiv
    battery.o(.text) refers to noretval__2printf.o(.text) for __2printf
    battery.o(.text) refers to fflt_clz.o(x$fpl$ffltu) for __aeabi_ui2f
    battery.o(.text) refers to f2d.o(x$fpl$f2d) for __aeabi_f2d
    battery.o(.text) refers to dmul.o(x$fpl$dmul) for __aeabi_dmul
    battery.o(.text) refers to d2f.o(x$fpl$d2f) for __aeabi_d2f
[...]
    defsig_pvfn_inner.o(.text) refers to defsig_general.o(.text) for __default_signal_display
    defsig_cppl_inner.o(.text) refers to defsig_general.o(.text) for __default_signal_display
    defsig_segv_inner.o(.text) refers to defsig_general.o(.text) for __default_signal_display
    defsig_other.o(.text) refers to defsig_general.o(.text) for __default_signal_display


==============================================================================

Removing Unused input sections from the image.

    Removing core_cm3.o(.emb_text), (32 bytes).
    Removing delay.o(.text), (180 bytes).
    Removing delay.o(.data), (4 bytes).
    Removing iic.o(.text), (1096 bytes).
    Removing tim.o(.bss), (12 bytes).
    Removing spi.o(.text), (284 bytes).
    Removing stmflash.o(.text), (612 bytes).
    Removing stmflash.o(.bss), (1024 bytes).
    Removing battery.o(.text), (708 bytes).
    Removing battery.o(.bss), (32 bytes).
    Removing bt.o(.text), (704 bytes).
    Removing bt.o(.bss), (48 bytes).
    Removing bt.o(.constdata), (134 bytes).
    Removing bt.o(.data), (80 bytes).
    Removing stm32f10x_exti.o(.text), (284 bytes).
    Removing sys_fun.o(.text), (640 bytes).
    Removing sys_fun.o(.data), (1 bytes).
    Removing stm32f10x_i2c.o(.text), (1032 bytes).
    Removing stm32f10x_spi.o(.text), (780 bytes).
    Removing stm32f10x_pwr.o(.text), (204 bytes).

20 unused section(s) (total 7891 bytes) removed from the image.

==============================================================================

Image Symbol Table

    Local Symbols

    Symbol Name                              Value     Ov Type        Size  Object(Section)

    ../clib/angel/boardlib.s                 0x00000000   Number         0  boardinit2.o ABSOLUTE
    ../clib/angel/boardlib.s                 0x00000000   Number         0  boardinit3.o ABSOLUTE
    ../clib/angel/boardlib.s                 0x00000000   Number         0  boardshut.o ABSOLUTE
    ../clib/angel/boardlib.s                 0x00000000   Number         0  boardinit1.o ABSOLUTE
    ../clib/angel/dczerorl2.s                0x00000000   Number         0  __dczerorl2.o ABSOLUTE
    ../clib/angel/handlers.s                 0x00000000   Number         0  __scatter_zi.o ABSOLUTE
    ../clib/angel/kernel.s                   0x00000000   Number         0  rtentry4.o ABSOLUTE
    ../clib/angel/kernel.s                   0x00000000   Number         0  rtexit.o ABSOLUTE
    ../clib/angel/kernel.s                   0x00000000   Number         0  rtentry2.o ABSOLUTE
    ../clib/angel/kernel.s                   0x00000000   Number         0  rtexit2.o ABSOLUTE
    ../clib/angel/kernel.s                   0x00000000   Number         0  rtentry.o ABSOLUTE
    ../clib/angel/rt.s                       0x00000000   Number         0  rt_errno_addr.o ABSOLUTE
    ../clib/angel/rt.s                       0x00000000   Number         0  rt_raise.o ABSOLUTE
    ../clib/angel/rt.s                       0x00000000   Number         0  rt_errno_addr_intlibspace.o ABSOLUTE
    ../clib/angel/scatter.s                  0x00000000   Number         0  __scatter.o ABSOLUTE
    ../clib/angel/startup.s                  0x00000000   Number         0  __main.o ABSOLUTE
    ../clib/angel/sys.s                      0x00000000   Number         0  use_no_semi.o ABSOLUTE
    ../clib/angel/sys.s                      0x00000000   Number         0  indicate_semi.o ABSOLUTE
    ../clib/angel/sys.s                      0x00000000   Number         0  libspace.o ABSOLUTE
    ../clib/angel/sys.s                      0x00000000   Number         0  sys_stackheap_outer.o ABSOLUTE
    ../clib/angel/sys.s                      0x00000000   Number         0  use_no_semi_2.o ABSOLUTE
    ../clib/angel/sysapp.c                   0x00000000   Number         0  sys_command.o ABSOLUTE
    ../clib/angel/sysapp.c                   0x00000000   Number         0  sys_wrch.o ABSOLUTE
    ../clib/armsys.c                         0x00000000   Number         0  _get_argv_nomalloc.o ABSOLUTE
    ../clib/armsys.c                         0x00000000   Number         0  argv_veneer.o ABSOLUTE
    ../clib/armsys.c                         0x00000000   Number         0  argv_veneer.o ABSOLUTE
    ../clib/armsys.c                         0x00000000   Number         0  no_argv.o ABSOLUTE
    ../clib/fenv.c                           0x00000000   Number         0  _rserrno.o ABSOLUTE
    ../clib/heapalloc.c                      0x00000000   Number         0  hrguard.o ABSOLUTE
    ../clib/heapaux.c                        0x00000000   Number         0  heapauxi.o ABSOLUTE
    ../clib/libinit.s                        0x00000000   Number         0  libshutdown.o ABSOLUTE
    ../clib/libinit.s                        0x00000000   Number         0  libinit.o ABSOLUTE
    ../clib/libinit.s                        0x00000000   Number         0  libinit2.o ABSOLUTE
    ../clib/libinit.s                        0x00000000   Number         0  libshutdown2.o ABSOLUTE
    ../clib/printf.c                         0x00000000   Number         0  _printf_char_common.o ABSOLUTE
    ../clib/printf.c                         0x00000000   Number         0  noretval__2printf.o ABSOLUTE
    ../clib/printf.c                         0x00000000   Number         0  __2printf.o ABSOLUTE
    ../clib/printf.c                         0x00000000   Number         0  __printf_nopercent.o ABSOLUTE
    ../clib/printf.c                         0x00000000   Number         0  _printf_char_file.o ABSOLUTE
    ../clib/signal.c                         0x00000000   Number         0  defsig_rtmem_formal.o ABSOLUTE
    ../clib/signal.c                         0x00000000   Number         0  defsig_rtmem_outer.o ABSOLUTE
    ../clib/signal.c                         0x00000000   Number         0  defsig_general.o ABSOLUTE
    ../clib/signal.c                         0x00000000   Number         0  defsig_abrt_inner.o ABSOLUTE
    ../clib/signal.c                         0x00000000   Number         0  defsig_exit.o ABSOLUTE
    ../clib/signal.c                         0x00000000   Number         0  __raise.o ABSOLUTE
    ../clib/signal.c                         0x00000000   Number         0  defsig_rtmem_inner.o ABSOLUTE
    ../clib/signal.c                         0x00000000   Number         0  defsig_fpe_inner.o ABSOLUTE
    ../clib/signal.c                         0x00000000   Number         0  defsig_other.o ABSOLUTE
    ../clib/signal.c                         0x00000000   Number         0  defsig_segv_inner.o ABSOLUTE
    ../clib/signal.c                         0x00000000   Number         0  defsig_cppl_inner.o ABSOLUTE
    ../clib/signal.c                         0x00000000   Number         0  defsig_pvfn_inner.o ABSOLUTE
    ../clib/signal.c                         0x00000000   Number         0  defsig_stak_inner.o ABSOLUTE
    ../clib/signal.c                         0x00000000   Number         0  defsig_rtred_inner.o ABSOLUTE
    ../clib/signal.s                         0x00000000   Number         0  defsig.o ABSOLUTE
    ../clib/stdio.c                          0x00000000   Number         0  ferror_locked.o ABSOLUTE
    ../clib/stdio.c                          0x00000000   Number         0  ferror.o ABSOLUTE
    ../clib/stdlib.c                         0x00000000   Number         0  exit.o ABSOLUTE
    ../clib/string.c                         0x00000000   Number         0  strlen.o ABSOLUTE
    ../fplib/d2f.s                           0x00000000   Number         0  d2f.o ABSOLUTE
    ../fplib/daddsub.s                       0x00000000   Number         0  daddsub_clz.o ABSOLUTE
    ../fplib/ddiv.s                          0x00000000   Number         0  ddiv.o ABSOLUTE
    ../fplib/dmul.s                          0x00000000   Number         0  dmul.o ABSOLUTE
    ../fplib/dnaninf.s                       0x00000000   Number         0  dnaninf.o ABSOLUTE
    ../fplib/dretinf.s                       0x00000000   Number         0  dretinf.o ABSOLUTE
    ../fplib/f2d.s                           0x00000000   Number         0  f2d.o ABSOLUTE
    ../fplib/faddsub.s                       0x00000000   Number         0  faddsub_clz.o ABSOLUTE
    ../fplib/fcheck1.s                       0x00000000   Number         0  fcheck1.o ABSOLUTE
    ../fplib/fdiv.s                          0x00000000   Number         0  fdiv.o ABSOLUTE
    ../fplib/ffix.s                          0x00000000   Number         0  ffix.o ABSOLUTE
    ../fplib/ffixu.s                         0x00000000   Number         0  ffixu.o ABSOLUTE
    ../fplib/fflt.s                          0x00000000   Number         0  fflt_clz.o ABSOLUTE
    ../fplib/fmul.s                          0x00000000   Number         0  fmul.o ABSOLUTE
    ../fplib/fnaninf.s                       0x00000000   Number         0  fnaninf.o ABSOLUTE
    ../fplib/fpinit.s                        0x00000000   Number         0  fpinit.o ABSOLUTE
    ../fplib/fretinf.s                       0x00000000   Number         0  fretinf.o ABSOLUTE
    ../fplib/frnd.s                          0x00000000   Number         0  frnd.o ABSOLUTE
    ../fplib/retnan.s                        0x00000000   Number         0  retnan.o ABSOLUTE
    ../fplib/scalbnf.s                       0x00000000   Number         0  scalbnf.o ABSOLUTE
    ../fplib/trapv.s                         0x00000000   Number         0  trapv.o ABSOLUTE
    ../fplib/usenofp.s                       0x00000000   Number         0  usenofp.o ABSOLUTE
    ../mathlib/fpclassifyf.c                 0x00000000   Number         0  fpclassifyf.o ABSOLUTE
    ../mathlib/funder.c                      0x00000000   Number         0  funder.o ABSOLUTE
    ../mathlib/rredf.c                       0x00000000   Number         0  rredf.o ABSOLUTE
    ../mathlib/sinf.c                        0x00000000   Number         0  sinf_x.o ABSOLUTE
    ../mathlib/sinf.c                        0x00000000   Number         0  sinf.o ABSOLUTE
    HardWareDriver\C\BT.c                    0x00000000   Number         0  bt.o ABSOLUTE
    HardWareDriver\C\Battery.c               0x00000000   Number         0  battery.o ABSOLUTE
    HardWareDriver\C\IIC.c                   0x00000000   Number         0  iic.o ABSOLUTE
    HardWareDriver\C\Led.c                   0x00000000   Number         0  led.o ABSOLUTE
    HardWareDriver\C\SPI.c                   0x00000000   Number         0  spi.o ABSOLUTE
    HardWareDriver\C\Tim.c                   0x00000000   Number         0  tim.o ABSOLUTE
    HardWareDriver\C\UART1.c                 0x00000000   Number         0  uart1.o ABSOLUTE
    HardWareDriver\C\delay.c                 0x00000000   Number         0  delay.o ABSOLUTE
    HardWareDriver\C\stmflash.c              0x00000000   Number         0  stmflash.o ABSOLUTE
    Lib\src\misc.c                           0x00000000   Number         0  misc.o ABSOLUTE
    Lib\src\stm32f10x_can.c                  0x00000000   Number         0  stm32f10x_can.o ABSOLUTE
    Lib\src\stm32f10x_exti.c                 0x00000000   Number         0  stm32f10x_exti.o ABSOLUTE
    Lib\src\stm32f10x_gpio.c                 0x00000000   Number         0  stm32f10x_gpio.o ABSOLUTE
    Lib\src\stm32f10x_i2c.c                  0x00000000   Number         0  stm32f10x_i2c.o ABSOLUTE
    Lib\src\stm32f10x_iwdg.c                 0x00000000   Number         0  stm32f10x_iwdg.o ABSOLUTE
    Lib\src\stm32f10x_pwr.c                  0x00000000   Number         0  stm32f10x_pwr.o ABSOLUTE
    Lib\src\stm32f10x_rcc.c                  0x00000000   Number         0  stm32f10x_rcc.o ABSOLUTE
    Lib\src\stm32f10x_spi.c                  0x00000000   Number         0  stm32f10x_spi.o ABSOLUTE
    Lib\src\stm32f10x_tim.c                  0x00000000   Number         0  stm32f10x_tim.o ABSOLUTE
    Lib\src\stm32f10x_usart.c                0x00000000   Number         0  stm32f10x_usart.o ABSOLUTE
    StartUp\\core_cm3.c                      0x00000000   Number         0  core_cm3.o ABSOLUTE
    StartUp\core_cm3.c                       0x00000000   Number         0  core_cm3.o ABSOLUTE
    StartUp\startup_stm32f10x_md.s           0x00000000   Number         0  startup_stm32f10x_md.o ABSOLUTE
    StartUp\system_stm32f10x.c               0x00000000   Number         0  system_stm32f10x.o ABSOLUTE
    User_Src\CANCom.c                        0x00000000   Number         0  cancom.o ABSOLUTE
    User_Src\KeyBoard.c                      0x00000000   Number         0  keyboard.o ABSOLUTE
    User_Src\Sys_Fun.c                       0x00000000   Number         0  sys_fun.o ABSOLUTE
    User_Src\main.c                          0x00000000   Number         0  main.o ABSOLUTE
    User_Src\stm32f10x_it.c                  0x00000000   Number         0  stm32f10x_it.o ABSOLUTE
    dc.s                                     0x00000000   Number         0  dc.o ABSOLUTE
    RESET                                    0x08000000   Section      236  startup_stm32f10x_md.o(RESET)
    !!!main                                  0x080000ec   Section        8  __main.o(!!!main)
    !!!scatter                               0x080000f4   Section       52  __scatter.o(!!!scatter)
    !!dczerorl2                              0x08000128   Section       90  __dczerorl2.o(!!dczerorl2)
    !!handler_zi                             0x08000184   Section       28  __scatter_zi.o(!!handler_zi)
    .ARM.Collect$$libinit$$00000000          0x080001a0   Section        2  libinit.o(.ARM.Collect$$libinit$$00000000)
    .ARM.Collect$$libinit$$00000002          0x080001a2   Section        0  libinit2.o(.ARM.Collect$$libinit$$00000002)
    .ARM.Collect$$libinit$$00000008          0x080001a2   Section        0  libinit2.o(.ARM.Collect$$libinit$$00000008)
    .ARM.Collect$$libinit$$0000000A          0x080001a2   Section        0  libinit2.o(.ARM.Collect$$libinit$$0000000A)
    .ARM.Collect$$libinit$$0000000C          0x080001a2   Section        0  libinit2.o(.ARM.Collect$$libinit$$0000000C)
    .ARM.Collect$$libinit$$0000000F          0x080001a2   Section        0  libinit2.o(.ARM.Collect$$libinit$$0000000F)
    .ARM.Collect$$libinit$$00000011          0x080001a2   Section        0  libinit2.o(.ARM.Collect$$libinit$$00000011)
    .ARM.Collect$$libinit$$00000013          0x080001a2   Section        0  libinit2.o(.ARM.Collect$$libinit$$00000013)
    .ARM.Collect$$libinit$$00000015          0x080001a2   Section        0  libinit2.o(.ARM.Collect$$libinit$$00000015)
    .ARM.Collect$$libinit$$00000017          0x080001a2   Section        0  libinit2.o(.ARM.Collect$$libinit$$00000017)
    .ARM.Collect$$libinit$$00000019          0x080001a2   Section        0  libinit2.o(.ARM.Collect$$libinit$$00000019)
    .ARM.Collect$$libinit$$0000001B          0x080001a2   Section        0  libinit2.o(.ARM.Collect$$libinit$$0000001B)
    .ARM.Collect$$libinit$$0000001D          0x080001a2   Section        0  libinit2.o(.ARM.Collect$$libinit$$0000001D)
    .ARM.Collect$$libinit$$0000001F          0x080001a2   Section        0  libinit2.o(.ARM.Collect$$libinit$$0000001F)
    .ARM.Collect$$libinit$$00000021          0x080001a2   Section        0  libinit2.o(.ARM.Collect$$libinit$$00000021)
    .ARM.Collect$$libinit$$00000023          0x080001a2   Section        0  libinit2.o(.ARM.Collect$$libinit$$00000023)
    .ARM.Collect$$libinit$$0000002A          0x080001a2   Section        0  libinit2.o(.ARM.Collect$$libinit$$0000002A)
    .ARM.Collect$$libinit$$0000002C          0x080001a2   Section        0  libinit2.o(.ARM.Collect$$libinit$$0000002C)
    .ARM.Collect$$libinit$$0000002E          0x080001a2   Section        0  libinit2.o(.ARM.Collect$$libinit$$0000002E)
    .ARM.Collect$$libinit$$00000030          0x080001a2   Section        0  libinit2.o(.ARM.Collect$$libinit$$00000030)
    .ARM.Collect$$libinit$$00000031          0x080001a2   Section        2  libinit2.o(.ARM.Collect$$libinit$$00000031)
    .ARM.Collect$$libshutdown$$00000000      0x080001a4   Section        2  libshutdown.o(.ARM.Collect$$libshutdown$$00000000)
    .ARM.Collect$$libshutdown$$00000003      0x080001a6   Section        0  libshutdown2.o(.ARM.Collect$$libshutdown$$00000003)
    .ARM.Collect$$libshutdown$$00000006      0x080001a6   Section        0  libshutdown2.o(.ARM.Collect$$libshutdown$$00000006)
    .ARM.Collect$$libshutdown$$00000009      0x080001a6   Section        0  libshutdown2.o(.ARM.Collect$$libshutdown$$00000009)
    .ARM.Collect$$libshutdown$$0000000B      0x080001a6   Section        0  libshutdown2.o(.ARM.Collect$$libshutdown$$0000000B)
    .ARM.Collect$$libshutdown$$0000000E      0x080001a6   Section        0  libshutdown2.o(.ARM.Collect$$libshutdown$$0000000E)
    .ARM.Collect$$libshutdown$$0000000F      0x080001a6   Section        2  libshutdown2.o(.ARM.Collect$$libshutdown$$0000000F)
    .ARM.Collect$$rtentry$$00000000          0x080001a8   Section        0  rtentry.o(.ARM.Collect$$rtentry$$00000000)
    .ARM.Collect$$rtentry$$00000002          0x080001a8   Section        0  rtentry2.o(.ARM.Collect$$rtentry$$00000002)
    .ARM.Collect$$rtentry$$00000004          0x080001a8   Section        6  rtentry4.o(.ARM.Collect$$rtentry$$00000004)
    .ARM.Collect$$rtentry$$00000009          0x080001ae   Section        0  rtentry2.o(.ARM.Collect$$rtentry$$00000009)
    .ARM.Collect$$rtentry$$0000000A          0x080001ae   Section        4  rtentry2.o(.ARM.Collect$$rtentry$$0000000A)
    .ARM.Collect$$rtentry$$0000000C          0x080001b2   Section        0  rtentry2.o(.ARM.Collect$$rtentry$$0000000C)
    .ARM.Collect$$rtentry$$0000000D          0x080001b2   Section        8  rtentry2.o(.ARM.Collect$$rtentry$$0000000D)
    .ARM.Collect$$rtexit$$00000000           0x080001ba   Section        2  rtexit.o(.ARM.Collect$$rtexit$$00000000)
    .ARM.Collect$$rtexit$$00000002           0x080001bc   Section        0  rtexit2.o(.ARM.Collect$$rtexit$$00000002)
    .ARM.Collect$$rtexit$$00000003           0x080001bc   Section        4  rtexit2.o(.ARM.Collect$$rtexit$$00000003)
    .ARM.Collect$$rtexit$$00000004           0x080001c0   Section        6  rtexit2.o(.ARM.Collect$$rtexit$$00000004)
    .text                                    0x080001c8   Section        0  system_stm32f10x.o(.text)
    SetSysClockTo24                          0x080001c9   Thumb Code   204  system_stm32f10x.o(.text)
    SetSysClock                              0x08000295   Thumb Code     8  system_stm32f10x.o(.text)
    .text                                    0x0800039c   Section       64  startup_stm32f10x_md.o(.text)
    .text                                    0x080003dc   Section        0  led.o(.text)
    .text                                    0x080006a4   Section        0  tim.o(.text)
    .text                                    0x0800089c   Section        0  uart1.o(.text)
    .text                                    0x08000c24   Section        0  main.o(.text)
    .text                                    0x08000e18   Section        0  stm32f10x_it.o(.text)
    .text                                    0x08000ec4   Section        0  cancom.o(.text)
    .text                                    0x0800132c   Section        0  keyboard.o(.text)
    .text                                    0x080016c0   Section        0  misc.o(.text)
    .text                                    0x0800179c   Section        0  stm32f10x_gpio.o(.text)
    .text                                    0x08001af4   Section        0  stm32f10x_rcc.o(.text)
    .text                                    0x08001e98   Section        0  stm32f10x_tim.o(.text)
    TI4_Config                               0x0800233f   Thumb Code   130  stm32f10x_tim.o(.text)
    TI3_Config                               0x080023d3   Thumb Code   122  stm32f10x_tim.o(.text)
    TI2_Config                               0x08002467   Thumb Code   130  stm32f10x_tim.o(.text)
    TI1_Config                               0x080024fb   Thumb Code   108  stm32f10x_tim.o(.text)
    .text                                    0x08002cb4   Section        0  stm32f10x_usart.o(.text)
    .text                                    0x080030bc   Section        0  stm32f10x_can.o(.text)
    CheckITStatus                            0x080038bf   Thumb Code    16  stm32f10x_can.o(.text)
    .text                                    0x08003aa8   Section        0  stm32f10x_iwdg.o(.text)
    .text                                    0x08003ae8   Section        2  use_no_semi_2.o(.text)
    .text                                    0x08003aec   Section        0  noretval__2printf.o(.text)
    .text                                    0x08003b04   Section        0  heapauxi.o(.text)
    .text                                    0x08003b0a   Section        2  use_no_semi.o(.text)
    .text                                    0x08003b0c   Section        0  _rserrno.o(.text)
    .text                                    0x08003b24   Section        0  _printf_char_file.o(.text)
    .text                                    0x08003b48   Section        8  rt_errno_addr_intlibspace.o(.text)
    .text                                    0x08003b50   Section        0  _printf_char_common.o(.text)
    _printf_input_char                       0x08003b51   Thumb Code    10  _printf_char_common.o(.text)
    .text                                    0x08003b80   Section        0  ferror.o(.text)
    .text                                    0x08003b88   Section        8  libspace.o(.text)
    .text                                    0x08003b90   Section       74  sys_stackheap_outer.o(.text)
    .text                                    0x08003bda   Section        0  __printf_nopercent.o(.text)
    .text                                    0x08003c00   Section        0  exit.o(.text)
    i.__ARM_fpclassifyf                      0x08003c0c   Section        0  fpclassifyf.o(i.__ARM_fpclassifyf)
    i.__mathlib_flt_underflow                0x08003c32   Section        0  funder.o(i.__mathlib_flt_underflow)
    i.__mathlib_rredf2                       0x08003c3c   Section        0  rredf.o(i.__mathlib_rredf2)
    i.sinf                                   0x08003d94   Section        0  sinf.o(i.sinf)
    x$fpl$fadd                               0x08003f20   Section      196  faddsub_clz.o(x$fpl$fadd)
    _fadd1                                   0x08003f2f   Thumb Code     0  faddsub_clz.o(x$fpl$fadd)
    x$fpl$fcheck1                            0x08003fe4   Section       12  fcheck1.o(x$fpl$fcheck1)
    x$fpl$fdiv                               0x08003ff0   Section      388  fdiv.o(x$fpl$fdiv)
    _fdiv1                                   0x08003ff1   Thumb Code     0  fdiv.o(x$fpl$fdiv)
    x$fpl$ffix                               0x08004174   Section       54  ffix.o(x$fpl$ffix)
    x$fpl$ffixu                              0x080041ac   Section       62  ffixu.o(x$fpl$ffixu)
    x$fpl$fflt                               0x080041ec   Section       48  fflt_clz.o(x$fpl$fflt)
    x$fpl$ffltu                              0x0800421c   Section       38  fflt_clz.o(x$fpl$ffltu)
    x$fpl$fmul                               0x08004244   Section      258  fmul.o(x$fpl$fmul)
    x$fpl$fnaninf                            0x08004346   Section      140  fnaninf.o(x$fpl$fnaninf)
    x$fpl$fretinf                            0x080043d2   Section       10  fretinf.o(x$fpl$fretinf)
    x$fpl$frnd                               0x080043dc   Section       96  frnd.o(x$fpl$frnd)
    x$fpl$frsb                               0x0800443c   Section       20  faddsub_clz.o(x$fpl$frsb)
    x$fpl$fsub                               0x08004450   Section      234  faddsub_clz.o(x$fpl$fsub)
    _fsub1                                   0x0800445f   Thumb Code     0  faddsub_clz.o(x$fpl$fsub)
    x$fpl$retnan                             0x0800453a   Section      100  retnan.o(x$fpl$retnan)
    x$fpl$scalbnf                            0x0800459e   Section       76  scalbnf.o(x$fpl$scalbnf)
    x$fpl$trapveneer                         0x080045ea   Section       48  trapv.o(x$fpl$trapveneer)
    x$fpl$usenofp                            0x0800461a   Section        0  usenofp.o(x$fpl$usenofp)
    .constdata                               0x0800461c   Section       20  cancom.o(.constdata)
    .constdata                               0x08004630   Section       32  rredf.o(.constdata)
    twooverpi                                0x08004630   Data          32  rredf.o(.constdata)
    .data                                    0x20000000   Section       20  system_stm32f10x.o(.data)
    .data                                    0x20000014   Section       13  led.o(.data)
    t                                        0x20000014   Data           2  led.o(.data)
    LED_PWM_count                            0x20000018   Data           4  led.o(.data)
    .data                                    0x20000024   Section       40  tim.o(.data)
    .data                                    0x2000004c   Section        9  uart1.o(.data)
    .data                                    0x20000058   Section       14  main.o(.data)
    keysBuffPre                              0x20000062   Data           2  main.o(.data)
    tDiv                                     0x20000064   Data           1  main.o(.data)
    logDiv                                   0x20000065   Data           1  main.o(.data)
    .data                                    0x20000068   Section       12  stm32f10x_it.o(.data)
    usTicks                                  0x2000006c   Data           4  stm32f10x_it.o(.data)
    .data                                    0x20000074   Section        2  cancom.o(.data)
    msgCnt                                   0x20000074   Data           1  cancom.o(.data)
    .data                                    0x20000078   Section      231  keyboard.o(.data)
    isSetup                                  0x20000156   Data           1  keyboard.o(.data)
    encNumPre                                0x20000158   Data           2  keyboard.o(.data)
    .data                                    0x2000015f   Section       20  stm32f10x_rcc.o(.data)
    APBAHBPrescTable                         0x2000015f   Data          16  stm32f10x_rcc.o(.data)
    ADCPrescTable                            0x2000016f   Data           4  stm32f10x_rcc.o(.data)
    .bss                                     0x20000174   Section      312  uart1.o(.bss)
    .bss                                     0x200002ac   Section       40  cancom.o(.bss)
    .bss                                     0x200002d4   Section       11  keyboard.o(.bss)
    ks                                       0x200002d4   Data          11  keyboard.o(.bss)
    .bss                                     0x200002e0   Section       96  libspace.o(.bss)
    HEAP                                     0x20000340   Section      512  startup_stm32f10x_md.o(HEAP)
    Heap_Mem                                 0x20000340   Data         512  startup_stm32f10x_md.o(HEAP)
    STACK                                    0x20000540   Section     1024  startup_stm32f10x_md.o(STACK)
    Stack_Mem                                0x20000540   Data        1024  startup_stm32f10x_md.o(STACK)
    __initial_sp                             0x20000940   Data           0  startup_stm32f10x_md.o(STACK)

    Global Symbols

    Symbol Name                              Value     Ov Type        Size  Object(Section)

    BuildAttributes$$THM_ISAv4$P$D$K$B$S$PE$A:L22UL41UL21$X:L11$S22US41US21$IEEE1$IW$USESV6$~STKCKD$USESV7$~SHL$OTIME$ROPI$IEEEX$EBA8$UX$STANDARDLIB$REQ8$PRES8$EABIv2 0x00000000   Number         0  anon$$obj.o ABSOLUTE
    __ARM_use_no_argv                        0x00000000   Number         0  main.o ABSOLUTE
    __ARM_exceptions_init                     - Undefined Weak Reference
    __alloca_initialize                       - Undefined Weak Reference
    __cpp_initialize__aeabi_                  - Undefined Weak Reference
    __cxa_finalize                            - Undefined Weak Reference
    __rt_locale                               - Undefined Weak Reference
    __sigvec_lookup                           - Undefined Weak Reference
    _atexit_init                              - Undefined Weak Reference
    _call_atexit_fns                          - Undefined Weak Reference
    _clock_init                               - Undefined Weak Reference
    _fp_trap_init                             - Undefined Weak Reference
    _fp_trap_shutdown                         - Undefined Weak Reference
    _get_lc_collate                           - Undefined Weak Reference
    _get_lc_ctype                             - Undefined Weak Reference
    _get_lc_monetary                          - Undefined Weak Reference
    _get_lc_numeric                           - Undefined Weak Reference
    _get_lc_time                              - Undefined Weak Reference
    _getenv_init                              - Undefined Weak Reference
    _handle_redirection                       - Undefined Weak Reference
    _init_alloc                               - Undefined Weak Reference
    _init_user_alloc                          - Undefined Weak Reference
    _initio                                   - Undefined Weak Reference
    _mutex_acquire                            - Undefined Weak Reference
    _mutex_release                            - Undefined Weak Reference
    _rand_init                                - Undefined Weak Reference
    _signal_finish                            - Undefined Weak Reference
    _signal_init                              - Undefined Weak Reference
    _terminate_alloc                          - Undefined Weak Reference
    _terminate_user_alloc                     - Undefined Weak Reference
    _terminateio                              - Undefined Weak Reference
    __Vectors_Size                           0x000000ec   Number         0  startup_stm32f10x_md.o ABSOLUTE
    __Vectors                                0x08000000   Data           4  startup_stm32f10x_md.o(RESET)
    __Vectors_End                            0x080000ec   Data           0  startup_stm32f10x_md.o(RESET)
    __main                                   0x080000ed   Thumb Code     8  __main.o(!!!main)
    __scatterload                            0x080000f5   Thumb Code     0  __scatter.o(!!!scatter)
    __scatterload_rt2                        0x080000f5   Thumb Code    44  __scatter.o(!!!scatter)
    __scatterload_rt2_thumb_only             0x080000f5   Thumb Code     0  __scatter.o(!!!scatter)
    __scatterload_null                       0x08000103   Thumb Code     0  __scatter.o(!!!scatter)
    __decompress                             0x08000129   Thumb Code    90  __dczerorl2.o(!!dczerorl2)
    __decompress1                            0x08000129   Thumb Code     0  __dczerorl2.o(!!dczerorl2)
    __scatterload_zeroinit                   0x08000185   Thumb Code    28  __scatter_zi.o(!!handler_zi)
    __rt_lib_init                            0x080001a1   Thumb Code     0  libinit.o(.ARM.Collect$$libinit$$00000000)
    __rt_lib_init_alloca_1                   0x080001a3   Thumb Code     0  libinit2.o(.ARM.Collect$$libinit$$0000002C)
    __rt_lib_init_argv_1                     0x080001a3   Thumb Code     0  libinit2.o(.ARM.Collect$$libinit$$0000002A)
    __rt_lib_init_atexit_1                   0x080001a3   Thumb Code     0  libinit2.o(.ARM.Collect$$libinit$$00000019)
    __rt_lib_init_clock_1                    0x080001a3   Thumb Code     0  libinit2.o(.ARM.Collect$$libinit$$0000001F)
    __rt_lib_init_cpp_1                      0x080001a3   Thumb Code     0  libinit2.o(.ARM.Collect$$libinit$$00000030)
    __rt_lib_init_exceptions_1               0x080001a3   Thumb Code     0  libinit2.o(.ARM.Collect$$libinit$$0000002E)
    __rt_lib_init_fp_1                       0x080001a3   Thumb Code     0  libinit2.o(.ARM.Collect$$libinit$$00000002)
    __rt_lib_init_fp_trap_1                  0x080001a3   Thumb Code     0  libinit2.o(.ARM.Collect$$libinit$$0000001D)
    __rt_lib_init_getenv_1                   0x080001a3   Thumb Code     0  libinit2.o(.ARM.Collect$$libinit$$00000021)
    __rt_lib_init_heap_1                     0x080001a3   Thumb Code     0  libinit2.o(.ARM.Collect$$libinit$$00000008)
    __rt_lib_init_lc_collate_1               0x080001a3   Thumb Code     0  libinit2.o(.ARM.Collect$$libinit$$0000000F)
    __rt_lib_init_lc_ctype_1                 0x080001a3   Thumb Code     0  libinit2.o(.ARM.Collect$$libinit$$00000011)
    __rt_lib_init_lc_monetary_1              0x080001a3   Thumb Code     0  libinit2.o(.ARM.Collect$$libinit$$00000013)
    __rt_lib_init_lc_numeric_1               0x080001a3   Thumb Code     0  libinit2.o(.ARM.Collect$$libinit$$00000015)
    __rt_lib_init_lc_time_1                  0x080001a3   Thumb Code     0  libinit2.o(.ARM.Collect$$libinit$$00000017)
    __rt_lib_init_rand_1                     0x080001a3   Thumb Code     0  libinit2.o(.ARM.Collect$$libinit$$0000000C)
    __rt_lib_init_return                     0x080001a3   Thumb Code     0  libinit2.o(.ARM.Collect$$libinit$$00000031)
    __rt_lib_init_signal_1                   0x080001a3   Thumb Code     0  libinit2.o(.ARM.Collect$$libinit$$0000001B)
    __rt_lib_init_stdio_1                    0x080001a3   Thumb Code     0  libinit2.o(.ARM.Collect$$libinit$$00000023)
    __rt_lib_init_user_alloc_1               0x080001a3   Thumb Code     0  libinit2.o(.ARM.Collect$$libinit$$0000000A)
    __rt_lib_shutdown                        0x080001a5   Thumb Code     0  libshutdown.o(.ARM.Collect$$libshutdown$$00000000)
    __rt_lib_shutdown_fp_trap_1              0x080001a7   Thumb Code     0  libshutdown2.o(.ARM.Collect$$libshutdown$$00000006)
    __rt_lib_shutdown_heap_1                 0x080001a7   Thumb Code     0  libshutdown2.o(.ARM.Collect$$libshutdown$$0000000E)
    __rt_lib_shutdown_return                 0x080001a7   Thumb Code     0  libshutdown2.o(.ARM.Collect$$libshutdown$$0000000F)
    __rt_lib_shutdown_signal_1               0x080001a7   Thumb Code     0  libshutdown2.o(.ARM.Collect$$libshutdown$$00000009)
    __rt_lib_shutdown_stdio_1                0x080001a7   Thumb Code     0  libshutdown2.o(.ARM.Collect$$libshutdown$$00000003)
    __rt_lib_shutdown_user_alloc_1           0x080001a7   Thumb Code     0  libshutdown2.o(.ARM.Collect$$libshutdown$$0000000B)
    __rt_entry                               0x080001a9   Thumb Code     0  rtentry.o(.ARM.Collect$$rtentry$$00000000)
    __rt_entry_presh_1                       0x080001a9   Thumb Code     0  rtentry2.o(.ARM.Collect$$rtentry$$00000002)
    __rt_entry_sh                            0x080001a9   Thumb Code     0  rtentry4.o(.ARM.Collect$$rtentry$$00000004)
    __rt_entry_li                            0x080001af   Thumb Code     0  rtentry2.o(.ARM.Collect$$rtentry$$0000000A)
    __rt_entry_postsh_1                      0x080001af   Thumb Code     0  rtentry2.o(.ARM.Collect$$rtentry$$00000009)
    __rt_entry_main                          0x080001b3   Thumb Code     0  rtentry2.o(.ARM.Collect$$rtentry$$0000000D)
    __rt_entry_postli_1                      0x080001b3   Thumb Code     0  rtentry2.o(.ARM.Collect$$rtentry$$0000000C)
    __rt_exit                                0x080001bb   Thumb Code     0  rtexit.o(.ARM.Collect$$rtexit$$00000000)
    __rt_exit_ls                             0x080001bd   Thumb Code     0  rtexit2.o(.ARM.Collect$$rtexit$$00000003)
    __rt_exit_prels_1                        0x080001bd   Thumb Code     0  rtexit2.o(.ARM.Collect$$rtexit$$00000002)
    __rt_exit_exit                           0x080001c1   Thumb Code     0  rtexit2.o(.ARM.Collect$$rtexit$$00000004)
    SystemInit                               0x0800029d   Thumb Code    78  system_stm32f10x.o(.text)
    SystemCoreClockUpdate                    0x080002eb   Thumb Code   142  system_stm32f10x.o(.text)
    Reset_Handler                            0x0800039d   Thumb Code     8  startup_stm32f10x_md.o(.text)
    ADC1_2_IRQHandler                        0x080003b7   Thumb Code     0  startup_stm32f10x_md.o(.text)
    CAN1_RX1_IRQHandler                      0x080003b7   Thumb Code     0  startup_stm32f10x_md.o(.text)
    CAN1_SCE_IRQHandler                      0x080003b7   Thumb Code     0  startup_stm32f10x_md.o(.text)
    DMA1_Channel1_IRQHandler                 0x080003b7   Thumb Code     0  startup_stm32f10x_md.o(.text)
    DMA1_Channel2_IRQHandler                 0x080003b7   Thumb Code     0  startup_stm32f10x_md.o(.text)
    DMA1_Channel3_IRQHandler                 0x080003b7   Thumb Code     0  startup_stm32f10x_md.o(.text)
    DMA1_Channel4_IRQHandler                 0x080003b7   Thumb Code     0  startup_stm32f10x_md.o(.text)
    DMA1_Channel5_IRQHandler                 0x080003b7   Thumb Code     0  startup_stm32f10x_md.o(.text)
    DMA1_Channel6_IRQHandler                 0x080003b7   Thumb Code     0  startup_stm32f10x_md.o(.text)
    DMA1_Channel7_IRQHandler                 0x080003b7   Thumb Code     0  startup_stm32f10x_md.o(.text)
    EXTI0_IRQHandler                         0x080003b7   Thumb Code     0  startup_stm32f10x_md.o(.text)
    EXTI15_10_IRQHandler                     0x080003b7   Thumb Code     0  startup_stm32f10x_md.o(.text)
    EXTI1_IRQHandler                         0x080003b7   Thumb Code     0  startup_stm32f10x_md.o(.text)
    EXTI2_IRQHandler                         0x080003b7   Thumb Code     0  startup_stm32f10x_md.o(.text)
    EXTI3_IRQHandler                         0x080003b7   Thumb Code     0  startup_stm32f10x_md.o(.text)
    EXTI4_IRQHandler                         0x080003b7   Thumb Code     0  startup_stm32f10x_md.o(.text)
    EXTI9_5_IRQHandler                       0x080003b7   Thumb Code     0  startup_stm32f10x_md.o(.text)
    FLASH_IRQHandler                         0x080003b7   Thumb Code     0  startup_stm32f10x_md.o(.text)
    I2C1_ER_IRQHandler                       0x080003b7   Thumb Code     0  startup_stm32f10x_md.o(.text)
    I2C1_EV_IRQHandler                       0x080003b7   Thumb Code     0  startup_stm32f10x_md.o(.text)
    I2C2_ER_IRQHandler                       0x080003b7   Thumb Code     0  startup_stm32f10x_md.o(.text)
    I2C2_EV_IRQHandler                       0x080003b7   Thumb Code     0  startup_stm32f10x_md.o(.text)
    PVD_IRQHandler                           0x080003b7   Thumb Code     0  startup_stm32f10x_md.o(.text)
    RCC_IRQHandler                           0x080003b7   Thumb Code     0  startup_stm32f10x_md.o(.text)
    RTCAlarm_IRQHandler                      0x080003b7   Thumb Code     0  startup_stm32f10x_md.o(.text)
    RTC_IRQHandler                           0x080003b7   Thumb Code     0  startup_stm32f10x_md.o(.text)
    SPI1_IRQHandler                          0x080003b7   Thumb Code     0  startup_stm32f10x_md.o(.text)
    SPI2_IRQHandler                          0x080003b7   Thumb Code     0  startup_stm32f10x_md.o(.text)
    TAMPER_IRQHandler                        0x080003b7   Thumb Code     0  startup_stm32f10x_md.o(.text)
    TIM1_BRK_IRQHandler                      0x080003b7   Thumb Code     0  startup_stm32f10x_md.o(.text)
    TIM1_CC_IRQHandler                       0x080003b7   Thumb Code     0  startup_stm32f10x_md.o(.text)
    TIM1_TRG_COM_IRQHandler                  0x080003b7   Thumb Code     0  startup_stm32f10x_md.o(.text)
    TIM1_UP_IRQHandler                       0x080003b7   Thumb Code     0  startup_stm32f10x_md.o(.text)
    TIM2_IRQHandler                          0x080003b7   Thumb Code     0  startup_stm32f10x_md.o(.text)
    USART3_IRQHandler                        0x080003b7   Thumb Code     0  startup_stm32f10x_md.o(.text)
    USBWakeUp_IRQHandler                     0x080003b7   Thumb Code     0  startup_stm32f10x_md.o(.text)
    USB_HP_CAN1_TX_IRQHandler                0x080003b7   Thumb Code     0  startup_stm32f10x_md.o(.text)
    WWDG_IRQHandler                          0x080003b7   Thumb Code     0  startup_stm32f10x_md.o(.text)
    __user_initial_stackheap                 0x080003b9   Thumb Code     0  startup_stm32f10x_md.o(.text)
    LEDBreathInit                            0x080003dd   Thumb Code   196  led.o(.text)
    LEDBreathUpdate                          0x080004a1   Thumb Code    96  led.o(.text)
    LedInit                                  0x08000501   Thumb Code    60  led.o(.text)
    LEDReflash                               0x0800053d   Thumb Code   100  led.o(.text)
    LEDFSM                                   0x080005a1   Thumb Code   216  led.o(.text)
    TIM4_IRQHandler                          0x080006a5   Thumb Code   192  tim.o(.text)
    TIM4_Init                                0x08000765   Thumb Code    80  tim.o(.text)
    TIM3_Init                                0x080007b5   Thumb Code    86  tim.o(.text)
    TimerNVIC_Configuration                  0x0800080b   Thumb Code    68  tim.o(.text)
    _sys_exit                                0x0800089d   Thumb Code     6  uart1.o(.text)
    fputc                                    0x080008a3   Thumb Code    22  uart1.o(.text)
    UART1NVIC_Configuration                  0x080008b9   Thumb Code    32  uart1.o(.text)
    UART1_init                               0x080008d9   Thumb Code   236  uart1.o(.text)
    UART1_Put_Char                           0x080009c5   Thumb Code    22  uart1.o(.text)
    Uart1_Put_Char                           0x080009db   Thumb Code    22  uart1.o(.text)
    UartBuf_RD                               0x080009f1   Thumb Code    20  uart1.o(.text)
    UartBuf_WD                               0x08000a05   Thumb Code    18  uart1.o(.text)
    UartBuf_Cnt                              0x08000a17   Thumb Code    14  uart1.o(.text)
    UartBufClear                             0x08000a25   Thumb Code     6  uart1.o(.text)
    UartSendBuffer                           0x08000a2b   Thumb Code    26  uart1.o(.text)
    USART1_IRQHandler                        0x08000a45   Thumb Code    76  uart1.o(.text)
    UART2NVIC_Configuration                  0x08000a91   Thumb Code    32  uart1.o(.text)
    UART2_init                               0x08000ab1   Thumb Code   134  uart1.o(.text)
    USART2_IRQHandler                        0x08000b37   Thumb Code    86  uart1.o(.text)
    Uart2PutChar                             0x08000b8d   Thumb Code    28  uart1.o(.text)
    Uart2PutInt32                            0x08000ba9   Thumb Code    28  uart1.o(.text)
    Uart2SendBuffer                          0x08000bc5   Thumb Code    42  uart1.o(.text)
    IWDG_Configuration                       0x08000c25   Thumb Code    34  main.o(.text)
    NVIC_Configuration                       0x08000c47   Thumb Code    40  main.o(.text)
    main                                     0x08000c6f   Thumb Code   304  main.o(.text)
    TIM3_IRQHandler                          0x08000d9f   Thumb Code    68  main.o(.text)
    NMI_Handler                              0x08000e19   Thumb Code     2  stm32f10x_it.o(.text)
    HardFault_Handler                        0x08000e1b   Thumb Code     4  stm32f10x_it.o(.text)
    MemManage_Handler                        0x08000e1f   Thumb Code     4  stm32f10x_it.o(.text)
    BusFault_Handler                         0x08000e23   Thumb Code     4  stm32f10x_it.o(.text)
    UsageFault_Handler                       0x08000e27   Thumb Code     4  stm32f10x_it.o(.text)
    SVC_Handler                              0x08000e2b   Thumb Code     2  stm32f10x_it.o(.text)
    DebugMon_Handler                         0x08000e2d   Thumb Code     2  stm32f10x_it.o(.text)
    PendSV_Handler                           0x08000e2f   Thumb Code     2  stm32f10x_it.o(.text)
    cycleCounterInit                         0x08000e31   Thumb Code    26  stm32f10x_it.o(.text)
    SysTick_Handler                          0x08000e4b   Thumb Code    12  stm32f10x_it.o(.text)
    micros                                   0x08000e57   Thumb Code    58  stm32f10x_it.o(.text)
    DelayMs                                  0x08000e91   Thumb Code    34  stm32f10x_it.o(.text)
    millis                                   0x08000eb3   Thumb Code     6  stm32f10x_it.o(.text)
    Keys2candata                             0x08000ec5   Thumb Code   184  cancom.o(.text)
    CheckValidRecID                          0x08000f7d   Thumb Code    32  cancom.o(.text)
    USB_LP_CAN1_RX0_IRQHandler               0x08000f9d   Thumb Code    38  cancom.o(.text)
    CANInit                                  0x08000fc3   Thumb Code   230  cancom.o(.text)
    CANChipSet                               0x080010a9   Thumb Code    30  cancom.o(.text)
    CAN_Polling                              0x080010c7   Thumb Code   320  cancom.o(.text)
    CAN_Interrupt                            0x08001207   Thumb Code   284  cancom.o(.text)
    KeyAndLEDInit                            0x0800132d   Thumb Code   126  keyboard.o(.text)
    KeyScan                                  0x080013ab   Thumb Code   244  keyboard.o(.text)
    LEDUpdate                                0x0800149f   Thumb Code   250  keyboard.o(.text)
    EncoderInit                              0x08001599   Thumb Code   142  keyboard.o(.text)
    EncoderRead                              0x08001627   Thumb Code   118  keyboard.o(.text)
    NVIC_PriorityGroupConfig                 0x080016c1   Thumb Code    10  misc.o(.text)
    NVIC_Init                                0x080016cb   Thumb Code   102  misc.o(.text)
    NVIC_SetVectorTable                      0x08001731   Thumb Code    14  misc.o(.text)
    NVIC_SystemLPConfig                      0x0800173f   Thumb Code    34  misc.o(.text)
    SysTick_CLKSourceConfig                  0x08001761   Thumb Code    40  misc.o(.text)
    GPIO_DeInit                              0x0800179d   Thumb Code   172  stm32f10x_gpio.o(.text)
    GPIO_AFIODeInit                          0x08001849   Thumb Code    20  stm32f10x_gpio.o(.text)
    GPIO_Init                                0x0800185d   Thumb Code   274  stm32f10x_gpio.o(.text)
    GPIO_StructInit                          0x0800196f   Thumb Code    16  stm32f10x_gpio.o(.text)
    GPIO_ReadInputDataBit                    0x0800197f   Thumb Code    18  stm32f10x_gpio.o(.text)
    GPIO_ReadInputData                       0x08001991   Thumb Code     8  stm32f10x_gpio.o(.text)
    GPIO_ReadOutputDataBit                   0x08001999   Thumb Code    18  stm32f10x_gpio.o(.text)
    GPIO_ReadOutputData                      0x080019ab   Thumb Code     8  stm32f10x_gpio.o(.text)
    GPIO_SetBits                             0x080019b3   Thumb Code     4  stm32f10x_gpio.o(.text)
    GPIO_ResetBits                           0x080019b7   Thumb Code     4  stm32f10x_gpio.o(.text)
    GPIO_WriteBit                            0x080019bb   Thumb Code    10  stm32f10x_gpio.o(.text)
    GPIO_Write                               0x080019c5   Thumb Code     4  stm32f10x_gpio.o(.text)
    GPIO_PinLockConfig                       0x080019c9   Thumb Code    18  stm32f10x_gpio.o(.text)
    GPIO_EventOutputConfig                   0x080019db   Thumb Code    26  stm32f10x_gpio.o(.text)
    GPIO_EventOutputCmd                      0x080019f5   Thumb Code     6  stm32f10x_gpio.o(.text)
    GPIO_PinRemapConfig                      0x080019fb   Thumb Code   138  stm32f10x_gpio.o(.text)
    GPIO_EXTILineConfig                      0x08001a85   Thumb Code    66  stm32f10x_gpio.o(.text)
    GPIO_ETH_MediaInterfaceConfig            0x08001ac7   Thumb Code     6  stm32f10x_gpio.o(.text)
    RCC_DeInit                               0x08001af5   Thumb Code    64  stm32f10x_rcc.o(.text)
    RCC_HSEConfig                            0x08001b35   Thumb Code    70  stm32f10x_rcc.o(.text)
    RCC_GetFlagStatus                        0x08001b7b   Thumb Code    56  stm32f10x_rcc.o(.text)
    RCC_WaitForHSEStartUp                    0x08001bb3   Thumb Code    56  stm32f10x_rcc.o(.text)
    RCC_AdjustHSICalibrationValue            0x08001beb   Thumb Code    20  stm32f10x_rcc.o(.text)
    RCC_HSICmd                               0x08001bff   Thumb Code     6  stm32f10x_rcc.o(.text)
    RCC_PLLConfig                            0x08001c05   Thumb Code    24  stm32f10x_rcc.o(.text)
    RCC_PLLCmd                               0x08001c1d   Thumb Code     6  stm32f10x_rcc.o(.text)
    RCC_SYSCLKConfig                         0x08001c23   Thumb Code    18  stm32f10x_rcc.o(.text)
    RCC_GetSYSCLKSource                      0x08001c35   Thumb Code    10  stm32f10x_rcc.o(.text)
    RCC_HCLKConfig                           0x08001c3f   Thumb Code    18  stm32f10x_rcc.o(.text)
    RCC_PCLK1Config                          0x08001c51   Thumb Code    18  stm32f10x_rcc.o(.text)
    RCC_PCLK2Config                          0x08001c63   Thumb Code    20  stm32f10x_rcc.o(.text)
    RCC_ITConfig                             0x08001c77   Thumb Code    26  stm32f10x_rcc.o(.text)
    RCC_USBCLKConfig                         0x08001c91   Thumb Code     6  stm32f10x_rcc.o(.text)
    RCC_ADCCLKConfig                         0x08001c97   Thumb Code    18  stm32f10x_rcc.o(.text)
    RCC_LSEConfig                            0x08001ca9   Thumb Code    44  stm32f10x_rcc.o(.text)
    RCC_LSICmd                               0x08001cd5   Thumb Code     6  stm32f10x_rcc.o(.text)
    RCC_RTCCLKConfig                         0x08001cdb   Thumb Code    12  stm32f10x_rcc.o(.text)
    RCC_RTCCLKCmd                            0x08001ce7   Thumb Code     8  stm32f10x_rcc.o(.text)
    RCC_GetClocksFreq                        0x08001cef   Thumb Code   192  stm32f10x_rcc.o(.text)
    RCC_AHBPeriphClockCmd                    0x08001daf   Thumb Code    26  stm32f10x_rcc.o(.text)
    RCC_APB2PeriphClockCmd                   0x08001dc9   Thumb Code    26  stm32f10x_rcc.o(.text)
    RCC_APB1PeriphClockCmd                   0x08001de3   Thumb Code    26  stm32f10x_rcc.o(.text)
    RCC_APB2PeriphResetCmd                   0x08001dfd   Thumb Code    26  stm32f10x_rcc.o(.text)
    RCC_APB1PeriphResetCmd                   0x08001e17   Thumb Code    26  stm32f10x_rcc.o(.text)
    RCC_BackupResetCmd                       0x08001e31   Thumb Code     8  stm32f10x_rcc.o(.text)
    RCC_ClockSecuritySystemCmd               0x08001e39   Thumb Code     6  stm32f10x_rcc.o(.text)
    RCC_MCOConfig                            0x08001e3f   Thumb Code     6  stm32f10x_rcc.o(.text)
    RCC_ClearFlag                            0x08001e45   Thumb Code    14  stm32f10x_rcc.o(.text)
    RCC_GetITStatus                          0x08001e53   Thumb Code    20  stm32f10x_rcc.o(.text)
    RCC_ClearITPendingBit                    0x08001e67   Thumb Code     6  stm32f10x_rcc.o(.text)
    TIM_DeInit                               0x08001e99   Thumb Code   424  stm32f10x_tim.o(.text)
    TIM_TimeBaseInit                         0x08002041   Thumb Code   122  stm32f10x_tim.o(.text)
    TIM_OC1Init                              0x080020bb   Thumb Code   132  stm32f10x_tim.o(.text)
    TIM_OC2Init                              0x0800213f   Thumb Code   154  stm32f10x_tim.o(.text)
    TIM_OC3Init                              0x080021d9   Thumb Code   150  stm32f10x_tim.o(.text)
    TIM_OC4Init                              0x0800226f   Thumb Code   182  stm32f10x_tim.o(.text)
    TIM_SetIC4Prescaler                      0x08002325   Thumb Code    26  stm32f10x_tim.o(.text)
    TIM_SetIC3Prescaler                      0x080023c1   Thumb Code    18  stm32f10x_tim.o(.text)
    TIM_SetIC2Prescaler                      0x0800244d   Thumb Code    26  stm32f10x_tim.o(.text)
    TIM_SetIC1Prescaler                      0x080024e9   Thumb Code    18  stm32f10x_tim.o(.text)
    TIM_ICInit                               0x08002567   Thumb Code   150  stm32f10x_tim.o(.text)
    TIM_PWMIConfig                           0x080025fd   Thumb Code   124  stm32f10x_tim.o(.text)
    TIM_BDTRConfig                           0x08002679   Thumb Code    32  stm32f10x_tim.o(.text)
    TIM_TimeBaseStructInit                   0x08002699   Thumb Code    18  stm32f10x_tim.o(.text)
    TIM_OCStructInit                         0x080026ab   Thumb Code    20  stm32f10x_tim.o(.text)
    TIM_ICStructInit                         0x080026bf   Thumb Code    18  stm32f10x_tim.o(.text)
    TIM_BDTRStructInit                       0x080026d1   Thumb Code    40  stm32f10x_tim.o(.text)
    TIM_Cmd                                  0x080026f9   Thumb Code    24  stm32f10x_tim.o(.text)
    TIM_CtrlPWMOutputs                       0x08002711   Thumb Code    30  stm32f10x_tim.o(.text)
    TIM_ITConfig                             0x0800272f   Thumb Code    18  stm32f10x_tim.o(.text)
    TIM_GenerateEvent                        0x08002741   Thumb Code     4  stm32f10x_tim.o(.text)
    TIM_DMAConfig                            0x08002745   Thumb Code    10  stm32f10x_tim.o(.text)
    TIM_DMACmd                               0x0800274f   Thumb Code    18  stm32f10x_tim.o(.text)
    TIM_InternalClockConfig                  0x08002761   Thumb Code    12  stm32f10x_tim.o(.text)
    TIM_SelectInputTrigger                   0x0800276d   Thumb Code    18  stm32f10x_tim.o(.text)
    TIM_ITRxExternalClockConfig              0x0800277f   Thumb Code    24  stm32f10x_tim.o(.text)
    TIM_TIxExternalClockConfig               0x08002797   Thumb Code    62  stm32f10x_tim.o(.text)
    TIM_ETRConfig                            0x080027d5   Thumb Code    28  stm32f10x_tim.o(.text)
    TIM_ETRClockMode1Config                  0x080027f1   Thumb Code    54  stm32f10x_tim.o(.text)
    TIM_ETRClockMode2Config                  0x08002827   Thumb Code    32  stm32f10x_tim.o(.text)
    TIM_PrescalerConfig                      0x08002847   Thumb Code     6  stm32f10x_tim.o(.text)
    TIM_CounterModeConfig                    0x0800284d   Thumb Code    18  stm32f10x_tim.o(.text)
    TIM_EncoderInterfaceConfig               0x0800285f   Thumb Code    66  stm32f10x_tim.o(.text)
    TIM_ForcedOC1Config                      0x080028a1   Thumb Code    18  stm32f10x_tim.o(.text)
    TIM_ForcedOC2Config                      0x080028b3   Thumb Code    26  stm32f10x_tim.o(.text)
    TIM_ForcedOC3Config                      0x080028cd   Thumb Code    18  stm32f10x_tim.o(.text)
    TIM_ForcedOC4Config                      0x080028df   Thumb Code    26  stm32f10x_tim.o(.text)
    TIM_ARRPreloadConfig                     0x080028f9   Thumb Code    24  stm32f10x_tim.o(.text)
    TIM_SelectCOM                            0x08002911   Thumb Code    24  stm32f10x_tim.o(.text)
    TIM_SelectCCDMA                          0x08002929   Thumb Code    24  stm32f10x_tim.o(.text)
    TIM_CCPreloadControl                     0x08002941   Thumb Code    24  stm32f10x_tim.o(.text)
    TIM_OC1PreloadConfig                     0x08002959   Thumb Code    18  stm32f10x_tim.o(.text)
    TIM_OC2PreloadConfig                     0x0800296b   Thumb Code    26  stm32f10x_tim.o(.text)
    TIM_OC3PreloadConfig                     0x08002985   Thumb Code    18  stm32f10x_tim.o(.text)
    TIM_OC4PreloadConfig                     0x08002997   Thumb Code    26  stm32f10x_tim.o(.text)
    TIM_OC1FastConfig                        0x080029b1   Thumb Code    18  stm32f10x_tim.o(.text)
    TIM_OC2FastConfig                        0x080029c3   Thumb Code    26  stm32f10x_tim.o(.text)
    TIM_OC3FastConfig                        0x080029dd   Thumb Code    18  stm32f10x_tim.o(.text)
    TIM_OC4FastConfig                        0x080029ef   Thumb Code    26  stm32f10x_tim.o(.text)
    TIM_ClearOC1Ref                          0x08002a09   Thumb Code    18  stm32f10x_tim.o(.text)
    TIM_ClearOC2Ref                          0x08002a1b   Thumb Code    24  stm32f10x_tim.o(.text)
    TIM_ClearOC3Ref                          0x08002a33   Thumb Code    18  stm32f10x_tim.o(.text)
    TIM_ClearOC4Ref                          0x08002a45   Thumb Code    24  stm32f10x_tim.o(.text)
    TIM_OC1PolarityConfig                    0x08002a5d   Thumb Code    18  stm32f10x_tim.o(.text)
    TIM_OC1NPolarityConfig                   0x08002a6f   Thumb Code    18  stm32f10x_tim.o(.text)
    TIM_OC2PolarityConfig                    0x08002a81   Thumb Code    26  stm32f10x_tim.o(.text)
    TIM_OC2NPolarityConfig                   0x08002a9b   Thumb Code    26  stm32f10x_tim.o(.text)
    TIM_OC3PolarityConfig                    0x08002ab5   Thumb Code    26  stm32f10x_tim.o(.text)
    TIM_OC3NPolarityConfig                   0x08002acf   Thumb Code    26  stm32f10x_tim.o(.text)
    TIM_OC4PolarityConfig                    0x08002ae9   Thumb Code    26  stm32f10x_tim.o(.text)
    TIM_CCxCmd                               0x08002b03   Thumb Code    30  stm32f10x_tim.o(.text)
    TIM_CCxNCmd                              0x08002b21   Thumb Code    30  stm32f10x_tim.o(.text)
    TIM_SelectOCxM                           0x08002b3f   Thumb Code    82  stm32f10x_tim.o(.text)
    TIM_UpdateDisableConfig                  0x08002b91   Thumb Code    24  stm32f10x_tim.o(.text)
    TIM_UpdateRequestConfig                  0x08002ba9   Thumb Code    24  stm32f10x_tim.o(.text)
    TIM_SelectHallSensor                     0x08002bc1   Thumb Code    24  stm32f10x_tim.o(.text)
    TIM_SelectOnePulseMode                   0x08002bd9   Thumb Code    18  stm32f10x_tim.o(.text)
    TIM_SelectOutputTrigger                  0x08002beb   Thumb Code    18  stm32f10x_tim.o(.text)
    TIM_SelectSlaveMode                      0x08002bfd   Thumb Code    18  stm32f10x_tim.o(.text)
    TIM_SelectMasterSlaveMode                0x08002c0f   Thumb Code    18  stm32f10x_tim.o(.text)
    TIM_SetCounter                           0x08002c21   Thumb Code     4  stm32f10x_tim.o(.text)
    TIM_SetAutoreload                        0x08002c25   Thumb Code     4  stm32f10x_tim.o(.text)
    TIM_SetCompare1                          0x08002c29   Thumb Code     4  stm32f10x_tim.o(.text)
    TIM_SetCompare2                          0x08002c2d   Thumb Code     4  stm32f10x_tim.o(.text)
    TIM_SetCompare3                          0x08002c31   Thumb Code     4  stm32f10x_tim.o(.text)
    TIM_SetCompare4                          0x08002c35   Thumb Code     6  stm32f10x_tim.o(.text)
    TIM_SetClockDivision                     0x08002c3b   Thumb Code    18  stm32f10x_tim.o(.text)
    TIM_GetCapture1                          0x08002c4d   Thumb Code     6  stm32f10x_tim.o(.text)
    TIM_GetCapture2                          0x08002c53   Thumb Code     6  stm32f10x_tim.o(.text)
    TIM_GetCapture3                          0x08002c59   Thumb Code     6  stm32f10x_tim.o(.text)
    TIM_GetCapture4                          0x08002c5f   Thumb Code     8  stm32f10x_tim.o(.text)
    TIM_GetCounter                           0x08002c67   Thumb Code     6  stm32f10x_tim.o(.text)
    TIM_GetPrescaler                         0x08002c6d   Thumb Code     6  stm32f10x_tim.o(.text)
    TIM_GetFlagStatus                        0x08002c73   Thumb Code    18  stm32f10x_tim.o(.text)
    TIM_ClearFlag                            0x08002c85   Thumb Code     6  stm32f10x_tim.o(.text)
    TIM_GetITStatus                          0x08002c8b   Thumb Code    34  stm32f10x_tim.o(.text)
    TIM_ClearITPendingBit                    0x08002cad   Thumb Code     6  stm32f10x_tim.o(.text)
    USART_DeInit                             0x08002cb5   Thumb Code   134  stm32f10x_usart.o(.text)
    USART_Init                               0x08002d3b   Thumb Code   210  stm32f10x_usart.o(.text)
    USART_StructInit                         0x08002e0d   Thumb Code    24  stm32f10x_usart.o(.text)
    USART_ClockInit                          0x08002e25   Thumb Code    34  stm32f10x_usart.o(.text)
    USART_ClockStructInit                    0x08002e47   Thumb Code    12  stm32f10x_usart.o(.text)
    USART_Cmd                                0x08002e53   Thumb Code    24  stm32f10x_usart.o(.text)
    USART_ITConfig                           0x08002e6b   Thumb Code    74  stm32f10x_usart.o(.text)
    USART_DMACmd                             0x08002eb5   Thumb Code    18  stm32f10x_usart.o(.text)
    USART_SetAddress                         0x08002ec7   Thumb Code    18  stm32f10x_usart.o(.text)
    USART_WakeUpConfig                       0x08002ed9   Thumb Code    18  stm32f10x_usart.o(.text)
    USART_ReceiverWakeUpCmd                  0x08002eeb   Thumb Code    24  stm32f10x_usart.o(.text)
    USART_LINBreakDetectLengthConfig         0x08002f03   Thumb Code    18  stm32f10x_usart.o(.text)
    USART_LINCmd                             0x08002f15   Thumb Code    24  stm32f10x_usart.o(.text)
    USART_SendData                           0x08002f2d   Thumb Code     8  stm32f10x_usart.o(.text)
    USART_ReceiveData                        0x08002f35   Thumb Code    10  stm32f10x_usart.o(.text)
    USART_SendBreak                          0x08002f3f   Thumb Code    10  stm32f10x_usart.o(.text)
    USART_SetGuardTime                       0x08002f49   Thumb Code    16  stm32f10x_usart.o(.text)
    USART_SetPrescaler                       0x08002f59   Thumb Code    16  stm32f10x_usart.o(.text)
    USART_SmartCardCmd                       0x08002f69   Thumb Code    24  stm32f10x_usart.o(.text)
    USART_SmartCardNACKCmd                   0x08002f81   Thumb Code    24  stm32f10x_usart.o(.text)
    USART_HalfDuplexCmd                      0x08002f99   Thumb Code    24  stm32f10x_usart.o(.text)
    USART_OverSampling8Cmd                   0x08002fb1   Thumb Code    22  stm32f10x_usart.o(.text)
    USART_OneBitMethodCmd                    0x08002fc7   Thumb Code    24  stm32f10x_usart.o(.text)
    USART_IrDAConfig                         0x08002fdf   Thumb Code    18  stm32f10x_usart.o(.text)
    USART_IrDACmd                            0x08002ff1   Thumb Code    24  stm32f10x_usart.o(.text)
    USART_GetFlagStatus                      0x08003009   Thumb Code    26  stm32f10x_usart.o(.text)
    USART_ClearFlag                          0x08003023   Thumb Code    18  stm32f10x_usart.o(.text)
    USART_GetITStatus                        0x08003035   Thumb Code    84  stm32f10x_usart.o(.text)
    USART_ClearITPendingBit                  0x08003089   Thumb Code    52  stm32f10x_usart.o(.text)
    CAN_DeInit                               0x080030bd   Thumb Code    50  stm32f10x_can.o(.text)
    CAN_Init                                 0x080030ef   Thumb Code   276  stm32f10x_can.o(.text)
    CAN_FilterInit                           0x08003203   Thumb Code   258  stm32f10x_can.o(.text)
    CAN_StructInit                           0x08003305   Thumb Code    32  stm32f10x_can.o(.text)
    CAN_SlaveStartBank                       0x08003325   Thumb Code    48  stm32f10x_can.o(.text)
    CAN_DBGFreeze                            0x08003355   Thumb Code    22  stm32f10x_can.o(.text)
    CAN_TTComModeCmd                         0x0800336b   Thumb Code   118  stm32f10x_can.o(.text)
    CAN_Transmit                             0x080033e1   Thumb Code   304  stm32f10x_can.o(.text)
    CAN_TransmitStatus                       0x08003511   Thumb Code   138  stm32f10x_can.o(.text)
    CAN_CancelTransmit                       0x0800359b   Thumb Code    48  stm32f10x_can.o(.text)
    CAN_Receive                              0x080035cb   Thumb Code   240  stm32f10x_can.o(.text)
    CAN_FIFORelease                          0x080036bb   Thumb Code    22  stm32f10x_can.o(.text)
    CAN_MessagePending                       0x080036d1   Thumb Code    30  stm32f10x_can.o(.text)
    CAN_OperatingModeRequest                 0x080036ef   Thumb Code   162  stm32f10x_can.o(.text)
    CAN_Sleep                                0x08003791   Thumb Code    30  stm32f10x_can.o(.text)
    CAN_WakeUp                               0x080037af   Thumb Code    48  stm32f10x_can.o(.text)
    CAN_GetLastErrorCode                     0x080037df   Thumb Code    12  stm32f10x_can.o(.text)
    CAN_GetReceiveErrorCounter               0x080037eb   Thumb Code    10  stm32f10x_can.o(.text)
    CAN_GetLSBTransmitErrorCounter           0x080037f5   Thumb Code    12  stm32f10x_can.o(.text)
    CAN_ITConfig                             0x08003801   Thumb Code    18  stm32f10x_can.o(.text)
    CAN_GetFlagStatus                        0x08003813   Thumb Code   120  stm32f10x_can.o(.text)
    CAN_ClearFlag                            0x0800388b   Thumb Code    52  stm32f10x_can.o(.text)
    CAN_GetITStatus                          0x080038cf   Thumb Code   308  stm32f10x_can.o(.text)
    CAN_ClearITPendingBit                    0x08003a03   Thumb Code   162  stm32f10x_can.o(.text)
    IWDG_WriteAccessCmd                      0x08003aa9   Thumb Code     6  stm32f10x_iwdg.o(.text)
    IWDG_SetPrescaler                        0x08003aaf   Thumb Code     6  stm32f10x_iwdg.o(.text)
    IWDG_SetReload                           0x08003ab5   Thumb Code     6  stm32f10x_iwdg.o(.text)
    IWDG_ReloadCounter                       0x08003abb   Thumb Code    10  stm32f10x_iwdg.o(.text)
    IWDG_Enable                              0x08003ac5   Thumb Code    10  stm32f10x_iwdg.o(.text)
    IWDG_GetFlagStatus                       0x08003acf   Thumb Code    20  stm32f10x_iwdg.o(.text)
    __use_no_semihosting                     0x08003ae9   Thumb Code     2  use_no_semi_2.o(.text)
    __2printf                                0x08003aed   Thumb Code    20  noretval__2printf.o(.text)
    __use_two_region_memory                  0x08003b05   Thumb Code     2  heapauxi.o(.text)
    __rt_heap_escrow$2region                 0x08003b07   Thumb Code     2  heapauxi.o(.text)
    __rt_heap_expand$2region                 0x08003b09   Thumb Code     2  heapauxi.o(.text)
    __I$use$semihosting                      0x08003b0b   Thumb Code     0  use_no_semi.o(.text)
    __use_no_semihosting_swi                 0x08003b0b   Thumb Code     2  use_no_semi.o(.text)
    __read_errno                             0x08003b0d   Thumb Code    10  _rserrno.o(.text)
    __set_errno                              0x08003b17   Thumb Code    12  _rserrno.o(.text)
    _printf_char_file                        0x08003b25   Thumb Code    32  _printf_char_file.o(.text)
    __aeabi_errno_addr                       0x08003b49   Thumb Code     8  rt_errno_addr_intlibspace.o(.text)
    __errno$intlibspace                      0x08003b49   Thumb Code     0  rt_errno_addr_intlibspace.o(.text)
    __rt_errno_addr$intlibspace              0x08003b49   Thumb Code     0  rt_errno_addr_intlibspace.o(.text)
    _printf_char_common                      0x08003b5b   Thumb Code    32  _printf_char_common.o(.text)
    ferror                                   0x08003b81   Thumb Code     8  ferror.o(.text)
    __user_libspace                          0x08003b89   Thumb Code     8  libspace.o(.text)
    __user_perproc_libspace                  0x08003b89   Thumb Code     0  libspace.o(.text)
    __user_perthread_libspace                0x08003b89   Thumb Code     0  libspace.o(.text)
    __user_setup_stackheap                   0x08003b91   Thumb Code    74  sys_stackheap_outer.o(.text)
    __printf                                 0x08003bdb   Thumb Code    38  __printf_nopercent.o(.text)
    exit                                     0x08003c01   Thumb Code    12  exit.o(.text)
    __ARM_fpclassifyf                        0x08003c0d   Thumb Code    38  fpclassifyf.o(i.__ARM_fpclassifyf)
    __mathlib_flt_underflow                  0x08003c33   Thumb Code    10  funder.o(i.__mathlib_flt_underflow)
    __mathlib_rredf2                         0x08003c3d   Thumb Code   326  rredf.o(i.__mathlib_rredf2)
    sinf                                     0x08003d95   Thumb Code   342  sinf.o(i.sinf)
    __aeabi_fadd                             0x08003f21   Thumb Code     0  faddsub_clz.o(x$fpl$fadd)
    _fadd                                    0x08003f21   Thumb Code   196  faddsub_clz.o(x$fpl$fadd)
    __fpl_fcheck_NaN1                        0x08003fe5   Thumb Code     6  fcheck1.o(x$fpl$fcheck1)
    __aeabi_fdiv                             0x08003ff1   Thumb Code     0  fdiv.o(x$fpl$fdiv)
    _fdiv                                    0x08003ff1   Thumb Code   384  fdiv.o(x$fpl$fdiv)
    __aeabi_f2iz                             0x08004175   Thumb Code     0  ffix.o(x$fpl$ffix)
    _ffix                                    0x08004175   Thumb Code    54  ffix.o(x$fpl$ffix)
    __aeabi_f2uiz                            0x080041ad   Thumb Code     0  ffixu.o(x$fpl$ffixu)
    _ffixu                                   0x080041ad   Thumb Code    62  ffixu.o(x$fpl$ffixu)
    __aeabi_i2f                              0x080041ed   Thumb Code     0  fflt_clz.o(x$fpl$fflt)
    _fflt                                    0x080041ed   Thumb Code    48  fflt_clz.o(x$fpl$fflt)
    __aeabi_ui2f                             0x0800421d   Thumb Code     0  fflt_clz.o(x$fpl$ffltu)
    _ffltu                                   0x0800421d   Thumb Code    38  fflt_clz.o(x$fpl$ffltu)
    __aeabi_fmul                             0x08004245   Thumb Code     0  fmul.o(x$fpl$fmul)
    _fmul                                    0x08004245   Thumb Code   258  fmul.o(x$fpl$fmul)
    __fpl_fnaninf                            0x08004347   Thumb Code   140  fnaninf.o(x$fpl$fnaninf)
    __fpl_fretinf                            0x080043d3   Thumb Code    10  fretinf.o(x$fpl$fretinf)
    _frnd                                    0x080043dd   Thumb Code    96  frnd.o(x$fpl$frnd)
    __aeabi_frsub                            0x0800443d   Thumb Code     0  faddsub_clz.o(x$fpl$frsb)
    _frsb                                    0x0800443d   Thumb Code    20  faddsub_clz.o(x$fpl$frsb)
    __aeabi_fsub                             0x08004451   Thumb Code     0  faddsub_clz.o(x$fpl$fsub)
    _fsub                                    0x08004451   Thumb Code   234  faddsub_clz.o(x$fpl$fsub)
    __fpl_return_NaN                         0x0800453b   Thumb Code   100  retnan.o(x$fpl$retnan)
    __ARM_scalbnf                            0x0800459f   Thumb Code    76  scalbnf.o(x$fpl$scalbnf)
    __fpl_cmpreturn                          0x080045eb   Thumb Code    48  trapv.o(x$fpl$trapveneer)
    __I$use$fp                               0x0800461a   Number         0  usenofp.o(x$fpl$usenofp)
    rIDList                                  0x0800461c   Data          20  cancom.o(.constdata)
    Region$$Table$$Base                      0x08004650   Number         0  anon$$obj.o(Region$$Table)
    Region$$Table$$Limit                     0x08004670   Number         0  anon$$obj.o(Region$$Table)
    SystemCoreClock                          0x20000000   Data           4  system_stm32f10x.o(.data)
    AHBPrescTable                            0x20000004   Data          16  system_stm32f10x.o(.data)
    LEDCtrl                                  0x2000001c   Data           4  led.o(.data)
    LEDBuf                                   0x20000020   Data           1  led.o(.data)
    cntBaro                                  0x20000024   Data           2  tim.o(.data)
    cntBatChk                                0x20000026   Data           2  tim.o(.data)
    accUpdated                               0x20000028   Data           1  tim.o(.data)
    anyCnt                                   0x2000002a   Data           2  tim.o(.data)
    anyCnt2                                  0x2000002c   Data           2  tim.o(.data)
    loop10HzCnt                              0x2000002e   Data           2  tim.o(.data)
    LedCounter                               0x20000030   Data           4  tim.o(.data)
    loop500HzFlag                            0x20000034   Data           1  tim.o(.data)
    loop200HzFlag                            0x20000035   Data           1  tim.o(.data)
    loop50HzFlag                             0x20000036   Data           1  tim.o(.data)
    loop600HzFlag                            0x20000037   Data           1  tim.o(.data)
    loop100HzFlag                            0x20000038   Data           1  tim.o(.data)
    loop20HzFlag                             0x20000039   Data           1  tim.o(.data)
    loop10HzFlag                             0x2000003a   Data           1  tim.o(.data)
    loop500Hzcnt                             0x2000003c   Data           2  tim.o(.data)
    loop200HzCnt                             0x2000003e   Data           2  tim.o(.data)
    loop50HzCnt                              0x20000040   Data           2  tim.o(.data)
    loop600HzCnt                             0x20000042   Data           2  tim.o(.data)
    loop100HzCnt                             0x20000044   Data           2  tim.o(.data)
    loop20HzCnt                              0x20000046   Data           2  tim.o(.data)
    DebugCounter                             0x20000048   Data           4  tim.o(.data)
    recCnt                                   0x2000004c   Data           1  uart1.o(.data)
    uart_buf                                 0x2000004d   Data           1  uart1.o(.data)
    uart2Buf                                 0x2000004e   Data           1  uart1.o(.data)
    __stdout                                 0x20000050   Data           4  uart1.o(.data)
    Udatatmp                                 0x20000054   Data           1  uart1.o(.data)
    i                                        0x20000058   Data           2  main.o(.data)
    tPre                                     0x2000005c   Data           4  main.o(.data)
    rotDir                                   0x20000060   Data           1  main.o(.data)
    trig                                     0x20000061   Data           1  main.o(.data)
    canRet                                   0x20000068   Data           1  stm32f10x_it.o(.data)
    sysTickUptime                            0x20000070   Data           4  stm32f10x_it.o(.data)
    TestRx                                   0x20000075   Data           1  cancom.o(.data)
    indKeyIO                                 0x20000078   Data         220  keyboard.o(.data)
    encNum                                   0x20000154   Data           2  keyboard.o(.data)
    keysBuff                                 0x2000015a   Data           2  keyboard.o(.data)
    swBuff                                   0x2000015c   Data           2  keyboard.o(.data)
    dirBuff                                  0x2000015e   Data           1  keyboard.o(.data)
    recBuf                                   0x20000174   Data          32  uart1.o(.bss)
    UartTxbuf                                0x20000194   Data          12  uart1.o(.bss)
    UartRxbuf                                0x200001a0   Data          12  uart1.o(.bss)
    rx_buffer                                0x200001ac   Data         128  uart1.o(.bss)
    tx_buffer                                0x2000022c   Data         128  uart1.o(.bss)
    TxMessage                                0x200002ac   Data          20  cancom.o(.bss)
    RxMessage                                0x200002c0   Data          20  cancom.o(.bss)
    __libspace_start                         0x200002e0   Data          96  libspace.o(.bss)
    __temporary_stack_top$libspace           0x20000340   Data           0  libspace.o(.bss)



==============================================================================

Memory Map of the image

  Image Entry point : 0x0800039d

  Load Region LR_1 (Base: 0x08000000, Size: 0x000047e4, Max: 0xffffffff, ABSOLUTE, COMPRESSED[0x000046f8])

    Execution Region ER_RO (Base: 0x08000000, Size: 0x00004670, Max: 0xffffffff, ABSOLUTE)

    Base Addr    Size         Type   Attr      Idx    E Section Name        Object

    0x08000000   0x000000ec   Data   RO           89    RESET               startup_stm32f10x_md.o
    0x080000ec   0x00000008   Code   RO          670  * !!!main             c_w.l(__main.o)
    0x080000f4   0x00000034   Code   RO          917    !!!scatter          c_w.l(__scatter.o)
    0x08000128   0x0000005a   Code   RO          915    !!dczerorl2         c_w.l(__dczerorl2.o)
    0x08000182   0x00000002   PAD
    0x08000184   0x0000001c   Code   RO          919    !!handler_zi        c_w.l(__scatter_zi.o)
    0x080001a0   0x00000002   Code   RO          791    .ARM.Collect$$libinit$$00000000  c_w.l(libinit.o)
    0x080001a2   0x00000000   Code   RO          797    .ARM.Collect$$libinit$$00000002  c_w.l(libinit2.o)
    0x080001a2   0x00000000   Code   RO          800    .ARM.Collect$$libinit$$00000008  c_w.l(libinit2.o)
    0x080001a2   0x00000000   Code   RO          802    .ARM.Collect$$libinit$$0000000A  c_w.l(libinit2.o)
    0x080001a2   0x00000000   Code   RO          804    .ARM.Collect$$libinit$$0000000C  c_w.l(libinit2.o)
    0x080001a2   0x00000000   Code   RO          807    .ARM.Collect$$libinit$$0000000F  c_w.l(libinit2.o)
    0x080001a2   0x00000000   Code   RO          809    .ARM.Collect$$libinit$$00000011  c_w.l(libinit2.o)
    0x080001a2   0x00000000   Code   RO          811    .ARM.Collect$$libinit$$00000013  c_w.l(libinit2.o)
    0x080001a2   0x00000000   Code   RO          813    .ARM.Collect$$libinit$$00000015  c_w.l(libinit2.o)
    0x080001a2   0x00000000   Code   RO          815    .ARM.Collect$$libinit$$00000017  c_w.l(libinit2.o)
    0x080001a2   0x00000000   Code   RO          817    .ARM.Collect$$libinit$$00000019  c_w.l(libinit2.o)
    0x080001a2   0x00000000   Code   RO          819    .ARM.Collect$$libinit$$0000001B  c_w.l(libinit2.o)
    0x080001a2   0x00000000   Code   RO          821    .ARM.Collect$$libinit$$0000001D  c_w.l(libinit2.o)
    0x080001a2   0x00000000   Code   RO          823    .ARM.Collect$$libinit$$0000001F  c_w.l(libinit2.o)
    0x080001a2   0x00000000   Code   RO          825    .ARM.Collect$$libinit$$00000021  c_w.l(libinit2.o)
    0x080001a2   0x00000000   Code   RO          827    .ARM.Collect$$libinit$$00000023  c_w.l(libinit2.o)
    0x080001a2   0x00000000   Code   RO          831    .ARM.Collect$$libinit$$0000002A  c_w.l(libinit2.o)
    0x080001a2   0x00000000   Code   RO          833    .ARM.Collect$$libinit$$0000002C  c_w.l(libinit2.o)
    0x080001a2   0x00000000   Code   RO          835    .ARM.Collect$$libinit$$0000002E  c_w.l(libinit2.o)
    0x080001a2   0x00000000   Code   RO          837    .ARM.Collect$$libinit$$00000030  c_w.l(libinit2.o)
    0x080001a2   0x00000002   Code   RO          838    .ARM.Collect$$libinit$$00000031  c_w.l(libinit2.o)
    0x080001a4   0x00000002   Code   RO          858    .ARM.Collect$$libshutdown$$00000000  c_w.l(libshutdown.o)
    0x080001a6   0x00000000   Code   RO          869    .ARM.Collect$$libshutdown$$00000003  c_w.l(libshutdown2.o)
    0x080001a6   0x00000000   Code   RO          872    .ARM.Collect$$libshutdown$$00000006  c_w.l(libshutdown2.o)
    0x080001a6   0x00000000   Code   RO          875    .ARM.Collect$$libshutdown$$00000009  c_w.l(libshutdown2.o)
    0x080001a6   0x00000000   Code   RO          877    .ARM.Collect$$libshutdown$$0000000B  c_w.l(libshutdown2.o)
    0x080001a6   0x00000000   Code   RO          880    .ARM.Collect$$libshutdown$$0000000E  c_w.l(libshutdown2.o)
    0x080001a6   0x00000002   Code   RO          881    .ARM.Collect$$libshutdown$$0000000F  c_w.l(libshutdown2.o)
    0x080001a8   0x00000000   Code   RO          724    .ARM.Collect$$rtentry$$00000000  c_w.l(rtentry.o)
    0x080001a8   0x00000000   Code   RO          750    .ARM.Collect$$rtentry$$00000002  c_w.l(rtentry2.o)
    0x080001a8   0x00000006   Code   RO          762    .ARM.Collect$$rtentry$$00000004  c_w.l(rtentry4.o)
    0x080001ae   0x00000000   Code   RO          752    .ARM.Collect$$rtentry$$00000009  c_w.l(rtentry2.o)
    0x080001ae   0x00000004   Code   RO          753    .ARM.Collect$$rtentry$$0000000A  c_w.l(rtentry2.o)
    0x080001b2   0x00000000   Code   RO          755    .ARM.Collect$$rtentry$$0000000C  c_w.l(rtentry2.o)
    0x080001b2   0x00000008   Code   RO          756    .ARM.Collect$$rtentry$$0000000D  c_w.l(rtentry2.o)
    0x080001ba   0x00000002   Code   RO          794    .ARM.Collect$$rtexit$$00000000  c_w.l(rtexit.o)
    0x080001bc   0x00000000   Code   RO          842    .ARM.Collect$$rtexit$$00000002  c_w.l(rtexit2.o)
    0x080001bc   0x00000004   Code   RO          843    .ARM.Collect$$rtexit$$00000003  c_w.l(rtexit2.o)
    0x080001c0   0x00000006   Code   RO          844    .ARM.Collect$$rtexit$$00000004  c_w.l(rtexit2.o)
    0x080001c6   0x00000002   PAD
    0x080001c8   0x000001d4   Code   RO           17    .text               system_stm32f10x.o
    0x0800039c   0x00000040   Code   RO           90  * .text               startup_stm32f10x_md.o
    0x080003dc   0x000002c8   Code   RO          233    .text               led.o
    0x080006a4   0x000001f8   Code   RO          263    .text               tim.o
    0x0800089c   0x00000388   Code   RO          321    .text               uart1.o
    0x08000c24   0x000001f4   Code   RO          429    .text               main.o
    0x08000e18   0x000000ac   Code   RO          456    .text               stm32f10x_it.o
    0x08000ec4   0x00000468   Code   RO          493    .text               cancom.o
    0x0800132c   0x00000394   Code   RO          514    .text               keyboard.o
    0x080016c0   0x000000dc   Code   RO          533    .text               misc.o
    0x0800179c   0x00000358   Code   RO          545    .text               stm32f10x_gpio.o
    0x08001af4   0x000003a4   Code   RO          557    .text               stm32f10x_rcc.o
    0x08001e98   0x00000e1a   Code   RO          571    .text               stm32f10x_tim.o
    0x08002cb2   0x00000002   PAD
    0x08002cb4   0x00000408   Code   RO          583    .text               stm32f10x_usart.o
    0x080030bc   0x000009ec   Code   RO          634    .text               stm32f10x_can.o
    0x08003aa8   0x00000040   Code   RO          646    .text               stm32f10x_iwdg.o
    0x08003ae8   0x00000002   Code   RO          660    .text               c_w.l(use_no_semi_2.o)
    0x08003aea   0x00000002   PAD
    0x08003aec   0x00000018   Code   RO          664    .text               c_w.l(noretval__2printf.o)
    0x08003b04   0x00000006   Code   RO          668    .text               c_w.l(heapauxi.o)
    0x08003b0a   0x00000002   Code   RO          722    .text               c_w.l(use_no_semi.o)
    0x08003b0c   0x00000016   Code   RO          725    .text               c_w.l(_rserrno.o)
    0x08003b22   0x00000002   PAD
    0x08003b24   0x00000024   Code   RO          727    .text               c_w.l(_printf_char_file.o)
    0x08003b48   0x00000008   Code   RO          767    .text               c_w.l(rt_errno_addr_intlibspace.o)
    0x08003b50   0x00000030   Code   RO          769    .text               c_w.l(_printf_char_common.o)
    0x08003b80   0x00000008   Code   RO          771    .text               c_w.l(ferror.o)
    0x08003b88   0x00000008   Code   RO          777    .text               c_w.l(libspace.o)
    0x08003b90   0x0000004a   Code   RO          780    .text               c_w.l(sys_stackheap_outer.o)
    0x08003bda   0x00000026   Code   RO          782    .text               c_w.l(__printf_nopercent.o)
    0x08003c00   0x0000000c   Code   RO          784    .text               c_w.l(exit.o)
    0x08003c0c   0x00000026   Code   RO          742    i.__ARM_fpclassifyf  m_ws.l(fpclassifyf.o)
    0x08003c32   0x0000000a   Code   RO          744    i.__mathlib_flt_underflow  m_ws.l(funder.o)
    0x08003c3c   0x00000158   Code   RO          746    i.__mathlib_rredf2  m_ws.l(rredf.o)
    0x08003d94   0x0000018c   Code   RO          715    i.sinf              m_ws.l(sinf.o)
    0x08003f20   0x000000c4   Code   RO          688    x$fpl$fadd          fz_ws.l(faddsub_clz.o)
    0x08003fe4   0x0000000c   Code   RO          775    x$fpl$fcheck1       fz_ws.l(fcheck1.o)
    0x08003ff0   0x00000184   Code   RO          695    x$fpl$fdiv          fz_ws.l(fdiv.o)
    0x08004174   0x00000036   Code   RO          698    x$fpl$ffix          fz_ws.l(ffix.o)
    0x080041aa   0x00000002   PAD
    0x080041ac   0x0000003e   Code   RO          702    x$fpl$ffixu         fz_ws.l(ffixu.o)
    0x080041ea   0x00000002   PAD
    0x080041ec   0x00000030   Code   RO          707    x$fpl$fflt          fz_ws.l(fflt_clz.o)
    0x0800421c   0x00000026   Code   RO          706    x$fpl$ffltu         fz_ws.l(fflt_clz.o)
    0x08004242   0x00000002   PAD
    0x08004244   0x00000102   Code   RO          712    x$fpl$fmul          fz_ws.l(fmul.o)
    0x08004346   0x0000008c   Code   RO          733    x$fpl$fnaninf       fz_ws.l(fnaninf.o)
    0x080043d2   0x0000000a   Code   RO          735    x$fpl$fretinf       fz_ws.l(fretinf.o)
    0x080043dc   0x00000060   Code   RO          737    x$fpl$frnd          fz_ws.l(frnd.o)
    0x0800443c   0x00000014   Code   RO          689    x$fpl$frsb          fz_ws.l(faddsub_clz.o)
    0x08004450   0x000000ea   Code   RO          690    x$fpl$fsub          fz_ws.l(faddsub_clz.o)
    0x0800453a   0x00000064   Code   RO          792    x$fpl$retnan        fz_ws.l(retnan.o)
    0x0800459e   0x0000004c   Code   RO          739    x$fpl$scalbnf       fz_ws.l(scalbnf.o)
    0x080045ea   0x00000030   Code   RO          839    x$fpl$trapveneer    fz_ws.l(trapv.o)
    0x0800461a   0x00000000   Code   RO          741    x$fpl$usenofp       fz_ws.l(usenofp.o)
    0x0800461a   0x00000002   PAD
    0x0800461c   0x00000014   Data   RO          495    .constdata          cancom.o
    0x08004630   0x00000020   Data   RO          747    .constdata          m_ws.l(rredf.o)
    0x08004650   0x00000020   Data   RO          913    Region$$Table       anon$$obj.o


    Execution Region ER_RW (Base: 0x20000000, Size: 0x00000174, Max: 0xffffffff, ABSOLUTE, COMPRESSED[0x00000088])

    Base Addr    Size         Type   Attr      Idx    E Section Name        Object

    0x20000000   0x00000014   Data   RW           18    .data               system_stm32f10x.o
    0x20000014   0x0000000d   Data   RW          234    .data               led.o
    0x20000021   0x00000003   PAD
    0x20000024   0x00000028   Data   RW          265    .data               tim.o
    0x2000004c   0x00000009   Data   RW          323    .data               uart1.o
    0x20000055   0x00000003   PAD
    0x20000058   0x0000000e   Data   RW          430    .data               main.o
    0x20000066   0x00000002   PAD
    0x20000068   0x0000000c   Data   RW          457    .data               stm32f10x_it.o
    0x20000074   0x00000002   Data   RW          496    .data               cancom.o
    0x20000076   0x00000002   PAD
    0x20000078   0x000000e7   Data   RW          516    .data               keyboard.o
    0x2000015f   0x00000014   Data   RW          558    .data               stm32f10x_rcc.o


    Execution Region ER_ZI (Base: 0x20000174, Size: 0x000007cc, Max: 0xffffffff, ABSOLUTE)

    Base Addr    Size         Type   Attr      Idx    E Section Name        Object

    0x20000174   0x00000138   Zero   RW          322    .bss                uart1.o
    0x200002ac   0x00000028   Zero   RW          494    .bss                cancom.o
    0x200002d4   0x0000000b   Zero   RW          515    .bss                keyboard.o
    0x200002df   0x00000001   PAD
    0x200002e0   0x00000060   Zero   RW          778    .bss                c_w.l(libspace.o)
    0x20000340   0x00000200   Zero   RW           88    HEAP                startup_stm32f10x_md.o
    0x20000540   0x00000400   Zero   RW           87    STACK               startup_stm32f10x_md.o


==============================================================================

Image component sizes


      Code (inc. data)   RO Data    RW Data    ZI Data      Debug   Object Name

      1128         42         20          2         40       3800   cancom.o
         0          0          0          0          0       4276   core_cm3.o
         0          0          0          0          0     254700   delay.o
       916         36          0        231         11       3276   keyboard.o
       712         52          0         13          0       3115   led.o
       500         54          0         14          0      16597   main.o
       220         20          0          0          0       1613   misc.o
        64         26        236          0       1536        740   startup_stm32f10x_md.o
      2540         38          0          0          0       7668   stm32f10x_can.o
         0          0          0          0          0     211432   stm32f10x_exti.o
       856         40          0          0          0       5461   stm32f10x_gpio.o
       172         12          0         12          0       2555   stm32f10x_it.o
        64          6          0          0          0       1189   stm32f10x_iwdg.o
       932         44          0         20          0       8556   stm32f10x_rcc.o
      3610         88          0          0          0      21944   stm32f10x_tim.o
      1032         22          0          0          0       8184   stm32f10x_usart.o
       468         36          0         20          0      44795   system_stm32f10x.o
       504         78          0         40          0       2664   tim.o
       904         54          0          9        312       6552   uart1.o

    ----------------------------------------------------------------------
     14624        648        288        372       1900     609117   Object Totals
         0          0         32          0          0          0   (incl. Generated)
         2          0          0         11          1          0   (incl. Padding)

    ----------------------------------------------------------------------

      Code (inc. data)   RO Data    RW Data    ZI Data      Debug   Library Member Name

        90          0          0          0          0          0   __dczerorl2.o
         8          0          0          0          0         68   __main.o
        38          0          0          0          0         84   __printf_nopercent.o
        52          8          0          0          0          0   __scatter.o
        28          0          0          0          0          0   __scatter_zi.o
        48          6          0          0          0         96   _printf_char_common.o
        36          4          0          0          0         80   _printf_char_file.o
        22          0          0          0          0        100   _rserrno.o
        12          0          0          0          0         72   exit.o
         8          0          0          0          0         68   ferror.o
         6          0          0          0          0        152   heapauxi.o
         2          0          0          0          0          0   libinit.o
         2          0          0          0          0          0   libinit2.o
         2          0          0          0          0          0   libshutdown.o
         2          0          0          0          0          0   libshutdown2.o
         8          4          0          0         96         68   libspace.o
        24          4          0          0          0         84   noretval__2printf.o
         8          4          0          0          0         68   rt_errno_addr_intlibspace.o
         0          0          0          0          0          0   rtentry.o
        12          0          0          0          0          0   rtentry2.o
         6          0          0          0          0          0   rtentry4.o
         2          0          0          0          0          0   rtexit.o
        10          0          0          0          0          0   rtexit2.o
        74          0          0          0          0         80   sys_stackheap_outer.o
         2          0          0          0          0         68   use_no_semi.o
         2          0          0          0          0         68   use_no_semi_2.o
       450          8          0          0          0        236   faddsub_clz.o
        12          4          0          0          0         68   fcheck1.o
       388         76          0          0          0         96   fdiv.o
        54          4          0          0          0         84   ffix.o
        62          4          0          0          0         84   ffixu.o
        86          0          0          0          0        136   fflt_clz.o
       258          4          0          0          0         84   fmul.o
       140          4          0          0          0         84   fnaninf.o
        10          0          0          0          0         68   fretinf.o
        96          4          0          0          0         76   frnd.o
       100          0          0          0          0         68   retnan.o
        76          0          0          0          0         68   scalbnf.o
        48          0          0          0          0         68   trapv.o
         0          0          0          0          0          0   usenofp.o
        38          0          0          0          0         68   fpclassifyf.o
        10          0          0          0          0         68   funder.o
       344         18         32          0          0         88   rredf.o
       396         54          0          0          0        112   sinf.o

    ----------------------------------------------------------------------
      3088        210         32          0         96       2712   Library Totals
        16          0          0          0          0          0   (incl. Padding)

    ----------------------------------------------------------------------

      Code (inc. data)   RO Data    RW Data    ZI Data      Debug   Library Name

       504         30          0          0         96       1156   c_w.l
      1780        108          0          0          0       1220   fz_ws.l
       788         72         32          0          0        336   m_ws.l

    ----------------------------------------------------------------------
      3088        210         32          0         96       2712   Library Totals

    ----------------------------------------------------------------------

==============================================================================


      Code (inc. data)   RO Data    RW Data    ZI Data      Debug   

     17712        858        320        372       1996     608605   Grand Totals
     17712        858        320        136       1996     608605   ELF Image Totals (compressed)
     17712        858        320        136          0          0   ROM Totals

==============================================================================

    Total RO  Size (Code + RO Data)                18032 (  17.61kB)
    Total RW  Size (RW Data + ZI Data)              2368 (   2.31kB)
    Total ROM Size (Code + RO Data + RW Data)      18168 (  17.74kB)

==============================================================================

