<html>
<body>
<pre>
<h1>µVision Build Log</h1>
<h2>Project:</h2>
C:\Users\Samit\Desktop\Program\CarCAN043\MC.uvproj
Project File Date:  11/12/2016

<h2>Output:</h2>
Load "C:\\Users\\Samit\\Desktop\\Program\\CarCAN043\\Output\\CAN043.axf" 
Set JLink Project File to "C:\Users\Samit\Desktop\Program\CarCAN043\JLinkSettings.ini"
* JLink Info: Device "STM32F103C8" selected (64 KB flash, 20 KB RAM).
 
JLink info:
------------
DLL: V4.80 , compiled Dec 20 2013 19:37:53
Firmware: J-Link ARM-OB STM32 compiled Aug 22 2012 19:52:04
Hardware: V7.00
S/N : 20160206 
Feature(s) : RDI,FlashDL,FlashBP,JFlash,GDBFull 
 
* JLink Info: Found SWD-DP with ID 0x1BA01477
* JLink Info: Found SWD-DP with ID 0x1BA01477
* JLink Info: Found Cortex-M3 r1p1, Little endian.
* JLink Info: FPUnit: 6 code (BP) slots and 2 literal slots
* JLink Info: TPIU fitted.
ROMTableAddr = 0xE00FF003
 
Target info:
------------
Device: STM32F103C8
VTarget = 3.300V
State of Pins: 
TCK: 0, TDI: 0, TDO: 1, TMS: 0, TRES: 1, TRST: 1
Hardware-Breakpoints: 6
Software-Breakpoints: 8192
Watchpoints:          4
JTAG speed: 2000 kHz
 
Full Chip Erase Done.
Programming Done.
Verify OK.
Application running ...
Build target 'CarCAN043'
compiling CANCom.c...
User_Src\CANCom.h(31): warning:  #1-D: last line of file ends without a newline
User_Src\CANCom.h(31): warning:  #1-D: last line of file ends without a newline
User_Src\CANCom.c(20): warning:  #177-D: variable "chksum" was declared but never referenced
linking...
Program Size: Code=18820 RO-data=320 RW-data=220 ZI-data=3012  
FromELF: creating hex file...
".\Output\CAN043.axf" - 0 Errors, 3 Warning(s).
Load "C:\\Users\\Samit\\Desktop\\Program\\CarCAN043\\Output\\CAN043.axf" 
Set JLink Project File to "C:\Users\Samit\Desktop\Program\CarCAN043\JLinkSettings.ini"
* JLink Info: Device "STM32F103C8" selected (64 KB flash, 20 KB RAM).
 
JLink info:
------------
DLL: V4.80 , compiled Dec 20 2013 19:37:53
Firmware: J-Link ARM-OB STM32 compiled Aug 22 2012 19:52:04
Hardware: V7.00
S/N : 20160206 
Feature(s) : RDI,FlashDL,FlashBP,JFlash,GDBFull 
 
* JLink Info: Found SWD-DP with ID 0x1BA01477
* JLink Info: Found SWD-DP with ID 0x1BA01477
* JLink Info: Found Cortex-M3 r1p1, Little endian.
* JLink Info: FPUnit: 6 code (BP) slots and 2 literal slots
* JLink Info: TPIU fitted.
ROMTableAddr = 0xE00FF003
 
Target info:
------------
Device: STM32F103C8
VTarget = 3.300V
State of Pins: 
TCK: 0, TDI: 0, TDO: 1, TMS: 0, TRES: 1, TRST: 1
Hardware-Breakpoints: 6
Software-Breakpoints: 8192
Watchpoints:          4
JTAG speed: 2000 kHz
 
Full Chip Erase Done.
Programming Done.
Verify OK.
Application running ...
Build target 'CarCAN043'
compiling CANCom.c...
User_Src\CANCom.h(31): warning:  #1-D: last line of file ends without a newline
User_Src\CANCom.h(31): warning:  #1-D: last line of file ends without a newline
User_Src\CANCom.c(20): warning:  #177-D: variable "chksum" was declared but never referenced
linking...
Program Size: Code=18820 RO-data=320 RW-data=220 ZI-data=3012  
FromELF: creating hex file...
".\Output\CAN043.axf" - 0 Errors, 3 Warning(s).
Build target 'CarCAN043'
compiling main.c...
User_Src\CANCom.h(31): warning:  #1-D: last line of file ends without a newline
User_Src\PVD.h(6): warning:  #1295-D: Deprecated declaration PVD_All_Init - give arg types
User_Src\PVD.h(8): warning:  #1-D: last line of file ends without a newline
User_Src\main.c(64): warning:  #177-D: variable "keysBuffPre" was declared but never referenced
compiling CANCom.c...
User_Src\CANCom.h(31): warning:  #1-D: last line of file ends without a newline
User_Src\CANCom.h(31): warning:  #1-D: last line of file ends without a newline
User_Src\CANCom.c(20): warning:  #177-D: variable "chksum" was declared but never referenced
compiling KeyBoard.c...
User_Src\CANCom.h(31): warning:  #1-D: last line of file ends without a newline
User_Src\KeyBoard.c(80): warning:  #177-D: variable "ksStartStop" was declared but never referenced
User_Src\KeyBoard.c(81): warning:  #177-D: variable "cntT" was declared but never referenced
User_Src\KeyBoard.c(81): warning:  #550-D: variable "sendCnt" was set but never used
User_Src\KeyBoard.c(265): warning:  #177-D: variable "NVIC_InitStructure" was declared but never referenced
User_Src\KeyBoard.c(43): warning:  #177-D: function "ADCInit" was declared but never referenced
linking...
Program Size: Code=18644 RO-data=320 RW-data=200 ZI-data=3008  
FromELF: creating hex file...
".\Output\CAN043.axf" - 0 Errors, 13 Warning(s).
Build target 'CarCAN043'
compiling main.c...
User_Src\CANCom.h(31): warning:  #1-D: last line of file ends without a newline
User_Src\PVD.h(6): warning:  #1295-D: Deprecated declaration PVD_All_Init - give arg types
User_Src\PVD.h(8): warning:  #1-D: last line of file ends without a newline
User_Src\main.c(64): warning:  #177-D: variable "keysBuffPre" was declared but never referenced
compiling CANCom.c...
User_Src\CANCom.h(31): warning:  #1-D: last line of file ends without a newline
User_Src\CANCom.h(31): warning:  #1-D: last line of file ends without a newline
User_Src\CANCom.c(20): warning:  #177-D: variable "chksum" was declared but never referenced
compiling KeyBoard.c...
User_Src\CANCom.h(31): warning:  #1-D: last line of file ends without a newline
User_Src\KeyBoard.c(80): warning:  #177-D: variable "ksStartStop" was declared but never referenced
User_Src\KeyBoard.c(81): warning:  #177-D: variable "cntT" was declared but never referenced
User_Src\KeyBoard.c(81): warning:  #550-D: variable "sendCnt" was set but never used
User_Src\KeyBoard.c(265): warning:  #177-D: variable "NVIC_InitStructure" was declared but never referenced
User_Src\KeyBoard.c(43): warning:  #177-D: function "ADCInit" was declared but never referenced
linking...
Program Size: Code=18644 RO-data=320 RW-data=200 ZI-data=3008  
FromELF: creating hex file...
".\Output\CAN043.axf" - 0 Errors, 13 Warning(s).
Load "C:\\Users\\Samit\\Desktop\\Program\\CarCAN043\\Output\\CAN043.axf" 
Set JLink Project File to "C:\Users\Samit\Desktop\Program\CarCAN043\JLinkSettings.ini"
* JLink Info: Device "STM32F103C8" selected (64 KB flash, 20 KB RAM).
 
JLink info:
------------
DLL: V4.80 , compiled Dec 20 2013 19:37:53
Firmware: J-Link ARM-OB STM32 compiled Aug 22 2012 19:52:04
Hardware: V7.00
S/N : 20160206 
Feature(s) : RDI,FlashDL,FlashBP,JFlash,GDBFull 
 
* JLink Info: Found SWD-DP with ID 0x1BA01477
* JLink Info: Found SWD-DP with ID 0x1BA01477
* JLink Info: Found Cortex-M3 r1p1, Little endian.
* JLink Info: FPUnit: 6 code (BP) slots and 2 literal slots
* JLink Info: TPIU fitted.
ROMTableAddr = 0xE00FF003
 
Target info:
------------
Device: STM32F103C8
VTarget = 3.300V
State of Pins: 
TCK: 0, TDI: 0, TDO: 1, TMS: 0, TRES: 1, TRST: 1
Hardware-Breakpoints: 6
Software-Breakpoints: 8192
Watchpoints:          4
JTAG speed: 2000 kHz
 
Full Chip Erase Done.
Programming Done.
Verify OK.
Application running ...
Build target 'CarCAN043'
compiling CANCom.c...
User_Src\CANCom.h(31): warning:  #1-D: last line of file ends without a newline
User_Src\CANCom.h(31): warning:  #1-D: last line of file ends without a newline
User_Src\CANCom.c(20): warning:  #177-D: variable "chksum" was declared but never referenced
linking...
Program Size: Code=18644 RO-data=320 RW-data=200 ZI-data=3008  
FromELF: creating hex file...
".\Output\CAN043.axf" - 0 Errors, 3 Warning(s).
Build target 'CarCAN043'
compiling CANCom.c...
User_Src\CANCom.h(31): warning:  #1-D: last line of file ends without a newline
User_Src\CANCom.h(31): warning:  #1-D: last line of file ends without a newline
User_Src\CANCom.c(20): warning:  #177-D: variable "chksum" was declared but never referenced
linking...
Program Size: Code=18644 RO-data=320 RW-data=200 ZI-data=3008  
FromELF: creating hex file...
".\Output\CAN043.axf" - 0 Errors, 3 Warning(s).
Load "C:\\Users\\Samit\\Desktop\\Program\\CarCAN043\\Output\\CAN043.axf" 
Set JLink Project File to "C:\Users\Samit\Desktop\Program\CarCAN043\JLinkSettings.ini"
* JLink Info: Device "STM32F103C8" selected (64 KB flash, 20 KB RAM).
 
JLink info:
------------
DLL: V4.80 , compiled Dec 20 2013 19:37:53
Firmware: J-Link ARM-OB STM32 compiled Aug 22 2012 19:52:04
Hardware: V7.00
S/N : 20160206 
Feature(s) : RDI,FlashDL,FlashBP,JFlash,GDBFull 
 
* JLink Info: Found SWD-DP with ID 0x1BA01477
* JLink Info: Found SWD-DP with ID 0x1BA01477
* JLink Info: Found Cortex-M3 r1p1, Little endian.
* JLink Info: FPUnit: 6 code (BP) slots and 2 literal slots
* JLink Info: TPIU fitted.
ROMTableAddr = 0xE00FF003
 
Target info:
------------
Device: STM32F103C8
VTarget = 3.300V
State of Pins: 
TCK: 0, TDI: 0, TDO: 1, TMS: 0, TRES: 1, TRST: 1
Hardware-Breakpoints: 6
Software-Breakpoints: 8192
Watchpoints:          4
JTAG speed: 2000 kHz
 
Full Chip Erase Done.
Programming Done.
Verify OK.
Application running ...
