<html>
<body>
<pre>
<h1>µVision Build Log</h1>
<h2>Project:</h2>
C:\Users\Samit\Desktop\Program\CarCAN043\MC.uvproj
Project File Date:  07/17/2016

<h2>Output:</h2>
Build target 'CarCAN099'
compiling main.c...
User_Src\CANCom.h(31): warning:  #1-D: last line of file ends without a newline
User_Src\main.c(59): warning:  #177-D: variable "keysBuffPre" was declared but never referenced
compiling CANCom.c...
User_Src\CANCom.h(31): warning:  #1-D: last line of file ends without a newline
User_Src\CANCom.h(31): warning:  #1-D: last line of file ends without a newline
User_Src\CANCom.c(19): warning:  #177-D: variable "msgCnt" was declared but never referenced
compiling KeyBoard.c...
User_Src\CANCom.h(31): warning:  #1-D: last line of file ends without a newline
User_Src\KeyBoard.c(168): warning:  #940-D: missing return statement at end of non-void function "KeyScan"
User_Src\KeyBoard.c(67): warning:  #177-D: variable "cntT" was declared but never referenced
User_Src\KeyBoard.c(212): warning:  #177-D: variable "NVIC_InitStructure" was declared but never referenced
User_Src\KeyBoard.c(29): warning:  #177-D: function "ADCInit" was declared but never referenced
linking...
Program Size: Code=17296 RO-data=320 RW-data=196 ZI-data=1988  
FromELF: creating hex file...
".\Output\CAN099.axf" - 0 Errors, 10 Warning(s).
Build target 'CarCAN099'
compiling CANCom.c...
User_Src\CANCom.h(31): warning:  #1-D: last line of file ends without a newline
User_Src\CANCom.h(31): warning:  #1-D: last line of file ends without a newline
User_Src\CANCom.c(19): warning:  #177-D: variable "msgCnt" was declared but never referenced
compiling KeyBoard.c...
User_Src\CANCom.h(31): warning:  #1-D: last line of file ends without a newline
User_Src\KeyBoard.c(68): warning:  #177-D: variable "cntT" was declared but never referenced
User_Src\KeyBoard.c(227): warning:  #177-D: variable "NVIC_InitStructure" was declared but never referenced
User_Src\KeyBoard.c(30): warning:  #177-D: function "ADCInit" was declared but never referenced
linking...
Program Size: Code=17396 RO-data=320 RW-data=196 ZI-data=1988  
FromELF: creating hex file...
".\Output\CAN099.axf" - 0 Errors, 7 Warning(s).
Build target 'CarCAN099'
linking...
Program Size: Code=17396 RO-data=320 RW-data=196 ZI-data=1988  
FromELF: creating hex file...
".\Output\CAN099.axf" - 0 Errors, 0 Warning(s).
Build target 'CarCAN099'
compiling main.c...
User_Src\CANCom.h(31): warning:  #1-D: last line of file ends without a newline
User_Src\main.c(59): warning:  #177-D: variable "keysBuffPre" was declared but never referenced
compiling CANCom.c...
User_Src\CANCom.h(31): warning:  #1-D: last line of file ends without a newline
User_Src\CANCom.h(31): warning:  #1-D: last line of file ends without a newline
User_Src\CANCom.c(19): warning:  #177-D: variable "msgCnt" was declared but never referenced
compiling KeyBoard.c...
User_Src\CANCom.h(31): warning:  #1-D: last line of file ends without a newline
User_Src\KeyBoard.c(68): warning:  #177-D: variable "cntT" was declared but never referenced
User_Src\KeyBoard.c(227): warning:  #177-D: variable "NVIC_InitStructure" was declared but never referenced
User_Src\KeyBoard.c(30): warning:  #177-D: function "ADCInit" was declared but never referenced
linking...
Program Size: Code=17380 RO-data=320 RW-data=196 ZI-data=1988  
FromELF: creating hex file...
".\Output\CAN099.axf" - 0 Errors, 9 Warning(s).
Build target 'CarCAN099'
compiling KeyBoard.c...
User_Src\CANCom.h(31): warning:  #1-D: last line of file ends without a newline
User_Src\KeyBoard.c(68): warning:  #177-D: variable "cntT" was declared but never referenced
User_Src\KeyBoard.c(231): warning:  #177-D: variable "NVIC_InitStructure" was declared but never referenced
User_Src\KeyBoard.c(30): warning:  #177-D: function "ADCInit" was declared but never referenced
linking...
Program Size: Code=17400 RO-data=320 RW-data=196 ZI-data=1988  
FromELF: creating hex file...
".\Output\CAN099.axf" - 0 Errors, 4 Warning(s).
Build target 'CarCAN099'
linking...
Program Size: Code=17400 RO-data=320 RW-data=196 ZI-data=1988  
FromELF: creating hex file...
".\Output\CAN099.axf" - 0 Errors, 0 Warning(s).
Load "C:\\Users\\Samit\\Desktop\\Program\\CarCAN043\\Output\\CAN099.axf" 
Set JLink Project File to "C:\Users\Samit\Desktop\Program\CarCAN043\JLinkSettings.ini"
* JLink Info: Device "STM32F103C8" selected (64 KB flash, 20 KB RAM).
 
JLink info:
------------
DLL: V4.80 , compiled Dec 20 2013 19:37:53
Firmware: J-Link ARM-OB STM32 compiled Aug 22 2012 19:52:04
Hardware: V7.00
S/N : 20160206 
Feature(s) : RDI,FlashDL,FlashBP,JFlash,GDBFull 
 
* JLink Info: Found SWD-DP with ID 0x1BA01477
* JLink Info: Found SWD-DP with ID 0x1BA01477
* JLink Info: Found Cortex-M3 r1p1, Little endian.
* JLink Info: FPUnit: 6 code (BP) slots and 2 literal slots
* JLink Info: TPIU fitted.
ROMTableAddr = 0xE00FF003
 
Target info:
------------
Device: STM32F103C8
VTarget = 3.300V
State of Pins: 
TCK: 0, TDI: 0, TDO: 1, TMS: 0, TRES: 1, TRST: 1
Hardware-Breakpoints: 6
Software-Breakpoints: 8192
Watchpoints:          4
JTAG speed: 2000 kHz
 
Erase Done.
Programming Done.
Verify OK.
Application running ...
Build target 'CarCAN099'
compiling main.c...
User_Src\CANCom.h(31): warning:  #1-D: last line of file ends without a newline
User_Src\main.c(58): warning:  #177-D: variable "keysBuffPre" was declared but never referenced
linking...
Program Size: Code=17400 RO-data=320 RW-data=196 ZI-data=1988  
FromELF: creating hex file...
".\Output\CAN099.axf" - 0 Errors, 2 Warning(s).
Rebuild target 'CarCAN099'
compiling core_cm3.c...
compiling system_stm32f10x.c...
assembling startup_stm32f10x_md.s...
compiling delay.c...
HardWareDriver\C\delay.c(10): warning:  #550-D: variable "fac_ms" was set but never used
compiling Led.c...
HardWareDriver\C\Led.c(20): warning:  #177-D: variable "PrescalerValue" was declared but never referenced
HardWareDriver\C\Led.c(100): warning:  #177-D: variable "GPIO_InitStructure" was declared but never referenced
compiling IIC.c...
compiling Tim.c...
compiling SPI.c...
compiling stmflash.c...
compiling UART1.c...
compiling Battery.c...
compiling BT.c...
compiling stm32f10x_exti.c...
compiling main.c...
User_Src\CANCom.h(31): warning:  #1-D: last line of file ends without a newline
User_Src\main.c(58): warning:  #177-D: variable "keysBuffPre" was declared but never referenced
compiling stm32f10x_it.c...
compiling Sys_Fun.c...
compiling CANCom.c...
User_Src\CANCom.h(31): warning:  #1-D: last line of file ends without a newline
User_Src\CANCom.h(31): warning:  #1-D: last line of file ends without a newline
User_Src\CANCom.c(19): warning:  #177-D: variable "msgCnt" was declared but never referenced
compiling KeyBoard.c...
User_Src\CANCom.h(31): warning:  #1-D: last line of file ends without a newline
User_Src\KeyBoard.c(68): warning:  #177-D: variable "cntT" was declared but never referenced
User_Src\KeyBoard.c(231): warning:  #177-D: variable "NVIC_InitStructure" was declared but never referenced
User_Src\KeyBoard.c(30): warning:  #177-D: function "ADCInit" was declared but never referenced
compiling misc.c...
compiling stm32f10x_gpio.c...
compiling stm32f10x_rcc.c...
compiling stm32f10x_tim.c...
compiling stm32f10x_usart.c...
compiling stm32f10x_i2c.c...
compiling stm32f10x_spi.c...
compiling stm32f10x_pwr.c...
compiling stm32f10x_can.c...
linking...
Program Size: Code=17400 RO-data=320 RW-data=196 ZI-data=1988  
FromELF: creating hex file...
".\Output\CAN099.axf" - 0 Errors, 12 Warning(s).
Load "C:\\Users\\Samit\\Desktop\\Program\\CarCAN043\\Output\\CAN099.axf" 
Set JLink Project File to "C:\Users\Samit\Desktop\Program\CarCAN043\JLinkSettings.ini"
* JLink Info: Device "STM32F103C8" selected (64 KB flash, 20 KB RAM).
 
JLink info:
------------
DLL: V4.80 , compiled Dec 20 2013 19:37:53
Firmware: J-Link ARM-OB STM32 compiled Aug 22 2012 19:52:04
Hardware: V7.00
S/N : 20160206 
Feature(s) : RDI,FlashDL,FlashBP,JFlash,GDBFull 
 
* JLink Info: Found SWD-DP with ID 0x1BA01477
* JLink Info: Found SWD-DP with ID 0x1BA01477
* JLink Info: Found Cortex-M3 r1p1, Little endian.
* JLink Info: FPUnit: 6 code (BP) slots and 2 literal slots
* JLink Info: TPIU fitted.
ROMTableAddr = 0xE00FF003
 
Target info:
------------
Device: STM32F103C8
VTarget = 3.300V
State of Pins: 
TCK: 0, TDI: 0, TDO: 1, TMS: 0, TRES: 1, TRST: 1
Hardware-Breakpoints: 6
Software-Breakpoints: 8192
Watchpoints:          4
JTAG speed: 2000 kHz
 
Erase Done.
Programming Done.
Verify OK.
Application running ...
Build target 'CarCAN099'
compiling main.c...
User_Src\CANCom.h(31): warning:  #1-D: last line of file ends without a newline
User_Src\main.c(58): warning:  #177-D: variable "keysBuffPre" was declared but never referenced
linking...
Program Size: Code=17400 RO-data=320 RW-data=196 ZI-data=1988  
FromELF: creating hex file...
".\Output\CAN099.axf" - 0 Errors, 2 Warning(s).
Load "C:\\Users\\Samit\\Desktop\\Program\\CarCAN043\\Output\\CAN099.axf" 
Set JLink Project File to "C:\Users\Samit\Desktop\Program\CarCAN043\JLinkSettings.ini"
* JLink Info: Device "STM32F103C8" selected (64 KB flash, 20 KB RAM).
 
JLink info:
------------
DLL: V4.80 , compiled Dec 20 2013 19:37:53
Firmware: J-Link ARM-OB STM32 compiled Aug 22 2012 19:52:04
Hardware: V7.00
S/N : 20160206 
Feature(s) : RDI,FlashDL,FlashBP,JFlash,GDBFull 
 
* JLink Info: Found SWD-DP with ID 0x1BA01477
* JLink Info: Found SWD-DP with ID 0x1BA01477
* JLink Info: Found Cortex-M3 r1p1, Little endian.
* JLink Info: FPUnit: 6 code (BP) slots and 2 literal slots
* JLink Info: TPIU fitted.
ROMTableAddr = 0xE00FF003
 
Target info:
------------
Device: STM32F103C8
VTarget = 3.300V
State of Pins: 
TCK: 0, TDI: 0, TDO: 1, TMS: 0, TRES: 1, TRST: 1
Hardware-Breakpoints: 6
Software-Breakpoints: 8192
Watchpoints:          4
JTAG speed: 2000 kHz
 
Erase Done.
Programming Done.
Verify OK.
Application running ...
Build target 'CarCAN099'
compiling main.c...
User_Src\CANCom.h(31): warning:  #1-D: last line of file ends without a newline
User_Src\main.c(58): warning:  #177-D: variable "keysBuffPre" was declared but never referenced
linking...
Program Size: Code=17396 RO-data=320 RW-data=196 ZI-data=1988  
FromELF: creating hex file...
".\Output\CAN099.axf" - 0 Errors, 2 Warning(s).
Load "C:\\Users\\Samit\\Desktop\\Program\\CarCAN043\\Output\\CAN099.axf" 
Set JLink Project File to "C:\Users\Samit\Desktop\Program\CarCAN043\JLinkSettings.ini"
* JLink Info: Device "STM32F103C8" selected (64 KB flash, 20 KB RAM).
 
JLink info:
------------
DLL: V4.80 , compiled Dec 20 2013 19:37:53
Firmware: J-Link ARM-OB STM32 compiled Aug 22 2012 19:52:04
Hardware: V7.00
S/N : 20160206 
Feature(s) : RDI,FlashDL,FlashBP,JFlash,GDBFull 
 
* JLink Info: Found SWD-DP with ID 0x1BA01477
* JLink Info: Found SWD-DP with ID 0x1BA01477
* JLink Info: Found Cortex-M3 r1p1, Little endian.
* JLink Info: FPUnit: 6 code (BP) slots and 2 literal slots
* JLink Info: TPIU fitted.
ROMTableAddr = 0xE00FF003
 
Target info:
------------
Device: STM32F103C8
VTarget = 3.300V
State of Pins: 
TCK: 0, TDI: 0, TDO: 1, TMS: 0, TRES: 1, TRST: 1
Hardware-Breakpoints: 6
Software-Breakpoints: 8192
Watchpoints:          4
JTAG speed: 2000 kHz
 
Erase Done.
Programming Done.
Verify OK.
Application running ...
Build target 'CarCAN099'
compiling main.c...
User_Src\CANCom.h(31): warning:  #1-D: last line of file ends without a newline
User_Src\main.c(58): warning:  #177-D: variable "keysBuffPre" was declared but never referenced
compiling KeyBoard.c...
User_Src\CANCom.h(31): warning:  #1-D: last line of file ends without a newline
User_Src\KeyBoard.c(68): warning:  #177-D: variable "cntT" was declared but never referenced
User_Src\KeyBoard.c(209): error:  #20: identifier "SP_BIT_EMS_STARTSTOP" is undefined
User_Src\KeyBoard.c(231): warning:  #177-D: variable "NVIC_InitStructure" was declared but never referenced
User_Src\KeyBoard.c(30): warning:  #177-D: function "ADCInit" was declared but never referenced
".\Output\CAN099.axf" - 1 Errors, 6 Warning(s).
Target not created
Build target 'CarCAN099'
compiling KeyBoard.c...
User_Src\CANCom.h(31): warning:  #1-D: last line of file ends without a newline
User_Src\KeyBoard.c(68): warning:  #177-D: variable "cntT" was declared but never referenced
User_Src\KeyBoard.c(232): warning:  #177-D: variable "NVIC_InitStructure" was declared but never referenced
User_Src\KeyBoard.c(30): warning:  #177-D: function "ADCInit" was declared but never referenced
linking...
Program Size: Code=17148 RO-data=320 RW-data=196 ZI-data=1988  
FromELF: creating hex file...
".\Output\CAN099.axf" - 0 Errors, 4 Warning(s).
Load "C:\\Users\\Samit\\Desktop\\Program\\CarCAN043\\Output\\CAN099.axf" 
Set JLink Project File to "C:\Users\Samit\Desktop\Program\CarCAN043\JLinkSettings.ini"
* JLink Info: Device "STM32F103C8" selected (64 KB flash, 20 KB RAM).
 
JLink info:
------------
DLL: V4.80 , compiled Dec 20 2013 19:37:53
Firmware: J-Link ARM-OB STM32 compiled Aug 22 2012 19:52:04
Hardware: V7.00
S/N : 20160206 
Feature(s) : RDI,FlashDL,FlashBP,JFlash,GDBFull 
 
* JLink Info: Found SWD-DP with ID 0x1BA01477
* JLink Info: Found SWD-DP with ID 0x1BA01477
* JLink Info: Found Cortex-M3 r1p1, Little endian.
* JLink Info: FPUnit: 6 code (BP) slots and 2 literal slots
* JLink Info: TPIU fitted.
ROMTableAddr = 0xE00FF003
 
Target info:
------------
Device: STM32F103C8
VTarget = 3.300V
State of Pins: 
TCK: 0, TDI: 0, TDO: 1, TMS: 0, TRES: 1, TRST: 1
Hardware-Breakpoints: 6
Software-Breakpoints: 8192
Watchpoints:          4
JTAG speed: 2000 kHz
 
Erase Done.
Programming Done.
Verify OK.
Application running ...
Build target 'CarCAN099'
compiling KeyBoard.c...
User_Src\CANCom.h(31): warning:  #1-D: last line of file ends without a newline
User_Src\KeyBoard.c(68): warning:  #177-D: variable "cntT" was declared but never referenced
User_Src\KeyBoard.c(232): warning:  #177-D: variable "NVIC_InitStructure" was declared but never referenced
User_Src\KeyBoard.c(30): warning:  #177-D: function "ADCInit" was declared but never referenced
linking...
Program Size: Code=17152 RO-data=320 RW-data=196 ZI-data=1988  
FromELF: creating hex file...
".\Output\CAN099.axf" - 0 Errors, 4 Warning(s).
Build target 'CarCAN099'
linking...
Program Size: Code=17152 RO-data=320 RW-data=196 ZI-data=1988  
FromELF: creating hex file...
".\Output\CAN099.axf" - 0 Errors, 0 Warning(s).
Load "C:\\Users\\Samit\\Desktop\\Program\\CarCAN043\\Output\\CAN099.axf" 
Set JLink Project File to "C:\Users\Samit\Desktop\Program\CarCAN043\JLinkSettings.ini"
* JLink Info: Device "STM32F103C8" selected (64 KB flash, 20 KB RAM).
 
JLink info:
------------
DLL: V4.80 , compiled Dec 20 2013 19:37:53
Firmware: J-Link ARM-OB STM32 compiled Aug 22 2012 19:52:04
Hardware: V7.00
S/N : 20160206 
Feature(s) : RDI,FlashDL,FlashBP,JFlash,GDBFull 
 
* JLink Info: Found SWD-DP with ID 0x1BA01477
* JLink Info: Found SWD-DP with ID 0x1BA01477
* JLink Info: Found Cortex-M3 r1p1, Little endian.
* JLink Info: FPUnit: 6 code (BP) slots and 2 literal slots
* JLink Info: TPIU fitted.
ROMTableAddr = 0xE00FF003
 
Target info:
------------
Device: STM32F103C8
VTarget = 3.300V
State of Pins: 
TCK: 0, TDI: 0, TDO: 1, TMS: 0, TRES: 1, TRST: 1
Hardware-Breakpoints: 6
Software-Breakpoints: 8192
Watchpoints:          4
JTAG speed: 2000 kHz
 
Erase Done.
Programming Done.
Verify OK.
Application running ...
Build target 'CarCAN099'
compiling main.c...
User_Src\CANCom.h(31): warning:  #1-D: last line of file ends without a newline
User_Src\main.c(58): warning:  #177-D: variable "keysBuffPre" was declared but never referenced
compiling KeyBoard.c...
User_Src\CANCom.h(31): warning:  #1-D: last line of file ends without a newline
User_Src\KeyBoard.c(69): warning:  #177-D: variable "cntT" was declared but never referenced
User_Src\KeyBoard.c(246): warning:  #177-D: variable "NVIC_InitStructure" was declared but never referenced
User_Src\KeyBoard.c(31): warning:  #177-D: function "ADCInit" was declared but never referenced
linking...
Program Size: Code=17200 RO-data=320 RW-data=200 ZI-data=1984  
FromELF: creating hex file...
".\Output\CAN099.axf" - 0 Errors, 6 Warning(s).
Build target 'CarCAN099'
linking...
Program Size: Code=17200 RO-data=320 RW-data=200 ZI-data=1984  
FromELF: creating hex file...
".\Output\CAN099.axf" - 0 Errors, 0 Warning(s).
Build target 'CarCAN099'
compiling KeyBoard.c...
User_Src\CANCom.h(31): warning:  #1-D: last line of file ends without a newline
User_Src\KeyBoard.c(69): warning:  #177-D: variable "cntT" was declared but never referenced
User_Src\KeyBoard.c(247): warning:  #177-D: variable "NVIC_InitStructure" was declared but never referenced
User_Src\KeyBoard.c(31): warning:  #177-D: function "ADCInit" was declared but never referenced
linking...
Program Size: Code=17204 RO-data=320 RW-data=200 ZI-data=1984  
FromELF: creating hex file...
".\Output\CAN099.axf" - 0 Errors, 4 Warning(s).
Load "C:\\Users\\Samit\\Desktop\\Program\\CarCAN043\\Output\\CAN099.axf" 
Set JLink Project File to "C:\Users\Samit\Desktop\Program\CarCAN043\JLinkSettings.ini"
* JLink Info: Device "STM32F103C8" selected (64 KB flash, 20 KB RAM).
 
JLink info:
------------
DLL: V4.80 , compiled Dec 20 2013 19:37:53
Firmware: J-Link ARM-OB STM32 compiled Aug 22 2012 19:52:04
Hardware: V7.00
S/N : 20160206 
Feature(s) : RDI,FlashDL,FlashBP,JFlash,GDBFull 
 
* JLink Info: Found SWD-DP with ID 0x1BA01477
* JLink Info: Found SWD-DP with ID 0x1BA01477
* JLink Info: Found Cortex-M3 r1p1, Little endian.
* JLink Info: FPUnit: 6 code (BP) slots and 2 literal slots
* JLink Info: TPIU fitted.
ROMTableAddr = 0xE00FF003
 
Target info:
------------
Device: STM32F103C8
VTarget = 3.300V
State of Pins: 
TCK: 0, TDI: 0, TDO: 1, TMS: 0, TRES: 1, TRST: 1
Hardware-Breakpoints: 6
Software-Breakpoints: 8192
Watchpoints:          4
JTAG speed: 2000 kHz
 
Erase Done.
Programming Done.
Verify OK.
Application running ...
Build target 'CarCAN099'
compiling main.c...
User_Src\CANCom.h(31): warning:  #1-D: last line of file ends without a newline
User_Src\main.c(61): warning:  #177-D: variable "keysBuffPre" was declared but never referenced
compiling KeyBoard.c...
User_Src\CANCom.h(31): warning:  #1-D: last line of file ends without a newline
User_Src\KeyBoard.c(70): warning:  #177-D: variable "cntT" was declared but never referenced
User_Src\KeyBoard.c(250): warning:  #177-D: variable "NVIC_InitStructure" was declared but never referenced
User_Src\KeyBoard.c(32): warning:  #177-D: function "ADCInit" was declared but never referenced
compiling ConfigTable.c...
User_Src\ConfigTable.c(84): warning:  #177-D: variable "temp" was declared but never referenced
linking...
Program Size: Code=18200 RO-data=320 RW-data=216 ZI-data=3008  
FromELF: creating hex file...
".\Output\CAN099.axf" - 0 Errors, 7 Warning(s).
Load "C:\\Users\\Samit\\Desktop\\Program\\CarCAN043\\Output\\CAN099.axf" 
Set JLink Project File to "C:\Users\Samit\Desktop\Program\CarCAN043\JLinkSettings.ini"
* JLink Info: Device "STM32F103C8" selected (64 KB flash, 20 KB RAM).
 
JLink info:
------------
DLL: V4.80 , compiled Dec 20 2013 19:37:53
Firmware: J-Link ARM-OB STM32 compiled Aug 22 2012 19:52:04
Hardware: V7.00
S/N : 20160206 
Feature(s) : RDI,FlashDL,FlashBP,JFlash,GDBFull 
 
* JLink Info: Found SWD-DP with ID 0x1BA01477
* JLink Info: Found SWD-DP with ID 0x1BA01477
* JLink Info: Found Cortex-M3 r1p1, Little endian.
* JLink Info: FPUnit: 6 code (BP) slots and 2 literal slots
* JLink Info: TPIU fitted.
ROMTableAddr = 0xE00FF003
 
Target info:
------------
Device: STM32F103C8
VTarget = 3.300V
State of Pins: 
TCK: 0, TDI: 0, TDO: 1, TMS: 0, TRES: 1, TRST: 1
Hardware-Breakpoints: 6
Software-Breakpoints: 8192
Watchpoints:          4
JTAG speed: 2000 kHz
 
Erase Done.
Programming Done.
Verify OK.
Application running ...
Build target 'CarCAN099'
compiling stmflash.c...
HardWareDriver\C\stmflash.c(17): error:  #7: unrecognized token
HardWareDriver\C\stmflash.c(17): error:  #20: identifier "\u9286\u4f75" is undefined
HardWareDriver\C\stmflash.c(17): error:  #65: expected a ";"
compiling ConfigTable.c...
User_Src\ConfigTable.c(84): warning:  #177-D: variable "temp" was declared but never referenced
".\Output\CAN099.axf" - 3 Errors, 1 Warning(s).
Target not created
Build target 'CarCAN099'
compiling stmflash.c...
linking...
Program Size: Code=18160 RO-data=320 RW-data=216 ZI-data=3008  
FromELF: creating hex file...
".\Output\CAN099.axf" - 0 Errors, 0 Warning(s).
Load "C:\\Users\\Samit\\Desktop\\Program\\CarCAN043\\Output\\CAN099.axf" 
Set JLink Project File to "C:\Users\Samit\Desktop\Program\CarCAN043\JLinkSettings.ini"
* JLink Info: Device "STM32F103C8" selected (64 KB flash, 20 KB RAM).
 
JLink info:
------------
DLL: V4.80 , compiled Dec 20 2013 19:37:53
Firmware: J-Link ARM-OB STM32 compiled Aug 22 2012 19:52:04
Hardware: V7.00
S/N : 20160206 
Feature(s) : RDI,FlashDL,FlashBP,JFlash,GDBFull 
 
* JLink Info: Found SWD-DP with ID 0x1BA01477
* JLink Info: Found SWD-DP with ID 0x1BA01477
* JLink Info: Found Cortex-M3 r1p1, Little endian.
* JLink Info: FPUnit: 6 code (BP) slots and 2 literal slots
* JLink Info: TPIU fitted.
ROMTableAddr = 0xE00FF003
 
Target info:
------------
Device: STM32F103C8
VTarget = 3.300V
State of Pins: 
TCK: 0, TDI: 0, TDO: 1, TMS: 0, TRES: 1, TRST: 1
Hardware-Breakpoints: 6
Software-Breakpoints: 8192
Watchpoints:          4
JTAG speed: 2000 kHz
 
Erase Done.
Programming Done.
Verify OK.
Application running ...
Build target 'CarCAN099'
compiling KeyBoard.c...
User_Src\CANCom.h(31): warning:  #1-D: last line of file ends without a newline
User_Src\KeyBoard.c(70): warning:  #177-D: variable "cntT" was declared but never referenced
User_Src\KeyBoard.c(250): warning:  #177-D: variable "NVIC_InitStructure" was declared but never referenced
User_Src\KeyBoard.c(32): warning:  #177-D: function "ADCInit" was declared but never referenced
linking...
Program Size: Code=18152 RO-data=320 RW-data=216 ZI-data=3008  
FromELF: creating hex file...
".\Output\CAN099.axf" - 0 Errors, 4 Warning(s).
Load "C:\\Users\\Samit\\Desktop\\Program\\CarCAN043\\Output\\CAN099.axf" 
Set JLink Project File to "C:\Users\Samit\Desktop\Program\CarCAN043\JLinkSettings.ini"
* JLink Info: Device "STM32F103C8" selected (64 KB flash, 20 KB RAM).
 
JLink info:
------------
DLL: V4.80 , compiled Dec 20 2013 19:37:53
Firmware: J-Link ARM-OB STM32 compiled Aug 22 2012 19:52:04
Hardware: V7.00
S/N : 20160206 
Feature(s) : RDI,FlashDL,FlashBP,JFlash,GDBFull 
 
* JLink Info: Found SWD-DP with ID 0x1BA01477
* JLink Info: Found SWD-DP with ID 0x1BA01477
* JLink Info: Found Cortex-M3 r1p1, Little endian.
* JLink Info: FPUnit: 6 code (BP) slots and 2 literal slots
* JLink Info: TPIU fitted.
ROMTableAddr = 0xE00FF003
 
Target info:
------------
Device: STM32F103C8
VTarget = 3.300V
State of Pins: 
TCK: 0, TDI: 0, TDO: 1, TMS: 0, TRES: 1, TRST: 1
Hardware-Breakpoints: 6
Software-Breakpoints: 8192
Watchpoints:          4
JTAG speed: 2000 kHz
 
Erase Done.
Programming Done.
Verify OK.
Application running ...
Build target 'CarCAN043'
linking...
Program Size: Code=18152 RO-data=320 RW-data=216 ZI-data=3008  
FromELF: creating hex file...
".\Output\CAN099.axf" - 0 Errors, 0 Warning(s).
Build target 'CarCAN043'
compiling KeyBoard.c...
User_Src\CANCom.h(31): warning:  #1-D: last line of file ends without a newline
User_Src\KeyBoard.c(72): warning:  #177-D: variable "cntT" was declared but never referenced
User_Src\KeyBoard.c(252): warning:  #177-D: variable "NVIC_InitStructure" was declared but never referenced
User_Src\KeyBoard.c(34): warning:  #177-D: function "ADCInit" was declared but never referenced
linking...
Program Size: Code=18152 RO-data=320 RW-data=216 ZI-data=3008  
FromELF: creating hex file...
".\Output\CAN099.axf" - 0 Errors, 4 Warning(s).
Build target 'CarCAN043'
compiling main.c...
User_Src\KeyBoard.h(1): error:  #37: the #endif for this directive is missing
User_Src\CANCom.h(31): warning:  #1-D: last line of file ends without a newline
User_Src\KeyBoard.h(1): error:  #37: the #endif for this directive is missing
User_Src\main.c(27): warning:  #223-D: function "KeyAndLEDInit" declared implicitly
User_Src\main.c(42): warning:  #223-D: function "CANInit" declared implicitly
User_Src\main.c(47): error:  #20: identifier "TxMessage" is undefined
User_Src\main.c(47): error:  #20: identifier "ID_CCP" is undefined
User_Src\main.c(66): warning:  #223-D: function "KeyScan" declared implicitly
User_Src\main.c(72): warning:  #223-D: function "Keys2candata" declared implicitly
User_Src\main.c(72): error:  #20: identifier "keysBuff" is undefined
User_Src\main.c(61): warning:  #177-D: variable "keysBuffPre" was declared but never referenced
User_Src\main.c(85): warning:  #223-D: function "EncoderRead" declared implicitly
User_Src\main.c(90): warning:  #223-D: function "EncoderRead" declared implicitly
User_Src\main.c(107): error:  #35: #error directive: "CAN2 is implemented only in Connectivity line devices"
compiling CANCom.c...
User_Src\CANCom.h(31): warning:  #1-D: last line of file ends without a newline
User_Src\KeyBoard.h(1): error:  #37: the #endif for this directive is missing
User_Src\CANCom.h(31): warning:  #1-D: last line of file ends without a newline
User_Src\CANCom.c(24): error:  #20: identifier "indKeyIO" is undefined
User_Src\CANCom.c(19): warning:  #177-D: variable "msgCnt" was declared but never referenced
compiling KeyBoard.c...
User_Src\KeyBoard.h(1): error:  #37: the #endif for this directive is missing
User_Src\CANCom.h(31): warning:  #1-D: last line of file ends without a newline
User_Src\KeyBoard.h(1): error:  #37: the #endif for this directive is missing
User_Src\KeyBoard.c(13): error:  #20: identifier "KeyIO_t" is undefined
User_Src\KeyBoard.c(72): warning:  #177-D: variable "cntT" was declared but never referenced
User_Src\KeyBoard.c(252): warning:  #177-D: variable "NVIC_InitStructure" was declared but never referenced
User_Src\KeyBoard.c(34): warning:  #177-D: function "ADCInit" was declared but never referenced
".\Output\CAN099.axf" - 11 Errors, 15 Warning(s).
Target not created
Build target 'CarCAN043'
compiling main.c...
User_Src\CANCom.h(31): warning:  #1-D: last line of file ends without a newline
User_Src\main.c(61): warning:  #177-D: variable "keysBuffPre" was declared but never referenced
compiling CANCom.c...
User_Src\CANCom.h(31): warning:  #1-D: last line of file ends without a newline
User_Src\CANCom.h(31): warning:  #1-D: last line of file ends without a newline
User_Src\CANCom.c(19): warning:  #177-D: variable "msgCnt" was declared but never referenced
compiling KeyBoard.c...
User_Src\CANCom.h(31): warning:  #1-D: last line of file ends without a newline
User_Src\KeyBoard.c(13): error:  #40: expected an identifier
User_Src\KeyBoard.c(20): error:  #146: too many initializer values
User_Src\KeyBoard.c(125): error:  #40: expected an identifier
User_Src\KeyBoard.c(76): warning:  #177-D: variable "ksStartStop" was declared but never referenced
User_Src\KeyBoard.c(77): warning:  #177-D: variable "cntT" was declared but never referenced
User_Src\KeyBoard.c(260): warning:  #177-D: variable "NVIC_InitStructure" was declared but never referenced
User_Src\KeyBoard.c(39): warning:  #177-D: function "ADCInit" was declared but never referenced
".\Output\CAN099.axf" - 3 Errors, 10 Warning(s).
Target not created
Build target 'CarCAN043'
compiling KeyBoard.c...
User_Src\CANCom.h(31): warning:  #1-D: last line of file ends without a newline
User_Src\KeyBoard.c(125): error:  #40: expected an identifier
User_Src\KeyBoard.c(76): warning:  #177-D: variable "ksStartStop" was declared but never referenced
User_Src\KeyBoard.c(77): warning:  #177-D: variable "cntT" was declared but never referenced
User_Src\KeyBoard.c(260): warning:  #177-D: variable "NVIC_InitStructure" was declared but never referenced
User_Src\KeyBoard.c(39): warning:  #177-D: function "ADCInit" was declared but never referenced
".\Output\CAN099.axf" - 1 Errors, 5 Warning(s).
Target not created
Build target 'CarCAN043'
compiling KeyBoard.c...
User_Src\CANCom.h(31): warning:  #1-D: last line of file ends without a newline
User_Src\KeyBoard.c(76): warning:  #177-D: variable "ksStartStop" was declared but never referenced
User_Src\KeyBoard.c(77): warning:  #177-D: variable "cntT" was declared but never referenced
User_Src\KeyBoard.c(260): warning:  #177-D: variable "NVIC_InitStructure" was declared but never referenced
User_Src\KeyBoard.c(39): warning:  #177-D: function "ADCInit" was declared but never referenced
linking...
Program Size: Code=17972 RO-data=320 RW-data=196 ZI-data=3012  
FromELF: creating hex file...
".\Output\CAN099.axf" - 0 Errors, 5 Warning(s).
Load "C:\\Users\\Samit\\Desktop\\Program\\CarCAN043\\Output\\CAN099.axf" 
Set JLink Project File to "C:\Users\Samit\Desktop\Program\CarCAN043\JLinkSettings.ini"
* JLink Info: Device "STM32F103C8" selected (64 KB flash, 20 KB RAM).
 
JLink info:
------------
DLL: V4.80 , compiled Dec 20 2013 19:37:53
Firmware: J-Link ARM-OB STM32 compiled Aug 22 2012 19:52:04
Hardware: V7.00
S/N : 20160206 
Feature(s) : RDI,FlashDL,FlashBP,JFlash,GDBFull 
 
* JLink Info: Found SWD-DP with ID 0x1BA01477
* JLink Info: Found SWD-DP with ID 0x1BA01477
* JLink Info: Found Cortex-M3 r1p1, Little endian.
* JLink Info: FPUnit: 6 code (BP) slots and 2 literal slots
* JLink Info: TPIU fitted.
ROMTableAddr = 0xE00FF003
 
Target info:
------------
Device: STM32F103C8
VTarget = 3.300V
State of Pins: 
TCK: 0, TDI: 0, TDO: 1, TMS: 0, TRES: 1, TRST: 1
Hardware-Breakpoints: 6
Software-Breakpoints: 8192
Watchpoints:          4
JTAG speed: 2000 kHz
 
Erase Done.
Programming Done.
Verify OK.
Application running ...
Build target 'CarCAN043'
compiling KeyBoard.c...
User_Src\CANCom.h(31): warning:  #1-D: last line of file ends without a newline
User_Src\KeyBoard.c(79): warning:  #177-D: variable "ksStartStop" was declared but never referenced
User_Src\KeyBoard.c(80): warning:  #177-D: variable "cntT" was declared but never referenced
User_Src\KeyBoard.c(263): warning:  #177-D: variable "NVIC_InitStructure" was declared but never referenced
User_Src\KeyBoard.c(42): warning:  #177-D: function "ADCInit" was declared but never referenced
linking...
Program Size: Code=17972 RO-data=320 RW-data=196 ZI-data=3012  
FromELF: creating hex file...
".\Output\CAN099.axf" - 0 Errors, 5 Warning(s).
Load "C:\\Users\\Samit\\Desktop\\Program\\CarCAN043\\Output\\CAN099.axf" 
Set JLink Project File to "C:\Users\Samit\Desktop\Program\CarCAN043\JLinkSettings.ini"
* JLink Info: Device "STM32F103C8" selected (64 KB flash, 20 KB RAM).
 
JLink info:
------------
DLL: V4.80 , compiled Dec 20 2013 19:37:53
Firmware: J-Link ARM-OB STM32 compiled Aug 22 2012 19:52:04
Hardware: V7.00
S/N : 20160206 
Feature(s) : RDI,FlashDL,FlashBP,JFlash,GDBFull 
 
* JLink Info: Found SWD-DP with ID 0x1BA01477
* JLink Info: Found SWD-DP with ID 0x1BA01477
* JLink Info: Found Cortex-M3 r1p1, Little endian.
* JLink Info: FPUnit: 6 code (BP) slots and 2 literal slots
* JLink Info: TPIU fitted.
ROMTableAddr = 0xE00FF003
 
Target info:
------------
Device: STM32F103C8
VTarget = 3.300V
State of Pins: 
TCK: 0, TDI: 0, TDO: 1, TMS: 0, TRES: 1, TRST: 1
Hardware-Breakpoints: 6
Software-Breakpoints: 8192
Watchpoints:          4
JTAG speed: 2000 kHz
 
Erase Done.
Programming Done.
Verify OK.
Application running ...
Build target 'CarCAN043'
compiling KeyBoard.c...
User_Src\CANCom.h(31): warning:  #1-D: last line of file ends without a newline
User_Src\KeyBoard.c(79): warning:  #177-D: variable "ksStartStop" was declared but never referenced
User_Src\KeyBoard.c(80): warning:  #177-D: variable "cntT" was declared but never referenced
User_Src\KeyBoard.c(263): warning:  #177-D: variable "NVIC_InitStructure" was declared but never referenced
User_Src\KeyBoard.c(42): warning:  #177-D: function "ADCInit" was declared but never referenced
linking...
Program Size: Code=17972 RO-data=320 RW-data=196 ZI-data=3012  
FromELF: creating hex file...
".\Output\CAN099.axf" - 0 Errors, 5 Warning(s).
Build target 'CarCAN043'
compiling main.c...
User_Src\CANCom.h(31): warning:  #1-D: last line of file ends without a newline
User_Src\main.c(61): warning:  #177-D: variable "keysBuffPre" was declared but never referenced
compiling CANCom.c...
User_Src\CANCom.h(31): warning:  #1-D: last line of file ends without a newline
User_Src\CANCom.h(31): warning:  #1-D: last line of file ends without a newline
User_Src\CANCom.c(19): warning:  #177-D: variable "msgCnt" was declared but never referenced
compiling KeyBoard.c...
User_Src\CANCom.h(31): warning:  #1-D: last line of file ends without a newline
User_Src\KeyBoard.c(80): warning:  #177-D: variable "cntT" was declared but never referenced
User_Src\KeyBoard.c(263): warning:  #177-D: variable "NVIC_InitStructure" was declared but never referenced
User_Src\KeyBoard.c(42): warning:  #177-D: function "ADCInit" was declared but never referenced
linking...
Program Size: Code=18152 RO-data=320 RW-data=216 ZI-data=3008  
FromELF: creating hex file...
".\Output\CAN099.axf" - 0 Errors, 9 Warning(s).
Load "C:\\Users\\Samit\\Desktop\\Program\\CarCAN043\\Output\\CAN099.axf" 
Set JLink Project File to "C:\Users\Samit\Desktop\Program\CarCAN043\JLinkSettings.ini"
* JLink Info: Device "STM32F103C8" selected (64 KB flash, 20 KB RAM).
 
JLink info:
------------
DLL: V4.80 , compiled Dec 20 2013 19:37:53
Firmware: J-Link ARM-OB STM32 compiled Aug 22 2012 19:52:04
Hardware: V7.00
S/N : 20160206 
Feature(s) : RDI,FlashDL,FlashBP,JFlash,GDBFull 
 
* JLink Info: Found SWD-DP with ID 0x1BA01477
* JLink Info: Found SWD-DP with ID 0x1BA01477
* JLink Info: Found Cortex-M3 r1p1, Little endian.
* JLink Info: FPUnit: 6 code (BP) slots and 2 literal slots
* JLink Info: TPIU fitted.
ROMTableAddr = 0xE00FF003
 
Target info:
------------
Device: STM32F103C8
VTarget = 3.300V
State of Pins: 
TCK: 0, TDI: 0, TDO: 1, TMS: 0, TRES: 1, TRST: 1
Hardware-Breakpoints: 6
Software-Breakpoints: 8192
Watchpoints:          4
JTAG speed: 2000 kHz
 
Erase Done.
Programming Done.
Verify OK.
Application running ...
Build target 'CarCAN043'
compiling KeyBoard.c...
User_Src\CANCom.h(31): warning:  #1-D: last line of file ends without a newline
User_Src\KeyBoard.c(80): warning:  #177-D: variable "cntT" was declared but never referenced
User_Src\KeyBoard.c(263): warning:  #177-D: variable "NVIC_InitStructure" was declared but never referenced
User_Src\KeyBoard.c(42): warning:  #177-D: function "ADCInit" was declared but never referenced
linking...
Program Size: Code=18152 RO-data=320 RW-data=216 ZI-data=3008  
FromELF: creating hex file...
".\Output\CAN099.axf" - 0 Errors, 4 Warning(s).
Build target 'CarCAN043'
linking...
Program Size: Code=18152 RO-data=320 RW-data=216 ZI-data=3008  
FromELF: creating hex file...
".\Output\CAN099.axf" - 0 Errors, 0 Warning(s).
Build target 'CarCAN043'
compiling Battery.c...
compiling BT.c...
linking...
Program Size: Code=18152 RO-data=320 RW-data=216 ZI-data=3008  
FromELF: creating hex file...
".\Output\CAN099.axf" - 0 Errors, 0 Warning(s).
Build target 'CarCAN043'
linking...
Program Size: Code=18152 RO-data=320 RW-data=216 ZI-data=3008  
FromELF: creating hex file...
".\Output\CAN043.axf" - 0 Errors, 0 Warning(s).
Build target 'CarCAN043'
compiling main.c...
User_Src\CANCom.h(31): warning:  #1-D: last line of file ends without a newline
User_Src\main.c(61): warning:  #177-D: variable "keysBuffPre" was declared but never referenced
compiling CANCom.c...
User_Src\CANCom.h(31): warning:  #1-D: last line of file ends without a newline
User_Src\CANCom.h(31): warning:  #1-D: last line of file ends without a newline
User_Src\CANCom.c(19): warning:  #177-D: variable "msgCnt" was declared but never referenced
compiling KeyBoard.c...
User_Src\CANCom.h(31): warning:  #1-D: last line of file ends without a newline
User_Src\KeyBoard.c(79): warning:  #177-D: variable "ksStartStop" was declared but never referenced
User_Src\KeyBoard.c(80): warning:  #177-D: variable "cntT" was declared but never referenced
User_Src\KeyBoard.c(263): warning:  #177-D: variable "NVIC_InitStructure" was declared but never referenced
User_Src\KeyBoard.c(42): warning:  #177-D: function "ADCInit" was declared but never referenced
linking...
Program Size: Code=17972 RO-data=320 RW-data=196 ZI-data=3012  
FromELF: creating hex file...
".\Output\CAN043.axf" - 0 Errors, 10 Warning(s).
Build target 'CarCAN043'
compiling PVD.c...
User_Src\PVD.h(6): warning:  #1295-D: Deprecated declaration PVD_All_Init - give arg types
User_Src\PVD.h(8): warning:  #1-D: last line of file ends without a newline
compiling main.c...
User_Src\CANCom.h(31): warning:  #1-D: last line of file ends without a newline
User_Src\main.c(61): warning:  #177-D: variable "keysBuffPre" was declared but never referenced
compiling KeyBoard.c...
User_Src\CANCom.h(31): warning:  #1-D: last line of file ends without a newline
User_Src\KeyBoard.c(79): warning:  #177-D: variable "ksStartStop" was declared but never referenced
User_Src\KeyBoard.c(80): warning:  #177-D: variable "cntT" was declared but never referenced
User_Src\KeyBoard.c(263): warning:  #177-D: variable "NVIC_InitStructure" was declared but never referenced
User_Src\KeyBoard.c(42): warning:  #177-D: function "ADCInit" was declared but never referenced
linking...
Program Size: Code=18616 RO-data=320 RW-data=196 ZI-data=3012  
FromELF: creating hex file...
".\Output\CAN043.axf" - 0 Errors, 9 Warning(s).
Load "C:\\Users\\Samit\\Desktop\\Program\\CarCAN043\\Output\\CAN043.axf" 
Set JLink Project File to "C:\Users\Samit\Desktop\Program\CarCAN043\JLinkSettings.ini"
* JLink Info: Device "STM32F103C8" selected (64 KB flash, 20 KB RAM).
 
JLink info:
------------
DLL: V4.80 , compiled Dec 20 2013 19:37:53
Firmware: J-Link ARM-OB STM32 compiled Aug 22 2012 19:52:04
Hardware: V7.00
S/N : 20160206 
Feature(s) : RDI,FlashDL,FlashBP,JFlash,GDBFull 
 
* JLink Info: Found SWD-DP with ID 0x1BA01477
* JLink Info: Found SWD-DP with ID 0x1BA01477
* JLink Info: Found Cortex-M3 r1p1, Little endian.
* JLink Info: FPUnit: 6 code (BP) slots and 2 literal slots
* JLink Info: TPIU fitted.
ROMTableAddr = 0xE00FF003
 
Target info:
------------
Device: STM32F103C8
VTarget = 3.300V
State of Pins: 
TCK: 0, TDI: 0, TDO: 1, TMS: 0, TRES: 1, TRST: 1
Hardware-Breakpoints: 6
Software-Breakpoints: 8192
Watchpoints:          4
JTAG speed: 2000 kHz
 
Erase Done.
Programming Done.
Verify OK.
Application running ...
Build target 'CarCAN043'
compiling PVD.c...
User_Src\PVD.h(6): warning:  #1295-D: Deprecated declaration PVD_All_Init - give arg types
User_Src\PVD.h(8): warning:  #1-D: last line of file ends without a newline
compiling main.c...
User_Src\CANCom.h(31): warning:  #1-D: last line of file ends without a newline
User_Src\main.c(61): warning:  #177-D: variable "keysBuffPre" was declared but never referenced
compiling CANCom.c...
User_Src\CANCom.h(31): warning:  #1-D: last line of file ends without a newline
User_Src\CANCom.h(31): warning:  #1-D: last line of file ends without a newline
User_Src\CANCom.c(19): warning:  #177-D: variable "msgCnt" was declared but never referenced
compiling KeyBoard.c...
User_Src\CANCom.h(31): warning:  #1-D: last line of file ends without a newline
User_Src\KeyBoard.c(81): warning:  #177-D: variable "cntT" was declared but never referenced
User_Src\KeyBoard.c(264): warning:  #177-D: variable "NVIC_InitStructure" was declared but never referenced
User_Src\KeyBoard.c(43): warning:  #177-D: function "ADCInit" was declared but never referenced
linking...
Program Size: Code=18788 RO-data=320 RW-data=216 ZI-data=3008  
FromELF: creating hex file...
".\Output\CAN043.axf" - 0 Errors, 11 Warning(s).
Load "C:\\Users\\Samit\\Desktop\\Program\\CarCAN043\\Output\\CAN043.axf" 
Set JLink Project File to "C:\Users\Samit\Desktop\Program\CarCAN043\JLinkSettings.ini"
* JLink Info: Device "STM32F103C8" selected (64 KB flash, 20 KB RAM).
 
JLink info:
------------
DLL: V4.80 , compiled Dec 20 2013 19:37:53
Firmware: J-Link ARM-OB STM32 compiled Aug 22 2012 19:52:04
Hardware: V7.00
S/N : 20160206 
Feature(s) : RDI,FlashDL,FlashBP,JFlash,GDBFull 
 
* JLink Info: Found SWD-DP with ID 0x1BA01477
* JLink Info: Found SWD-DP with ID 0x1BA01477
* JLink Info: Found Cortex-M3 r1p1, Little endian.
* JLink Info: FPUnit: 6 code (BP) slots and 2 literal slots
* JLink Info: TPIU fitted.
ROMTableAddr = 0xE00FF003
 
Target info:
------------
Device: STM32F103C8
VTarget = 3.300V
State of Pins: 
TCK: 0, TDI: 0, TDO: 1, TMS: 0, TRES: 1, TRST: 1
Hardware-Breakpoints: 6
Software-Breakpoints: 8192
Watchpoints:          4
JTAG speed: 2000 kHz
 
Erase Done.
Programming Done.
***JLink Error: Can not read register 0 (R0) while CPU is running
***JLink Error: Can not read register 1 (R1) while CPU is running
***JLink Error: Can not read register 2 (R2) while CPU is running
***JLink Error: Can not read register 3 (R3) while CPU is running
***JLink Error: Can not read register 4 (R4) while CPU is running
***JLink Error: Can not read register 5 (R5) while CPU is running
***JLink Error: Can not read register 6 (R6) while CPU is running
***JLink Error: Can not read register 7 (R7) while CPU is running
***JLink Error: Can not read register 8 (R8) while CPU is running
***JLink Error: Can not read register 9 (R9) while CPU is running
***JLink Error: Can not read register 10 (R10) while CPU is running
***JLink Error: Can not read register 11 (R11) while CPU is running
***JLink Error: Can not read register 12 (R12) while CPU is running
***JLink Error: Can not read register 13 (R13) while CPU is running
***JLink Error: Can not read register 14 (R14) while CPU is running
***JLink Error: Can not read register 15 (R15) while CPU is running
***JLink Error: Can not read register 16 (XPSR) while CPU is running
***JLink Error: Can not read register 17 (MSP) while CPU is running
***JLink Error: Can not read register 18 (PSP) while CPU is running
***JLink Error: Can not read register 20 (CFBP) while CPU is running
Verify OK.
Application running ...
Build target 'CarCAN043'
compiling main.c...
User_Src\CANCom.h(31): warning:  #1-D: last line of file ends without a newline
User_Src\PVD.h(6): warning:  #1295-D: Deprecated declaration PVD_All_Init - give arg types
User_Src\PVD.h(8): warning:  #1-D: last line of file ends without a newline
User_Src\main.c(62): warning:  #177-D: variable "keysBuffPre" was declared but never referenced
linking...
Program Size: Code=18792 RO-data=320 RW-data=216 ZI-data=3008  
FromELF: creating hex file...
".\Output\CAN043.axf" - 0 Errors, 4 Warning(s).
Load "C:\\Users\\Samit\\Desktop\\Program\\CarCAN043\\Output\\CAN043.axf" 
Set JLink Project File to "C:\Users\Samit\Desktop\Program\CarCAN043\JLinkSettings.ini"
* JLink Info: Device "STM32F103C8" selected (64 KB flash, 20 KB RAM).
 
JLink info:
------------
DLL: V4.80 , compiled Dec 20 2013 19:37:53
Firmware: J-Link ARM-OB STM32 compiled Aug 22 2012 19:52:04
Hardware: V7.00
S/N : 20160206 
Feature(s) : RDI,FlashDL,FlashBP,JFlash,GDBFull 
 
* JLink Info: Found SWD-DP with ID 0x1BA01477
* JLink Info: Found SWD-DP with ID 0x1BA01477
* JLink Info: Found Cortex-M3 r1p1, Little endian.
* JLink Info: FPUnit: 6 code (BP) slots and 2 literal slots
* JLink Info: TPIU fitted.
ROMTableAddr = 0xE00FF003
 
Target info:
------------
Device: STM32F103C8
VTarget = 3.300V
State of Pins: 
TCK: 0, TDI: 0, TDO: 1, TMS: 0, TRES: 1, TRST: 1
Hardware-Breakpoints: 6
Software-Breakpoints: 8192
Watchpoints:          4
JTAG speed: 2000 kHz
 
Erase Done.
Programming Done.
Verify OK.
Application running ...
Build target 'CarCAN043'
linking...
Program Size: Code=18792 RO-data=320 RW-data=216 ZI-data=3008  
FromELF: creating hex file...
".\Output\CAN043.axf" - 0 Errors, 0 Warning(s).
Load "C:\\Users\\Samit\\Desktop\\Program\\CarCAN043\\Output\\CAN043.axf" 
Set JLink Project File to "C:\Users\Samit\Desktop\Program\CarCAN043\JLinkSettings.ini"
* JLink Info: Device "STM32F103C8" selected (64 KB flash, 20 KB RAM).
 
JLink info:
------------
DLL: V4.80 , compiled Dec 20 2013 19:37:53
Firmware: J-Link ARM-OB STM32 compiled Aug 22 2012 19:52:04
Hardware: V7.00
S/N : 20160206 
Feature(s) : RDI,FlashDL,FlashBP,JFlash,GDBFull 
 
* JLink Info: Found SWD-DP with ID 0x1BA01477
* JLink Info: Found SWD-DP with ID 0x1BA01477
* JLink Info: Found Cortex-M3 r1p1, Little endian.
* JLink Info: FPUnit: 6 code (BP) slots and 2 literal slots
* JLink Info: TPIU fitted.
ROMTableAddr = 0xE00FF003
 
Target info:
------------
Device: STM32F103C8
VTarget = 3.300V
State of Pins: 
TCK: 0, TDI: 0, TDO: 1, TMS: 0, TRES: 1, TRST: 1
Hardware-Breakpoints: 6
Software-Breakpoints: 8192
Watchpoints:          4
JTAG speed: 2000 kHz
 
Erase Done.
Programming Done.
Verify OK.
Application running ...
Build target 'CarCAN043'
compiling PVD.c...
User_Src\PVD.h(6): warning:  #1295-D: Deprecated declaration PVD_All_Init - give arg types
User_Src\PVD.h(8): warning:  #1-D: last line of file ends without a newline
linking...
Program Size: Code=18792 RO-data=320 RW-data=216 ZI-data=3008  
FromELF: creating hex file...
".\Output\CAN043.axf" - 0 Errors, 2 Warning(s).
Load "C:\\Users\\Samit\\Desktop\\Program\\CarCAN043\\Output\\CAN043.axf" 
Set JLink Project File to "C:\Users\Samit\Desktop\Program\CarCAN043\JLinkSettings.ini"
* JLink Info: Device "STM32F103C8" selected (64 KB flash, 20 KB RAM).
 
JLink info:
------------
DLL: V4.80 , compiled Dec 20 2013 19:37:53
Firmware: J-Link ARM-OB STM32 compiled Aug 22 2012 19:52:04
Hardware: V7.00
S/N : 20160206 
Feature(s) : RDI,FlashDL,FlashBP,JFlash,GDBFull 
 
* JLink Info: Found SWD-DP with ID 0x1BA01477
* JLink Info: Found SWD-DP with ID 0x1BA01477
* JLink Info: Found Cortex-M3 r1p1, Little endian.
* JLink Info: FPUnit: 6 code (BP) slots and 2 literal slots
* JLink Info: TPIU fitted.
ROMTableAddr = 0xE00FF003
 
Target info:
------------
Device: STM32F103C8
VTarget = 3.300V
State of Pins: 
TCK: 0, TDI: 0, TDO: 1, TMS: 0, TRES: 1, TRST: 1
Hardware-Breakpoints: 6
Software-Breakpoints: 8192
Watchpoints:          4
JTAG speed: 2000 kHz
 
Erase Done.
Programming Done.
Verify OK.
Application running ...
Build target 'CarCAN043'
compiling PVD.c...
User_Src\PVD.h(6): warning:  #1295-D: Deprecated declaration PVD_All_Init - give arg types
User_Src\PVD.h(8): warning:  #1-D: last line of file ends without a newline
linking...
Program Size: Code=18808 RO-data=320 RW-data=216 ZI-data=3008  
FromELF: creating hex file...
".\Output\CAN043.axf" - 0 Errors, 2 Warning(s).
Load "C:\\Users\\Samit\\Desktop\\Program\\CarCAN043\\Output\\CAN043.axf" 
Set JLink Project File to "C:\Users\Samit\Desktop\Program\CarCAN043\JLinkSettings.ini"
* JLink Info: Device "STM32F103C8" selected (64 KB flash, 20 KB RAM).
 
JLink info:
------------
DLL: V4.80 , compiled Dec 20 2013 19:37:53
Firmware: J-Link ARM-OB STM32 compiled Aug 22 2012 19:52:04
Hardware: V7.00
S/N : 20160206 
Feature(s) : RDI,FlashDL,FlashBP,JFlash,GDBFull 
 
* JLink Info: Found SWD-DP with ID 0x1BA01477
* JLink Info: Found SWD-DP with ID 0x1BA01477
* JLink Info: Found Cortex-M3 r1p1, Little endian.
* JLink Info: FPUnit: 6 code (BP) slots and 2 literal slots
* JLink Info: TPIU fitted.
ROMTableAddr = 0xE00FF003
 
Target info:
------------
Device: STM32F103C8
VTarget = 3.300V
State of Pins: 
TCK: 0, TDI: 0, TDO: 1, TMS: 0, TRES: 1, TRST: 1
Hardware-Breakpoints: 6
Software-Breakpoints: 8192
Watchpoints:          4
JTAG speed: 2000 kHz
 
Erase Done.
Programming Done.
Verify OK.
Application running ...
Build target 'CarCAN043'
compiling PVD.c...
User_Src\PVD.h(6): warning:  #1295-D: Deprecated declaration PVD_All_Init - give arg types
User_Src\PVD.h(8): warning:  #1-D: last line of file ends without a newline
linking...
Program Size: Code=18796 RO-data=320 RW-data=216 ZI-data=3008  
FromELF: creating hex file...
".\Output\CAN043.axf" - 0 Errors, 2 Warning(s).
Load "C:\\Users\\Samit\\Desktop\\Program\\CarCAN043\\Output\\CAN043.axf" 
Set JLink Project File to "C:\Users\Samit\Desktop\Program\CarCAN043\JLinkSettings.ini"
* JLink Info: Device "STM32F103C8" selected (64 KB flash, 20 KB RAM).
 
JLink info:
------------
DLL: V4.80 , compiled Dec 20 2013 19:37:53
Firmware: J-Link ARM-OB STM32 compiled Aug 22 2012 19:52:04
Hardware: V7.00
S/N : 20160206 
Feature(s) : RDI,FlashDL,FlashBP,JFlash,GDBFull 
 
* JLink Info: Found SWD-DP with ID 0x1BA01477
* JLink Info: Found SWD-DP with ID 0x1BA01477
* JLink Info: Found Cortex-M3 r1p1, Little endian.
* JLink Info: FPUnit: 6 code (BP) slots and 2 literal slots
* JLink Info: TPIU fitted.
ROMTableAddr = 0xE00FF003
 
Target info:
------------
Device: STM32F103C8
VTarget = 3.300V
State of Pins: 
TCK: 0, TDI: 0, TDO: 1, TMS: 0, TRES: 1, TRST: 1
Hardware-Breakpoints: 6
Software-Breakpoints: 8192
Watchpoints:          4
JTAG speed: 2000 kHz
 
Erase Done.
Programming Done.
Verify OK.
Application running ...
