RLSTM8 LINKER/LOCATOR V2.30.10.175

INVOKED BY:
C:\Program Files\Raisonance\Ride\Bin\RLSTM8.EXE -CP 
C:\DOCUMENTS AND SETTINGS\JEROME SEMETTE\DESKTOP\AN2659-STM8_IAP_USING_USER-BOOTLOADER\PROJECT\STM8S_USER-BOOTLOADER_EXAMPLE\RIDE\STM8S_OB.OBJ,C:\DOCUMENTS AND SETTINGS\JEROME SEMETTE\DESKTOP\AN2659-STM8_IAP_USING_USER-BOOTLOADER\PROJECT\STM8S_USER-BOOTLOADER_EXAMPLE\RIDE\STM8S_INTERRUPT.OBJ,C:\DOCUMENTS AND SETTINGS\JEROME SEMETTE\DESKTOP\AN2659-STM8_IAP_USING_USER-BOOTLOADER\PROJECT\STM8S_USER-BOOTLOADER_EXAMPLE\RIDE\MAIN.OBJ 
TO(C:\DOCUMENTS AND SETTINGS\JEROME SEMETTE\DESKTOP\AN2659-STM8_IAP_USING_USER-BOOTLOADER\PROJECT\STM8S_USER-BOOTLOADER_EXAMPLE\RIDE\STM8BOOTLOADER.AOF) 
LIBPATH(C:\PROGRAM FILES\RAISONANCE\RIDE\LIB\ST7) 
PR(C:\DOCUMENTS AND SETTINGS\JEROME SEMETTE\DESKTOP\AN2659-STM8_IAP_USING_USER-BOOTLOADER\PROJECT\STM8S_USER-BOOTLOADER_EXAMPLE\RIDE\STM8BOOTLOADER.MAP) 
SCINAME(STM8) GENERATEDEPFILE CODESIZE(0X20000) CODESTART(0X8000) 
RAMSIZE(0X1800) DATASTART(0X0000) EEPROMSTART(0X4000) EEPROMSIZE(0X800) 
STACKSIZE(0X400) STACKTOP(6144) REMOVEUNCALLED IX 
XML(C:\DOCUMENTS AND SETTINGS\JEROME SEMETTE\DESKTOP\AN2659-STM8_IAP_USING_USER-BOOTLOADER\PROJECT\STM8S_USER-BOOTLOADER_EXAMPLE\RIDE\STM8BOOTLOADER.STANDARD.XML) 
XMLRIDE(C:\DOCUMENTS AND SETTINGS\JEROME SEMETTE\DESKTOP\AN2659-STM8_IAP_USING_USER-BOOTLOADER\PROJECT\STM8S_USER-BOOTLOADER_EXAMPLE\RIDE\STM8BOOTLOADER-GLOBALS.STANDARD.XML) 
CODE(0X8080) 
 WITHOUT ANY FLOATING POINT ARITHMETIC


INPUT MODULES INCLUDED
  C:\DOCUMENTS AND SETTINGS\JEROME SEMETTE\DESKTOP\AN2659-STM8_IAP_USING_USER-BOOTLOADER\PROJECT\STM8S_USER-BOOTLOADER_EXAMPLE\RIDE\STM8S_OB.OBJ(STM8S_OB)
  C:\DOCUMENTS AND SETTINGS\JEROME SEMETTE\DESKTOP\AN2659-STM8_IAP_USING_USER-BOOTLOADER\PROJECT\STM8S_USER-BOOTLOADER_EXAMPLE\RIDE\STM8S_INTERRUPT.OBJ(STM8S_INTERRUPT)
  C:\DOCUMENTS AND SETTINGS\JEROME SEMETTE\DESKTOP\AN2659-STM8_IAP_USING_USER-BOOTLOADER\PROJECT\STM8S_USER-BOOTLOADER_EXAMPLE\RIDE\MAIN.OBJ(MAIN)
  C:\PROGRAM FILES\RAISONANCE\RIDE\LIB\ST7\RCSTM8.LIB(CHARTOL)
  C:\PROGRAM FILES\RAISONANCE\RIDE\LIB\ST7\RCSTM8.LIB(ACCIX328)
  C:\PROGRAM FILES\RAISONANCE\RIDE\LIB\ST7\RCSTM8.LIB(ADD3232)
  C:\PROGRAM FILES\RAISONANCE\RIDE\LIB\ST7\RCSTM8.LIB(DIVS3232)
  C:\PROGRAM FILES\RAISONANCE\RIDE\LIB\ST7\RCSTM8.LIB(DIVU3232)
  C:\PROGRAM FILES\RAISONANCE\RIDE\LIB\ST7\RCSTM8.LIB(SUBIX32)
  C:\PROGRAM FILES\RAISONANCE\RIDE\LIB\ST7\RCSTM8.LIB(ADDIX32)
  C:\PROGRAM FILES\RAISONANCE\RIDE\LIB\ST7\RCSTM8.LIB(IX32)
  C:\PROGRAM FILES\RAISONANCE\RIDE\LIB\ST7\RCSTM8.LIB(MULU3232)
  C:\PROGRAM FILES\RAISONANCE\RIDE\LIB\ST7\RCSTM8.LIB(MV4_BC2ISA)
  C:\PROGRAM FILES\RAISONANCE\RIDE\LIB\ST7\RCSTM8.LIB(MV4_BC2SK)
  C:\PROGRAM FILES\RAISONANCE\RIDE\LIB\ST7\RCSTM8.LIB(MV4_ISA2BC)
  C:\PROGRAM FILES\RAISONANCE\RIDE\LIB\ST7\RCSTM8.LIB(MV4_PG2BC)
  C:\PROGRAM FILES\RAISONANCE\RIDE\LIB\ST7\RCSTM8.LIB(MV4_PG2IX1)
  C:\PROGRAM FILES\RAISONANCE\RIDE\LIB\ST7\RCSTM8.LIB(MV4_PG2SK1)
  C:\PROGRAM FILES\RAISONANCE\RIDE\LIB\ST7\RCSTM8.LIB(NEG32)
  C:\PROGRAM FILES\RAISONANCE\RIDE\LIB\ST7\RCSTM8.LIB(SUB3232)
  C:\PROGRAM FILES\RAISONANCE\RIDE\LIB\ST7\RCSTM8.LIB(SRL328)
  C:\PROGRAM FILES\RAISONANCE\RIDE\LIB\ST7\RCSTM8.LIB(CPU3232IX)
  C:\PROGRAM FILES\RAISONANCE\RIDE\LIB\ST7\RCSTM8.LIB(_MEMCPY)
  C:\PROGRAM FILES\RAISONANCE\RIDE\LIB\ST7\RCSTM8.LIB(REGISTERS)
  C:\PROGRAM FILES\RAISONANCE\RIDE\LIB\ST7\RCSTM8.LIB(STARTUP_V_Z)
  C:\PROGRAM FILES\RAISONANCE\RIDE\LIB\ST7\RCSTM8.LIB(MEMCPY)
  C:\PROGRAM FILES\RAISONANCE\RIDE\LIB\ST7\RCSTM8.LIB(?STATINIT)

REMOVED UNCALLED SEGMENTS:
--------------------------
    ?PR??CHECKADDRESS?MAIN
    ?PR??CLK_GETCLOCKFREQ?MAIN
    ?STR?MAIN
    CSTDLIB_DIVS3232
    CSTDLIB_DIVU32
    CSTDLIB_MEMCPYP
    CSTDLIB_NEG32


***WARNING 21: REFERENCE TO CODE FROM INRAM FUNCTION
   NAME: ?PR??MEM_PROGRAMBLOCK?MAIN

***WARNING 21: REFERENCE TO CODE FROM INRAM FUNCTION
   NAME: ?PR??MEM_PROGRAMBLOCK?MAIN

***WARNING 21: REFERENCE TO CODE FROM INRAM FUNCTION
   NAME: ?PR??MEM_PROGRAMBLOCK?MAIN

***WARNING 21: REFERENCE TO CODE FROM INRAM FUNCTION
   NAME: ?PR??MEM_PROGRAMBLOCK?MAIN


LINK MAP OF MODULE: C:\DOCUMENTS AND SETTINGS\JEROME SEMETTE\DESKTOP\AN2659-STM8_IAP_USING_USER-BOOTLOADER\PROJECT\STM8S_USER-BOOTLOADER_EXAMPLE\RIDE\STM8BOOTLOADER.AOF (STM8S_OB)

	TYPE     BASE         LENGTH     RELOCATION      SEGMENT NAME
	----     ----         ------     ----------      ------------

	* * * * * * * *   D A T A       M E M O R Y   * * * * * * * *
	DATA     000000H      000004H    PAGE0           CSTDLIB_REGISTERS
	DATA     000004H      000001H    INSECTION0      ?ZDT?MAIN
	DATA     000005H      0000A3H    INSECTION0      ?PR??MEM_PROGRAMBLOCK?MAIN
	DATA     0000A8H      000086H    INSECTION0      ?EDT?MAIN
	DATA     00012EH      000002H    INSECTION0      ?DT?MAIN
	         000130H      0012D0H                     *** GAP ***
	DATA     001400H      000400H    UNIT            ?C_STACK?SEG

	* * * * * * * *   C O D E       M E M O R Y   * * * * * * * *
	
	CODE     004800H      00000FH    AT              ?CO?STM8S_OB00
	CODE     008000H      000004H    AT              ?CO?STARTUP_V_Z00
	CODE     008004H      00007CH    AT              ?CO?STM8S_INTERRUPT00
	CODE     008080H      000230H    INSECTION0      ?PR??WRITEBUFFER?MAIN
	CODE     0082B0H      000217H    INSECTION0      ?PR??WRITEBUFFERFLASH?MAIN
	CODE     0084C7H      000130H    INSECTION0      ?PR??RECEIVEADDRESS?MAIN
	CODE     0085F7H      0000F0H    INSECTION0      ?PR?MAIN?MAIN
	CODE     0086E7H      0000C4H    INSECTION0      ?PR??WM_COMMAND_PROCESS?MAIN
	CODE     0087ABH      0000B2H    INSECTION0      ?PR??PROCESSCOMMANDS?MAIN
	CODE     00885DH      00009FH    INSECTION0      ?PR??RECEIVECOUNT?MAIN
	CODE     0088FCH      000091H    INSECTION0      ?PR??RM_COMMAND_PROCESS?MAIN
	CODE     00898DH      00008DH    INSECTION0      CSTDLIB_MULU3232
	CODE     008A1AH      00005AH    INSECTION0      ?PR??FLASH_PROGRAMOPTIONBYTE?MAIN
	CODE     008A74H      000046H    INSECTION0      ?PR??RECEIVE?MAIN
	CODE     008ABAH      000045H    INSECTION0      ?PR??PROTOCOL_INIT?MAIN
	CODE     008AFFH      000043H    INSECTION0      ?PR??TRANSMIT?MAIN
	CODE     008B42H      000033H    INSECTION0      ?PR??DEINITBOOTLOADER?MAIN
	CODE     008B75H      000033H    INSECTION0      CSTART
	CODE     008BA8H      000032H    INSECTION0      ?PR??GO_COMMAND_PROCESS?MAIN
	CODE     008BDAH      00002BH    INSECTION0      ?PR??GT_COMMAND_PROCESS?MAIN
	         008C05H      000001H                     *** GAP ***
	CODE     008C06H      00001AH    INSECTION0      CSTDLIB_SRL328
	CODE     008C20H      000018H    INSECTION0      CSTDLIB_ACCIX328
	CODE     008C38H      000018H    INSECTION0      CSTDLIB_IX32
	CODE     008C50H      000017H    INSECTION0      ?PR??MASTER_IDENT?MAIN
	CODE     008C67H      000017H    INSECTION0      CSTDLIB_MV4BC2ISA
	CODE     008C7EH      000017H    INSECTION0      CSTDLIB_MV4ISA2BC
	CODE     008C95H      000017H    INSECTION0      CSTDLIB_SUB3232
	CODE     008CACH      000015H    INSECTION0      CSTDLIB_ADD3232
	         008CC1H      000001H                     *** GAP ***
	CODE     008CC2H      000014H    INSECTION0      CSTDLIB_MEMCPY
	CODE     008CD6H      000012H    INSECTION0      CSTDLIB_CHARTOL
	CODE     008CE8H      000012H    INSECTION0      CSTDLIB_PG2BC
	CODE     008CFAH      000011H    INSECTION0      CSTDLIB_MV4BC2SK
	CODE     008D0BH      000010H    INSECTION0      CSTDLIB_PG2IX1
	CODE     008D1BH      00000CH    INSECTION0      CSTDLIB_CPU3232IX
	CODE     008D27H      000009H    INSECTION0      ?PR??UNLOCK_PROG?MAIN
	CODE     008D30H      000009H    INSECTION0      ?PR??UNLOCK_DATA?MAIN
	CODE     008D39H      000009H    INSECTION0      CSTDLIB_PG2SK1
	CODE     008D42H      0000AFH    UNIT            ?PR?STATINIT

UNRESOLVED EXTERNAL SYMBOLS

EXECUTABLE SUMMARY:
-------------------
    Total EEPROM storage requirement:  0000H (0)
    Total DATA storage requirement:  0530H (1328)
    Total CODE storage requirement:  0DEFH (3567)


REFERENCE MAP OF MODULE: C:\DOCUMENTS AND SETTINGS\JEROME SEMETTE\DESKTOP\AN2659-STM8_IAP_USING_USER-BOOTLOADER\PROJECT\STM8S_USER-BOOTLOADER_EXAMPLE\RIDE\STM8BOOTLOADER.AOF (STM8BOOTLOADER)

SEGMENT
   +-->CALLED SEGMENT
---------------------

SYMBOL TABLE FOR C:\DOCUMENTS AND SETTINGS\JEROME SEMETTE\DESKTOP\AN2659-STM8_IAP_USING_USER-BOOTLOADER\PROJECT\STM8S_USER-BOOTLOADER_EXAMPLE\RIDE\STM8BOOTLOADER.AOF(STM8S_OB)
--------------------------------------------------------------------------------------------------------------------------------------------------------------------------------

	VALUE              TYPE               NAME
	-----              ----               ----

	----------         TranslatorMod-ST7  STM8S_OB
	----------         PROC-ST7           
	----------         ENDPROC-ST7        
	----------         EndModule-ST7      
	----------         TranslatorMod-ST7  STM8S_INTERRUPT
	----------         PROC-ST7           
	----------         ENDPROC-ST7        
	----------         EndModule-ST7      
	----------         TranslatorMod-ST7  MAIN
	  C:000005H        PUBLIC             ?Mem_ProgramBlock
	  D:00012CH        PUBLIC             ReceivedData
	  C:008A74H        PUBLIC             ?Receive
	  C:008D27H        PUBLIC             ?unlock_PROG
	  C:008080H        PUBLIC             ?WriteBuffer
	  C:008D30H        PUBLIC             ?unlock_DATA
	  C:008ABAH        PUBLIC             ?protocol_init
	  C:0085F7H        PUBLIC             main
	  C:008B42H        PUBLIC             ?DeInitBootloader
	  C:0084C7H        PUBLIC             ?ReceiveAddress
	  C:00885DH        PUBLIC             ?ReceiveCount
	  D:000004H        PUBLIC             RoutinesInRAM
	  C:0087ABH        PUBLIC             ?ProcessCommands
	  C:008A1AH        PUBLIC             ?FLASH_ProgramOptionByte
	  C:008BA8H        PUBLIC             ?GO_Command_Process
	  C:008AFFH        PUBLIC             ?Transmit
	  C:0082B0H        PUBLIC             ?WriteBufferFlash
	  D:0000AAH        PUBLIC             DataBuffer
	  C:008BDAH        PUBLIC             ?GT_Command_Process
	  D:00012EH        PUBLIC             MainUserApplication
	  C:0088FCH        PUBLIC             ?RM_Command_Process
	  D:0000A8H        PUBLIC             GoAddress
	  C:008C50H        PUBLIC             ?Master_ident
	  C:0086E7H        PUBLIC             ?WM_Command_Process
	  N:000000H        SYMBOL             _ICE_DUMMY_
	  C:00006BH        SYMBOL             ?EPILOG_0020
	  C:000092H        SYMBOL             ?WHILE_0027
	  C:0000A5H        SYMBOL             ?NXT_0152
	  C:0088F7H        SYMBOL             ?NXT_0143
	  C:0084F8H        SYMBOL             ?NXT_0125
	  C:008B40H        SYMBOL             ?EPILOG_0011
	  C:00849CH        SYMBOL             ?WHILE_0018
	  C:0082A1H        SYMBOL             ?NXT_0071
	  C:008767H        SYMBOL             ?NXT_0044
	  C:008988H        SYMBOL             ?NXT_0026
	  C:008C04H        SYMBOL             ?EPILOG_0002
	  C:00883CH        SYMBOL             ?CASE_0006
	  C:0087E6H        SYMBOL             ?NXT_0017
	  C:000005H        SYMBOL             ?Mem_ProgramBlock
	  C:0000A5H        SYMBOL             ?NXT_0153
	  C:00850EH        SYMBOL             ?NXT_0126
	  C:008AB7H        SYMBOL             ?EPILOG_0012
	  C:0084A8H        SYMBOL             ?WHILE_0019
	  C:0084C2H        SYMBOL             ?NXT_0090
	  C:008772H        SYMBOL             ?NXT_0045
	  C:008982H        SYMBOL             ?NXT_0027
	  C:00898AH        SYMBOL             ?EPILOG_0003
	  C:008843H        SYMBOL             ?CASE_0007
	  C:008804H        SYMBOL             ?NXT_0018
	  C:00884AH        SYMBOL             ?TEST_0003
	  D:00012CH        SYMBOL             ReceivedData
	  C:008A4BH        SYMBOL             ?WHILE_0029
	  C:008524H        SYMBOL             ?NXT_0127
	  C:008C65H        SYMBOL             ?EPILOG_0013
	  C:0084B0H        SYMBOL             ?NXT_0091
	  C:0082E1H        SYMBOL             ?NXT_0082
	  C:0080FBH        SYMBOL             ?NXT_0064
	  C:000081H        SYMBOL             ?NXT_0055
	  C:008782H        SYMBOL             ?NXT_0046
	  C:008BD7H        SYMBOL             ?EPILOG_0004
	  C:00884AH        SYMBOL             ?NXT_0019
	  C:008A74H        SYMBOL             ?Receive
	  C:008D27H        SYMBOL             ?unlock_PROG
	  C:0085F4H        SYMBOL             ?EPILOG_0014
	  C:00853AH        SYMBOL             ?NXT_0128
	  C:00830EH        SYMBOL             ?NXT_0083
	  C:008175H        SYMBOL             ?NXT_0065
	  C:0087A1H        SYMBOL             ?NXT_0047
	  C:0087A8H        SYMBOL             ?EPILOG_0005
	  C:008BB9H        SYMBOL             ?NXT_0029
	  C:008A59H        SYMBOL             ?NXT_0156
	  C:0088F9H        SYMBOL             ?EPILOG_0015
	  C:008872H        SYMBOL             ?NXT_0138
	  C:0085DCH        SYMBOL             ?NXT_0129
	  C:008B50H        SYMBOL             ?NXT_0093
	  C:0082FCH        SYMBOL             ?NXT_0084
	  C:0081F8H        SYMBOL             ?NXT_0066
	  C:000083H        SYMBOL             ?EPILOG_0006
	  C:0086FEH        SYMBOL             ?NXT_0039
	  C:008080H        SYMBOL             ?WriteBuffer
	  C:008D30H        SYMBOL             ?unlock_DATA
	  C:008ABAH        SYMBOL             ?protocol_init
	  C:008A52H        SYMBOL             ?NXT_0157
	  C:008D2FH        SYMBOL             ?EPILOG_0016
	  C:00888AH        SYMBOL             ?NXT_0139
	  C:0083B0H        SYMBOL             ?NXT_0085
	  C:0081F3H        SYMBOL             ?NXT_0067
	  C:0082ADH        SYMBOL             ?EPILOG_0007
	  C:0085F7H        SYMBOL             main
	  C:000031H        SYMBOL             ?NXT_0149
	  C:008D38H        SYMBOL             ?EPILOG_0017
	  C:0084C4H        SYMBOL             ?EPILOG_0008
	  C:00838BH        SYMBOL             ?NXT_0086
	  C:0081EDH        SYMBOL             ?NXT_0068
	  C:008934H        SYMBOL             ?FOR_0001
	  C:0000A5H        SYMBOL             ?EPILOG_0018
	  C:008B74H        SYMBOL             ?EPILOG_0009
	  C:008404H        SYMBOL             ?NXT_0087
	  C:0082ABH        SYMBOL             ?NXT_0069
	  C:000037H        SYMBOL             ?DATASTART_0010
	  C:008B42H        SYMBOL             ?DeInitBootloader
	  C:008A71H        SYMBOL             ?EPILOG_0019
	  C:00849CH        SYMBOL             ?NXT_0088
	  C:00004EH        SYMBOL             ?DATASTART_0011
	  C:00872BH        SYMBOL             ?FOR_0003
	  C:0084C7H        SYMBOL             ?ReceiveAddress
	  C:008477H        SYMBOL             ?NXT_0089
	  C:008084H        SYMBOL             ?DATASTART_0021
	  C:000062H        SYMBOL             ?DATASTART_0012
	  C:008394H        SYMBOL             ?DATASTART_0040
	  C:0080D6H        SYMBOL             ?DATASTART_0022
	  C:000072H        SYMBOL             ?DATASTART_0013
	  C:0083E9H        SYMBOL             ?DATASTART_0041
	  C:0081C4H        SYMBOL             ?FOR_0006
	  C:0080FEH        SYMBOL             ?DATASTART_0023
	  C:00885DH        SYMBOL             ?ReceiveCount
	  C:008437H        SYMBOL             ?DATASTART_0042
	  C:008261H        SYMBOL             ?FOR_0007
	  C:008150H        SYMBOL             ?DATASTART_0024
	  C:00844DH        SYMBOL             ?DATASTART_0043
	  C:0081B3H        SYMBOL             ?DATASTART_0025
	  C:000003H        SYMBOL             ?DATASTART_0007
	  C:00006AH        SYMBOL             ?FOR_0009
	  C:008463H        SYMBOL             ?DATASTART_0044
	  C:0081FBH        SYMBOL             ?DATASTART_0026
	  C:000013H        SYMBOL             ?DATASTART_0008
	  C:008820H        SYMBOL             ?LAB_0010
	  C:008673H        SYMBOL             ?LAB_0001
	  C:008480H        SYMBOL             ?DATASTART_0045
	  C:008250H        SYMBOL             ?DATASTART_0027
	  C:00005BH        SYMBOL             ?LAB_0020
	  C:000027H        SYMBOL             ?DATASTART_0009
	  C:00885BH        SYMBOL             ?LAB_0011
	  D:000004H        SYMBOL             ?ZDT?MAIN?BASE
	  C:00834BH        SYMBOL             ?DATASTART_0037
	  C:008223H        SYMBOL             ?LAB_0030
	  C:00007FH        SYMBOL             ?LAB_0021
	  C:00003BH        SYMBOL             ?DATAEND_0010
	  C:000024H        SYMBOL             ?ELSE_0036
	  C:008851H        SYMBOL             ?LAB_0012
	  D:000004H        SYMBOL             RoutinesInRAM
	  C:0087ABH        SYMBOL             ?ProcessCommands
	  C:00003AH        SYMBOL             ?DATASTART_0047
	  C:008361H        SYMBOL             ?DATASTART_0038
	  C:000052H        SYMBOL             ?DATAEND_0011
	  C:000046H        SYMBOL             ?ELSE_0037
	  C:00885BH        SYMBOL             ?LAB_0013
	  C:008A1AH        SYMBOL             ?FLASH_ProgramOptionByte
	  C:008BA8H        SYMBOL             ?GO_Command_Process
	  C:008AFFH        SYMBOL             ?Transmit
	  C:00009EH        SYMBOL             ?LAB_0041
	  C:008377H        SYMBOL             ?DATASTART_0039
	  C:008088H        SYMBOL             ?DATAEND_0021
	  C:000066H        SYMBOL             ?DATAEND_0012
	  C:00005FH        SYMBOL             ?ELSE_0038
	  C:0086DAH        SYMBOL             ?DO_0001
	  C:0082B0H        SYMBOL             ?WriteBufferFlash
	  C:00005AH        SYMBOL             ?DATASTART_0049
	  C:000027H        SYMBOL             ?ELSE_0084
	  C:008395H        SYMBOL             ?DATAEND_0040
	  C:0082ECH        SYMBOL             ?LAB_0033
	  C:0080DAH        SYMBOL             ?DATAEND_0022
	  C:000076H        SYMBOL             ?DATAEND_0013
	  C:00005BH        SYMBOL             ?EASY_0000?CheckAddress
	  C:0083EAH        SYMBOL             ?DATAEND_0041
	  C:008321H        SYMBOL             ?LAB_0034
	  C:0082D7H        SYMBOL             ?ELSE_0049
	  C:008102H        SYMBOL             ?DATAEND_0023
	  C:000020H        SYMBOL             ?EASY_0001?CheckAddress
	  C:00882CH        SYMBOL             ?LAB_0007
	  C:0087ACH        SYMBOL             ?DO_0003
	  D:0000AAH        SYMBOL             DataBuffer
	  C:008438H        SYMBOL             ?DATAEND_0042
	  C:008318H        SYMBOL             ?LAB_0035
	  C:008154H        SYMBOL             ?DATAEND_0024
	  C:0080E3H        SYMBOL             ?LAB_0026
	  C:008814H        SYMBOL             ?LAB_0008
	  D:00012EH        SYMBOL             ?DT?MAIN?BASE
	  C:00844EH        SYMBOL             ?DATAEND_0043
	  C:008321H        SYMBOL             ?LAB_0036
	  C:0081B7H        SYMBOL             ?DATAEND_0025
	  C:00815DH        SYMBOL             ?LAB_0027
	  C:000020H        SYMBOL             ?LAB_0018
	  C:000007H        SYMBOL             ?DATAEND_0007
	  C:00881AH        SYMBOL             ?LAB_0009
	  C:000000H        SYMBOL             ?STR?MAIN?BASE
	  C:008BDAH        SYMBOL             ?GT_Command_Process
	  C:008464H        SYMBOL             ?DATAEND_0044
	  C:00840DH        SYMBOL             ?LAB_0037
	  C:0081FFH        SYMBOL             ?DATAEND_0026
	  C:0081C0H        SYMBOL             ?LAB_0028
	  C:000044H        SYMBOL             ?LAB_0019
	  C:000017H        SYMBOL             ?DATAEND_0008
	  C:008481H        SYMBOL             ?DATAEND_0045
	  C:00825DH        SYMBOL             ?LAB_0029
	  C:008254H        SYMBOL             ?DATAEND_0027
	  C:00002BH        SYMBOL             ?DATAEND_0009
	  C:0087B0H        SYMBOL             ?WHILE_0001
	  D:00012EH        SYMBOL             MainUserApplication
	  C:008AA0H        SYMBOL             ?LAB_0039
	  C:008B1FH        SYMBOL             ?NXT_0100
	  C:00834CH        SYMBOL             ?DATAEND_0037
	  C:0082E1H        SYMBOL             ?WHILE_0011
	  C:00003BH        SYMBOL             ?DATAEND_0047
	  C:008A92H        SYMBOL             ?NXT_0110
	  C:008B18H        SYMBOL             ?NXT_0101
	  C:008362H        SYMBOL             ?DATAEND_0038
	  C:0082F4H        SYMBOL             ?WHILE_0012
	  D:0000A8H        SYMBOL             ?EDT?MAIN?BASE
	  C:0088FCH        SYMBOL             ?RM_Command_Process
	  C:008A8BH        SYMBOL             ?NXT_0111
	  C:008B18H        SYMBOL             ?NXT_0102
	  C:008B06H        SYMBOL             ?WHILE_0022
	  C:008378H        SYMBOL             ?DATAEND_0039
	  C:00830EH        SYMBOL             ?WHILE_0013
	  C:00005EH        SYMBOL             ?DATAEND_0049
	  C:0085D8H        SYMBOL             ?NXT_0130
	  C:008A8BH        SYMBOL             ?NXT_0112
	  C:008B40H        SYMBOL             ?NXT_0103
	  C:008B29H        SYMBOL             ?WHILE_0023
	  C:008383H        SYMBOL             ?WHILE_0014
	  C:00871EH        SYMBOL             ?NXT_0040
	  C:00868CH        SYMBOL             ?NXT_0004
	  D:0000A8H        SYMBOL             GoAddress
	  C:0088EEH        SYMBOL             ?NXT_0140
	  C:0085EDH        SYMBOL             ?NXT_0131
	  C:008AAFH        SYMBOL             ?NXT_0113
	  C:008B39H        SYMBOL             ?NXT_0104
	  C:0083B0H        SYMBOL             ?WHILE_0015
	  C:008758H        SYMBOL             ?NXT_0041
	  C:00885BH        SYMBOL             ?NXT_0014
	  C:00868CH        SYMBOL             ?NXT_0005
	  C:00008BH        SYMBOL             ?NXT_0150
	  C:0088A5H        SYMBOL             ?NXT_0141
	  C:008A7BH        SYMBOL             ?WHILE_0025
	  C:008B39H        SYMBOL             ?NXT_0105
	  C:008404H        SYMBOL             ?WHILE_0016
	  C:008752H        SYMBOL             ?NXT_0042
	  C:00890DH        SYMBOL             ?NXT_0024
	  C:00882EH        SYMBOL             ?CASE_0004
	  C:0087B8H        SYMBOL             ?NXT_0015
	  C:0086E6H        SYMBOL             ?EPILOG_0000
	  C:0086BCH        SYMBOL             ?NXT_0006
	  C:008C50H        SYMBOL             ?Master_ident
	  C:00007EH        SYMBOL             ?NXT_0151
	  C:0088E5H        SYMBOL             ?NXT_0142
	  C:0084E2H        SYMBOL             ?NXT_0124
	  C:008C63H        SYMBOL             ?NXT_0115
	  C:008AFEH        SYMBOL             ?EPILOG_0010
	  C:00846FH        SYMBOL             ?WHILE_0017
	  C:0082A7H        SYMBOL             ?NXT_0070
	  C:008743H        SYMBOL             ?NXT_0043
	  C:00892CH        SYMBOL             ?NXT_0025
	  C:00885BH        SYMBOL             ?EPILOG_0001
	  C:008835H        SYMBOL             ?CASE_0005
	  C:0087D2H        SYMBOL             ?NXT_0016
	  C:0086E6H        SYMBOL             ?NXT_0007
	  C:0086E4H        SYMBOL             ?TEST_0001
	  C:0086E7H        SYMBOL             ?WM_Command_Process
	----------         PROC-ST7           
	  C:0085F7H        LINE#              80
	  C:0085F8H        LINE#              81
	  C:0085FCH        LINE#              84
	  C:0085FEH        LINE#              84
	  C:008601H        LINE#              84
	  C:008603H        LINE#              84
	  C:008608H        LINE#              85
	  C:00860AH        LINE#              85
	  C:00860DH        LINE#              85
	  C:00860FH        LINE#              85
	  C:008614H        LINE#              86
	  C:008616H        LINE#              86
	  C:008619H        LINE#              86
	  C:00861BH        LINE#              86
	  C:008620H        LINE#              89
	  C:008622H        LINE#              89
	  C:008625H        LINE#              89
	  C:008626H        LINE#              89
	  C:008628H        LINE#              89
	  C:00862AH        LINE#              89
	  C:00862DH        LINE#              89
	  C:00862FH        LINE#              89
	  C:008631H        LINE#              89
	  C:008633H        LINE#              92
	  C:008636H        LINE#              92
	  C:008638H        LINE#              92
	  C:00863AH        LINE#              92
	  C:00863BH        LINE#              92
	  C:00863CH        LINE#              92
	  C:008640H        LINE#              92
	  C:008642H        LINE#              92
	  C:008643H        LINE#              92
	  C:008645H        LINE#              92
	  C:008646H        LINE#              92
	  C:008647H        LINE#              92
	  C:00864AH        LINE#              92
	  C:00864CH        LINE#              92
	  C:00864FH        LINE#              92
	  C:008651H        LINE#              92
	  C:008653H        LINE#              92
	  C:008656H        LINE#              92
	  C:008658H        LINE#              92
	  C:00865AH        LINE#              92
	  C:00865BH        LINE#              92
	  C:00865CH        LINE#              92
	  C:008660H        LINE#              92
	  C:008662H        LINE#              92
	  C:008663H        LINE#              92
	  C:008665H        LINE#              92
	  C:008666H        LINE#              92
	  C:008667H        LINE#              92
	  C:00866AH        LINE#              92
	  C:00866CH        LINE#              92
	  C:00866FH        LINE#              92
	  C:008671H        LINE#              92
	  C:008673H        LINE#              95
	  C:008677H        LINE#              96
	  C:00867BH        LINE#              97
	  C:00867FH        LINE#              98
	  C:008683H        LINE#              98
	  C:008684H        LINE#              98
	  C:008686H        LINE#              98
	  C:008687H        LINE#              98
	  C:008688H        LINE#              98
	  C:00868CH        LINE#              127
	  C:008690H        LINE#              128
	  C:008694H        LINE#              129
	  C:008698H        LINE#              130
	  C:00869CH        LINE#              133
	  C:0086A0H        LINE#              136
	  C:0086A3H        LINE#              139
	  C:0086A5H        LINE#              139
	  C:0086A8H        LINE#              139
	  C:0086A9H        LINE#              139
	  C:0086ABH        LINE#              141
	  C:0086ADH        LINE#              141
	  C:0086B0H        LINE#              143
	  C:0086B3H        LINE#              143
	  C:0086B4H        LINE#              143
	  C:0086B6H        LINE#              143
	  C:0086B7H        LINE#              143
	  C:0086B8H        LINE#              143
	  C:0086BCH        LINE#              174
	  C:0086BEH        LINE#              174
	  C:0086BFH        LINE#              174
	  C:0086C2H        LINE#              174
	  C:0086C3H        LINE#              174
	  C:0086C6H        LINE#              174
	  C:0086C9H        LINE#              174
	  C:0086CBH        LINE#              176
	  C:0086CFH        LINE#              177
	  C:0086D2H        LINE#              178
	  C:0086D5H        LINE#              180
	  C:0086D7H        LINE#              180
	  C:0086DAH        LINE#              184
	  C:0086DDH        LINE#              187
	  C:0086E0H        LINE#              190
	  C:0086E4H        LINE#              190
	  C:0086E6H        LINE#              190
	----------         ENDPROC-ST7        
	----------         PROC-ST7           
	  C:0087ABH        LINE#              195
	  C:0087ACH        LINE#              200
	  C:0087AEH        LINE#              200
	  C:0087B0H        LINE#              201
	  C:0087B2H        LINE#              201
	  C:0087B4H        LINE#              202
	  C:0087B6H        LINE#              202
	  C:0087B8H        LINE#              204
	  C:0087BBH        LINE#              204
	  C:0087BEH        LINE#              207
	  C:0087C1H        LINE#              207
	  C:0087C2H        LINE#              207
	  C:0087C5H        LINE#              207
	  C:0087C6H        LINE#              207
	  C:0087C9H        LINE#              207
	  C:0087CAH        LINE#              207
	  C:0087CDH        LINE#              207
	  C:0087CEH        LINE#              207
	  C:0087D0H        LINE#              208
	  C:0087D2H        LINE#              211
	  C:0087D5H        LINE#              211
	  C:0087D6H        LINE#              211
	  C:0087D9H        LINE#              211
	  C:0087DAH        LINE#              211
	  C:0087DDH        LINE#              211
	  C:0087DEH        LINE#              211
	  C:0087E1H        LINE#              211
	  C:0087E2H        LINE#              211
	  C:0087E4H        LINE#              212
	  C:0087E6H        LINE#              215
	  C:0087E7H        LINE#              215
	  C:0087EAH        LINE#              215
	  C:0087EBH        LINE#              215
	  C:0087ECH        LINE#              215
	  C:0087EDH        LINE#              215
	  C:0087EEH        LINE#              215
	  C:0087EFH        LINE#              215
	  C:0087F0H        LINE#              215
	  C:0087F3H        LINE#              215
	  C:0087F4H        LINE#              215
	  C:0087F6H        LINE#              215
	  C:0087F9H        LINE#              215
	  C:0087FBH        LINE#              215
	  C:0087FDH        LINE#              217
	  C:0087FFH        LINE#              217
	  C:008802H        LINE#              218
	  C:008804H        LINE#              222
	  C:008806H        LINE#              222
	  C:008809H        LINE#              223
	  C:00880EH        LINE#              223
	  C:008810H        LINE#              223
	  C:008812H        LINE#              223
	  C:008814H        LINE#              223
	  C:008816H        LINE#              223
	  C:008818H        LINE#              223
	  C:00881AH        LINE#              223
	  C:00881CH        LINE#              223
	  C:00881EH        LINE#              223
	  C:008820H        LINE#              223
	  C:008821H        LINE#              223
	  C:008823H        LINE#              223
	  C:008824H        LINE#              223
	  C:008825H        LINE#              223
	  C:008828H        LINE#              223
	  C:00882AH        LINE#              223
	  C:00882CH        LINE#              223
	  C:00882EH        LINE#              225
	  C:008831H        LINE#              225
	  C:008833H        LINE#              225
	  C:008835H        LINE#              226
	  C:008838H        LINE#              226
	  C:00883AH        LINE#              226
	  C:00883CH        LINE#              227
	  C:00883FH        LINE#              227
	  C:008841H        LINE#              227
	  C:008843H        LINE#              228
	  C:008846H        LINE#              228
	  C:008848H        LINE#              228
	  C:00884AH        LINE#              228
	  C:00884CH        LINE#              228
	  C:00884EH        LINE#              228
	  C:008851H        LINE#              228
	  C:008853H        LINE#              228
	  C:008856H        LINE#              228
	  C:008858H        LINE#              228
	  C:00885BH        LINE#              228
	  C:00885CH        LINE#              228
	----------         ENDPROC-ST7        
	----------         PROC-ST7           
	  C:008BDAH        LINE#              235
	  C:008BDCH        LINE#              235
	  C:008BDFH        LINE#              238
	  C:008BE1H        LINE#              238
	  C:008BE4H        LINE#              241
	  C:008BE6H        LINE#              241
	  C:008BE9H        LINE#              244
	  C:008BEBH        LINE#              244
	  C:008BEEH        LINE#              247
	  C:008BF0H        LINE#              247
	  C:008BF3H        LINE#              250
	  C:008BF5H        LINE#              250
	  C:008BF8H        LINE#              253
	  C:008BFAH        LINE#              253
	  C:008BFDH        LINE#              256
	  C:008BFFH        LINE#              256
	  C:008C02H        LINE#              258
	  C:008C04H        LINE#              258
	----------         ENDPROC-ST7        
	----------         PROC-ST7           
	  C:0088FCH        LINE#              261
	  C:0088FEH        LINE#              266
	  C:008901H        LINE#              266
	  C:008902H        LINE#              266
	  C:008904H        LINE#              268
	  C:008906H        LINE#              268
	  C:008909H        LINE#              269
	  C:00890BH        LINE#              269
	  C:00890DH        LINE#              273
	  C:008910H        LINE#              273
	  C:008912H        LINE#              273
	  C:008915H        LINE#              273
	  C:008917H        LINE#              276
	  C:008919H        LINE#              276
	  C:00891BH        LINE#              276
	  C:00891EH        LINE#              276
	  C:008920H        LINE#              276
	  C:008921H        LINE#              276
	  C:008923H        LINE#              278
	  C:008925H        LINE#              278
	  C:008928H        LINE#              279
	  C:00892AH        LINE#              279
	  C:00892CH        LINE#              283
	  C:00892EH        LINE#              283
	  C:008930H        LINE#              284
	  C:008932H        LINE#              284
	  C:008934H        LINE#              284
	  C:008937H        LINE#              284
	  C:008939H        LINE#              284
	  C:00893BH        LINE#              286
	  C:00893CH        LINE#              286
	  C:00893EH        LINE#              286
	  C:00893FH        LINE#              286
	  C:008940H        LINE#              286
	  C:008942H        LINE#              286
	  C:008944H        LINE#              286
	  C:008946H        LINE#              286
	  C:008948H        LINE#              286
	  C:008949H        LINE#              286
	  C:00894DH        LINE#              286
	  C:00894FH        LINE#              286
	  C:008950H        LINE#              286
	  C:008951H        LINE#              286
	  C:008955H        LINE#              286
	  C:008957H        LINE#              286
	  C:008959H        LINE#              286
	  C:00895BH        LINE#              286
	  C:00895DH        LINE#              286
	  C:00895FH        LINE#              286
	  C:008961H        LINE#              287
	  C:008962H        LINE#              287
	  C:008964H        LINE#              287
	  C:008965H        LINE#              287
	  C:008966H        LINE#              287
	  C:008968H        LINE#              287
	  C:00896AH        LINE#              287
	  C:00896CH        LINE#              287
	  C:00896EH        LINE#              287
	  C:00896FH        LINE#              287
	  C:008973H        LINE#              287
	  C:008975H        LINE#              287
	  C:008976H        LINE#              287
	  C:008977H        LINE#              287
	  C:00897BH        LINE#              287
	  C:00897DH        LINE#              287
	  C:00897FH        LINE#              287
	  C:008982H        LINE#              284
	  C:008984H        LINE#              284
	  C:008986H        LINE#              284
	  C:008988H        LINE#              289
	  C:00898AH        LINE#              289
	  C:00898CH        LINE#              289
	----------         ENDPROC-ST7        
	----------         PROC-ST7           
	  C:008BA8H        LINE#              292
	  C:008BAAH        LINE#              296
	  C:008BADH        LINE#              296
	  C:008BAEH        LINE#              296
	  C:008BB0H        LINE#              298
	  C:008BB2H        LINE#              298
	  C:008BB5H        LINE#              299
	  C:008BB7H        LINE#              299
	  C:008BB9H        LINE#              302
	  C:008BBCH        LINE#              302
	  C:008BBEH        LINE#              302
	  C:008BC1H        LINE#              302
	  C:008BC3H        LINE#              303
	  C:008BC4H        LINE#              303
	  C:008BC7H        LINE#              303
	  C:008BC9H        LINE#              303
	  C:008BCCH        LINE#              303
	  C:008BCEH        LINE#              303
	  C:008BD0H        LINE#              304
	  C:008BD2H        LINE#              304
	  C:008BD5H        LINE#              305
	  C:008BD7H        LINE#              305
	  C:008BD9H        LINE#              305
	----------         ENDPROC-ST7        
	----------         PROC-ST7           
	  C:0086E7H        LINE#              308
	  C:0086E9H        LINE#              314
	  C:0086ECH        LINE#              314
	  C:0086EEH        LINE#              317
	  C:0086F1H        LINE#              317
	  C:0086F2H        LINE#              317
	  C:0086F4H        LINE#              319
	  C:0086F6H        LINE#              319
	  C:0086F9H        LINE#              320
	  C:0086FBH        LINE#              320
	  C:0086FEH        LINE#              324
	  C:008701H        LINE#              324
	  C:008703H        LINE#              324
	  C:008706H        LINE#              324
	  C:008708H        LINE#              327
	  C:00870AH        LINE#              327
	  C:00870CH        LINE#              327
	  C:00870FH        LINE#              327
	  C:008711H        LINE#              327
	  C:008712H        LINE#              327
	  C:008714H        LINE#              329
	  C:008716H        LINE#              329
	  C:008719H        LINE#              330
	  C:00871BH        LINE#              330
	  C:00871EH        LINE#              334
	  C:008721H        LINE#              334
	  C:008723H        LINE#              335
	  C:008725H        LINE#              335
	  C:008727H        LINE#              336
	  C:008729H        LINE#              336
	  C:00872BH        LINE#              336
	  C:00872DH        LINE#              336
	  C:00872FH        LINE#              336
	  C:008731H        LINE#              338
	  C:008732H        LINE#              338
	  C:008734H        LINE#              338
	  C:008735H        LINE#              338
	  C:008738H        LINE#              338
	  C:00873BH        LINE#              338
	  C:00873CH        LINE#              338
	  C:00873EH        LINE#              340
	  C:008741H        LINE#              340
	  C:008743H        LINE#              343
	  C:008744H        LINE#              343
	  C:008746H        LINE#              343
	  C:008747H        LINE#              343
	  C:008749H        LINE#              343
	  C:00874CH        LINE#              343
	  C:00874EH        LINE#              343
	  C:008750H        LINE#              343
	  C:008752H        LINE#              336
	  C:008754H        LINE#              336
	  C:008756H        LINE#              336
	  C:008758H        LINE#              347
	  C:008759H        LINE#              347
	  C:00875CH        LINE#              347
	  C:00875FH        LINE#              347
	  C:008760H        LINE#              347
	  C:008762H        LINE#              349
	  C:008765H        LINE#              349
	  C:008767H        LINE#              352
	  C:008769H        LINE#              352
	  C:00876BH        LINE#              352
	  C:00876DH        LINE#              354
	  C:008770H        LINE#              354
	  C:008772H        LINE#              357
	  C:008775H        LINE#              357
	  C:008777H        LINE#              357
	  C:008779H        LINE#              359
	  C:00877BH        LINE#              359
	  C:00877EH        LINE#              360
	  C:008780H        LINE#              360
	  C:008782H        LINE#              364
	  C:008784H        LINE#              364
	  C:008786H        LINE#              364
	  C:008787H        LINE#              364
	  C:008789H        LINE#              364
	  C:00878AH        LINE#              364
	  C:00878CH        LINE#              364
	  C:00878DH        LINE#              364
	  C:00878FH        LINE#              364
	  C:008790H        LINE#              364
	  C:008793H        LINE#              364
	  C:008795H        LINE#              364
	  C:008796H        LINE#              364
	  C:008798H        LINE#              366
	  C:00879AH        LINE#              366
	  C:00879DH        LINE#              367
	  C:00879FH        LINE#              367
	  C:0087A1H        LINE#              370
	  C:0087A3H        LINE#              370
	  C:0087A6H        LINE#              371
	  C:0087A8H        LINE#              371
	  C:0087AAH        LINE#              371
	----------         ENDPROC-ST7        
	----------         PROC-ST7           
	----------         ENDPROC-ST7        
	----------         PROC-ST7           
	  C:008080H        LINE#              393
	  C:008081H        LINE#              397
	  C:008088H        LINE#              397
	  C:00808BH        LINE#              397
	  C:00808EH        LINE#              397
	  C:008091H        LINE#              397
	  C:008094H        LINE#              397
	  C:008096H        LINE#              397
	  C:008098H        LINE#              397
	  C:00809AH        LINE#              397
	  C:00809CH        LINE#              397
	  C:00809EH        LINE#              397
	  C:0080A0H        LINE#              397
	  C:0080A1H        LINE#              397
	  C:0080A2H        LINE#              397
	  C:0080A5H        LINE#              397
	  C:0080A7H        LINE#              397
	  C:0080A9H        LINE#              397
	  C:0080AAH        LINE#              397
	  C:0080ABH        LINE#              397
	  C:0080ACH        LINE#              397
	  C:0080ADH        LINE#              397
	  C:0080AFH        LINE#              397
	  C:0080B2H        LINE#              397
	  C:0080B5H        LINE#              397
	  C:0080B7H        LINE#              397
	  C:0080B9H        LINE#              397
	  C:0080BBH        LINE#              397
	  C:0080BDH        LINE#              397
	  C:0080BFH        LINE#              397
	  C:0080C1H        LINE#              397
	  C:0080C4H        LINE#              397
	  C:0080C7H        LINE#              397
	  C:0080CAH        LINE#              397
	  C:0080CDH        LINE#              397
	  C:0080D0H        LINE#              397
	  C:0080D3H        LINE#              397
	  C:0080DAH        LINE#              397
	  C:0080DBH        LINE#              397
	  C:0080DCH        LINE#              397
	  C:0080DFH        LINE#              397
	  C:0080E1H        LINE#              397
	  C:0080E3H        LINE#              398
	  C:0080E6H        LINE#              398
	  C:0080E7H        LINE#              398
	  C:0080E9H        LINE#              398
	  C:0080EAH        LINE#              398
	  C:0080ECH        LINE#              398
	  C:0080EDH        LINE#              398
	  C:0080EFH        LINE#              398
	  C:0080F0H        LINE#              398
	  C:0080F2H        LINE#              398
	  C:0080F3H        LINE#              398
	  C:0080F6H        LINE#              398
	  C:0080F8H        LINE#              398
	  C:0080FBH        LINE#              401
	  C:008102H        LINE#              401
	  C:008105H        LINE#              401
	  C:008108H        LINE#              401
	  C:00810BH        LINE#              401
	  C:00810EH        LINE#              401
	  C:008110H        LINE#              401
	  C:008112H        LINE#              401
	  C:008114H        LINE#              401
	  C:008116H        LINE#              401
	  C:008118H        LINE#              401
	  C:00811AH        LINE#              401
	  C:00811BH        LINE#              401
	  C:00811CH        LINE#              401
	  C:00811FH        LINE#              401
	  C:008121H        LINE#              401
	  C:008123H        LINE#              401
	  C:008124H        LINE#              401
	  C:008125H        LINE#              401
	  C:008126H        LINE#              401
	  C:008127H        LINE#              401
	  C:008129H        LINE#              401
	  C:00812CH        LINE#              401
	  C:00812FH        LINE#              401
	  C:008131H        LINE#              401
	  C:008133H        LINE#              401
	  C:008135H        LINE#              401
	  C:008137H        LINE#              401
	  C:008139H        LINE#              401
	  C:00813BH        LINE#              401
	  C:00813EH        LINE#              401
	  C:008141H        LINE#              401
	  C:008144H        LINE#              401
	  C:008147H        LINE#              401
	  C:00814AH        LINE#              401
	  C:00814DH        LINE#              401
	  C:008154H        LINE#              401
	  C:008155H        LINE#              401
	  C:008156H        LINE#              401
	  C:008159H        LINE#              401
	  C:00815BH        LINE#              401
	  C:00815DH        LINE#              402
	  C:008160H        LINE#              402
	  C:008161H        LINE#              402
	  C:008163H        LINE#              402
	  C:008164H        LINE#              402
	  C:008166H        LINE#              402
	  C:008167H        LINE#              402
	  C:008169H        LINE#              402
	  C:00816AH        LINE#              402
	  C:00816CH        LINE#              402
	  C:00816DH        LINE#              402
	  C:008170H        LINE#              402
	  C:008172H        LINE#              402
	  C:008175H        LINE#              405
	  C:008177H        LINE#              405
	  C:008179H        LINE#              405
	  C:00817BH        LINE#              405
	  C:00817DH        LINE#              405
	  C:00817FH        LINE#              405
	  C:008181H        LINE#              405
	  C:008183H        LINE#              405
	  C:008184H        LINE#              405
	  C:008186H        LINE#              405
	  C:008187H        LINE#              405
	  C:008188H        LINE#              405
	  C:008189H        LINE#              405
	  C:00818AH        LINE#              405
	  C:00818CH        LINE#              405
	  C:00818FH        LINE#              405
	  C:008192H        LINE#              405
	  C:008194H        LINE#              405
	  C:008196H        LINE#              405
	  C:008198H        LINE#              405
	  C:00819AH        LINE#              405
	  C:00819CH        LINE#              405
	  C:00819EH        LINE#              405
	  C:0081A1H        LINE#              405
	  C:0081A4H        LINE#              405
	  C:0081A7H        LINE#              405
	  C:0081AAH        LINE#              405
	  C:0081ADH        LINE#              405
	  C:0081B0H        LINE#              405
	  C:0081B7H        LINE#              405
	  C:0081B8H        LINE#              405
	  C:0081B9H        LINE#              405
	  C:0081BCH        LINE#              405
	  C:0081BEH        LINE#              405
	  C:0081C0H        LINE#              407
	  C:0081C2H        LINE#              407
	  C:0081C4H        LINE#              407
	  C:0081C6H        LINE#              407
	  C:0081C8H        LINE#              407
	  C:0081CAH        LINE#              408
	  C:0081CBH        LINE#              408
	  C:0081CDH        LINE#              408
	  C:0081CEH        LINE#              408
	  C:0081D1H        LINE#              408
	  C:0081D2H        LINE#              408
	  C:0081D3H        LINE#              408
	  C:0081D5H        LINE#              408
	  C:0081D6H        LINE#              408
	  C:0081D7H        LINE#              408
	  C:0081D9H        LINE#              408
	  C:0081DBH        LINE#              408
	  C:0081DDH        LINE#              408
	  C:0081DFH        LINE#              408
	  C:0081E0H        LINE#              408
	  C:0081E4H        LINE#              408
	  C:0081E6H        LINE#              408
	  C:0081E7H        LINE#              408
	  C:0081E8H        LINE#              408
	  C:0081E9H        LINE#              408
	  C:0081EDH        LINE#              407
	  C:0081EFH        LINE#              407
	  C:0081F1H        LINE#              407
	  C:0081F3H        LINE#              409
	  C:0081F5H        LINE#              409
	  C:0081F8H        LINE#              413
	  C:0081FFH        LINE#              413
	  C:008202H        LINE#              413
	  C:008205H        LINE#              413
	  C:008208H        LINE#              413
	  C:00820BH        LINE#              413
	  C:00820DH        LINE#              413
	  C:00820FH        LINE#              413
	  C:008211H        LINE#              413
	  C:008213H        LINE#              413
	  C:008215H        LINE#              413
	  C:008217H        LINE#              413
	  C:008218H        LINE#              413
	  C:008219H        LINE#              413
	  C:00821CH        LINE#              413
	  C:00821EH        LINE#              413
	  C:008220H        LINE#              413
	  C:008223H        LINE#              413
	  C:008224H        LINE#              413
	  C:008225H        LINE#              413
	  C:008226H        LINE#              413
	  C:008227H        LINE#              413
	  C:008229H        LINE#              413
	  C:00822CH        LINE#              413
	  C:00822FH        LINE#              413
	  C:008231H        LINE#              413
	  C:008233H        LINE#              413
	  C:008235H        LINE#              413
	  C:008237H        LINE#              413
	  C:008239H        LINE#              413
	  C:00823BH        LINE#              413
	  C:00823EH        LINE#              413
	  C:008241H        LINE#              413
	  C:008244H        LINE#              413
	  C:008247H        LINE#              413
	  C:00824AH        LINE#              413
	  C:00824DH        LINE#              413
	  C:008254H        LINE#              413
	  C:008255H        LINE#              413
	  C:008256H        LINE#              413
	  C:008259H        LINE#              413
	  C:00825BH        LINE#              413
	  C:00825DH        LINE#              415
	  C:00825FH        LINE#              415
	  C:008261H        LINE#              415
	  C:008263H        LINE#              415
	  C:008265H        LINE#              415
	  C:008267H        LINE#              417
	  C:008268H        LINE#              417
	  C:00826AH        LINE#              417
	  C:00826BH        LINE#              417
	  C:00826EH        LINE#              417
	  C:00826FH        LINE#              417
	  C:008270H        LINE#              417
	  C:008272H        LINE#              417
	  C:008273H        LINE#              417
	  C:008274H        LINE#              417
	  C:008276H        LINE#              417
	  C:008278H        LINE#              417
	  C:00827AH        LINE#              417
	  C:00827CH        LINE#              417
	  C:00827DH        LINE#              417
	  C:008281H        LINE#              417
	  C:008283H        LINE#              417
	  C:008286H        LINE#              417
	  C:008289H        LINE#              417
	  C:00828CH        LINE#              417
	  C:00828DH        LINE#              417
	  C:00828FH        LINE#              417
	  C:008290H        LINE#              417
	  C:008292H        LINE#              417
	  C:008293H        LINE#              417
	  C:008295H        LINE#              417
	  C:008297H        LINE#              417
	  C:008299H        LINE#              417
	  C:00829BH        LINE#              417
	  C:00829DH        LINE#              417
	  C:00829EH        LINE#              417
	  C:0082A1H        LINE#              415
	  C:0082A3H        LINE#              415
	  C:0082A5H        LINE#              415
	  C:0082A7H        LINE#              419
	  C:0082A9H        LINE#              419
	  C:0082ABH        LINE#              423
	  C:0082ADH        LINE#              423
	  C:0082AFH        LINE#              423
	----------         ENDPROC-ST7        
	----------         PROC-ST7           
	  C:0082B0H        LINE#              426
	  C:0082B2H        LINE#              427
	  C:0082B4H        LINE#              427
	  C:0082B6H        LINE#              427
	  C:0082B8H        LINE#              427
	  C:0082BAH        LINE#              427
	  C:0082BCH        LINE#              427
	  C:0082BEH        LINE#              427
	  C:0082BFH        LINE#              427
	  C:0082C2H        LINE#              428
	  C:0082C5H        LINE#              428
	  C:0082C7H        LINE#              431
	  C:0082C9H        LINE#              431
	  C:0082CBH        LINE#              432
	  C:0082CEH        LINE#              432
	  C:0082D0H        LINE#              432
	  C:0082D3H        LINE#              432
	  C:0082D5H        LINE#              432
	  C:0082D7H        LINE#              434
	  C:0082DAH        LINE#              434
	  C:0082DCH        LINE#              434
	  C:0082DFH        LINE#              434
	  C:0082E1H        LINE#              436
	  C:0082E3H        LINE#              436
	  C:0082E5H        LINE#              436
	  C:0082E6H        LINE#              436
	  C:0082E8H        LINE#              436
	  C:0082EAH        LINE#              436
	  C:0082ECH        LINE#              438
	  C:0082EEH        LINE#              438
	  C:0082EFH        LINE#              438
	  C:0082F0H        LINE#              438
	  C:0082F2H        LINE#              438
	  C:0082F3H        LINE#              438
	  C:0082F4H        LINE#              439
	  C:0082F6H        LINE#              439
	  C:0082F9H        LINE#              439
	  C:0082FAH        LINE#              439
	  C:0082FCH        LINE#              440
	  C:0082FDH        LINE#              440
	  C:008300H        LINE#              440
	  C:008302H        LINE#              440
	  C:008305H        LINE#              441
	  C:008307H        LINE#              441
	  C:008308H        LINE#              441
	  C:00830AH        LINE#              442
	  C:00830CH        LINE#              442
	  C:00830EH        LINE#              445
	  C:008310H        LINE#              445
	  C:008312H        LINE#              445
	  C:008313H        LINE#              445
	  C:008315H        LINE#              445
	  C:008318H        LINE#              445
	  C:00831AH        LINE#              445
	  C:00831CH        LINE#              445
	  C:00831EH        LINE#              445
	  C:008321H        LINE#              447
	  C:008323H        LINE#              447
	  C:008326H        LINE#              447
	  C:008328H        LINE#              447
	  C:00832DH        LINE#              448
	  C:00832FH        LINE#              448
	  C:008332H        LINE#              448
	  C:008334H        LINE#              448
	  C:008339H        LINE#              449
	  C:00833BH        LINE#              449
	  C:00833CH        LINE#              449
	  C:00833DH        LINE#              449
	  C:00833FH        LINE#              449
	  C:008340H        LINE#              449
	  C:008341H        LINE#              450
	  C:008343H        LINE#              450
	  C:008346H        LINE#              450
	  C:008347H        LINE#              450
	  C:008348H        LINE#              450
	  C:00834CH        LINE#              450
	  C:00834DH        LINE#              450
	  C:008350H        LINE#              450
	  C:008353H        LINE#              450
	  C:008354H        LINE#              450
	  C:008357H        LINE#              451
	  C:008359H        LINE#              451
	  C:00835CH        LINE#              451
	  C:00835DH        LINE#              451
	  C:00835EH        LINE#              451
	  C:008362H        LINE#              451
	  C:008363H        LINE#              451
	  C:008366H        LINE#              451
	  C:008369H        LINE#              451
	  C:00836AH        LINE#              451
	  C:00836DH        LINE#              452
	  C:00836FH        LINE#              452
	  C:008372H        LINE#              452
	  C:008373H        LINE#              452
	  C:008374H        LINE#              452
	  C:008378H        LINE#              452
	  C:008379H        LINE#              452
	  C:00837CH        LINE#              452
	  C:00837FH        LINE#              452
	  C:008380H        LINE#              452
	  C:008383H        LINE#              453
	  C:008385H        LINE#              453
	  C:008388H        LINE#              453
	  C:008389H        LINE#              453
	  C:00838BH        LINE#              454
	  C:00838DH        LINE#              454
	  C:00838EH        LINE#              454
	  C:008390H        LINE#              454
	  C:008391H        LINE#              454
	  C:008395H        LINE#              454
	  C:008398H        LINE#              454
	  C:008399H        LINE#              454
	  C:00839CH        LINE#              455
	  C:00839EH        LINE#              455
	  C:0083A1H        LINE#              455
	  C:0083A3H        LINE#              456
	  C:0083A5H        LINE#              456
	  C:0083A7H        LINE#              456
	  C:0083A9H        LINE#              456
	  C:0083ABH        LINE#              456
	  C:0083ADH        LINE#              456
	  C:0083B0H        LINE#              459
	  C:0083B1H        LINE#              459
	  C:0083B3H        LINE#              459
	  C:0083B4H        LINE#              459
	  C:0083B5H        LINE#              459
	  C:0083B8H        LINE#              459
	  C:0083BAH        LINE#              459
	  C:0083BDH        LINE#              459
	  C:0083BFH        LINE#              459
	  C:0083C1H        LINE#              461
	  C:0083C3H        LINE#              461
	  C:0083C4H        LINE#              461
	  C:0083C6H        LINE#              461
	  C:0083C7H        LINE#              461
	  C:0083C9H        LINE#              461
	  C:0083CAH        LINE#              461
	  C:0083CCH        LINE#              461
	  C:0083CDH        LINE#              461
	  C:0083CEH        LINE#              461
	  C:0083D1H        LINE#              461
	  C:0083D4H        LINE#              461
	  C:0083D6H        LINE#              461
	  C:0083D9H        LINE#              461
	  C:0083DBH        LINE#              461
	  C:0083DEH        LINE#              461
	  C:0083E0H        LINE#              462
	  C:0083E2H        LINE#              462
	  C:0083E3H        LINE#              462
	  C:0083E5H        LINE#              462
	  C:0083E6H        LINE#              462
	  C:0083EAH        LINE#              462
	  C:0083EDH        LINE#              462
	  C:0083EEH        LINE#              462
	  C:0083F1H        LINE#              463
	  C:0083F3H        LINE#              463
	  C:0083F6H        LINE#              463
	  C:0083F8H        LINE#              464
	  C:0083FAH        LINE#              464
	  C:0083FCH        LINE#              464
	  C:0083FEH        LINE#              464
	  C:008400H        LINE#              464
	  C:008402H        LINE#              464
	  C:008404H        LINE#              468
	  C:008406H        LINE#              468
	  C:008408H        LINE#              468
	  C:00840AH        LINE#              468
	  C:00840DH        LINE#              470
	  C:00840FH        LINE#              470
	  C:008412H        LINE#              470
	  C:008414H        LINE#              470
	  C:008419H        LINE#              471
	  C:00841BH        LINE#              471
	  C:00841EH        LINE#              471
	  C:008420H        LINE#              471
	  C:008425H        LINE#              472
	  C:008427H        LINE#              472
	  C:008428H        LINE#              472
	  C:008429H        LINE#              472
	  C:00842BH        LINE#              472
	  C:00842CH        LINE#              472
	  C:00842DH        LINE#              473
	  C:00842FH        LINE#              473
	  C:008432H        LINE#              473
	  C:008433H        LINE#              473
	  C:008434H        LINE#              473
	  C:008438H        LINE#              473
	  C:008439H        LINE#              473
	  C:00843CH        LINE#              473
	  C:00843FH        LINE#              473
	  C:008440H        LINE#              473
	  C:008443H        LINE#              474
	  C:008445H        LINE#              474
	  C:008448H        LINE#              474
	  C:008449H        LINE#              474
	  C:00844AH        LINE#              474
	  C:00844EH        LINE#              474
	  C:00844FH        LINE#              474
	  C:008452H        LINE#              474
	  C:008455H        LINE#              474
	  C:008456H        LINE#              474
	  C:008459H        LINE#              475
	  C:00845BH        LINE#              475
	  C:00845EH        LINE#              475
	  C:00845FH        LINE#              475
	  C:008460H        LINE#              475
	  C:008464H        LINE#              475
	  C:008465H        LINE#              475
	  C:008468H        LINE#              475
	  C:00846BH        LINE#              475
	  C:00846CH        LINE#              475
	  C:00846FH        LINE#              476
	  C:008471H        LINE#              476
	  C:008474H        LINE#              476
	  C:008475H        LINE#              476
	  C:008477H        LINE#              477
	  C:008479H        LINE#              477
	  C:00847AH        LINE#              477
	  C:00847CH        LINE#              477
	  C:00847DH        LINE#              477
	  C:008481H        LINE#              477
	  C:008484H        LINE#              477
	  C:008485H        LINE#              477
	  C:008488H        LINE#              478
	  C:00848AH        LINE#              478
	  C:00848DH        LINE#              478
	  C:00848FH        LINE#              479
	  C:008491H        LINE#              479
	  C:008493H        LINE#              479
	  C:008495H        LINE#              479
	  C:008497H        LINE#              479
	  C:008499H        LINE#              479
	  C:00849CH        LINE#              483
	  C:00849EH        LINE#              483
	  C:0084A0H        LINE#              485
	  C:0084A2H        LINE#              485
	  C:0084A3H        LINE#              485
	  C:0084A4H        LINE#              485
	  C:0084A6H        LINE#              485
	  C:0084A7H        LINE#              485
	  C:0084A8H        LINE#              486
	  C:0084AAH        LINE#              486
	  C:0084ADH        LINE#              486
	  C:0084AEH        LINE#              486
	  C:0084B0H        LINE#              487
	  C:0084B1H        LINE#              487
	  C:0084B4H        LINE#              487
	  C:0084B6H        LINE#              487
	  C:0084B9H        LINE#              488
	  C:0084BBH        LINE#              488
	  C:0084BCH        LINE#              488
	  C:0084BEH        LINE#              489
	  C:0084C0H        LINE#              489
	  C:0084C2H        LINE#              492
	  C:0084C4H        LINE#              492
	  C:0084C6H        LINE#              492
	----------         ENDPROC-ST7        
	----------         PROC-ST7           
	  C:008B42H        LINE#              496
	  C:008B46H        LINE#              496
	  C:008B48H        LINE#              499
	  C:008B4CH        LINE#              501
	  C:008B50H        LINE#              505
	  C:008B54H        LINE#              506
	  C:008B58H        LINE#              507
	  C:008B5CH        LINE#              508
	  C:008B60H        LINE#              509
	  C:008B64H        LINE#              510
	  C:008B68H        LINE#              511
	  C:008B6CH        LINE#              512
	  C:008B70H        LINE#              513
	  C:008B74H        LINE#              513
	----------         ENDPROC-ST7        
	----------         PROC-ST7           
	  C:008ABAH        LINE#              602
	  C:008ABCH        LINE#              602
	  C:008ABFH        LINE#              602
	  C:008AC1H        LINE#              602
	  C:008AC6H        LINE#              603
	  C:008AC8H        LINE#              603
	  C:008ACBH        LINE#              603
	  C:008ACDH        LINE#              603
	  C:008AD2H        LINE#              606
	  C:008AD4H        LINE#              606
	  C:008AD7H        LINE#              606
	  C:008AD9H        LINE#              606
	  C:008ADEH        LINE#              609
	  C:008AE0H        LINE#              609
	  C:008AE3H        LINE#              609
	  C:008AE5H        LINE#              609
	  C:008AEAH        LINE#              612
	  C:008AECH        LINE#              612
	  C:008AEFH        LINE#              612
	  C:008AF1H        LINE#              612
	  C:008AF6H        LINE#              615
	  C:008AFAH        LINE#              616
	  C:008AFEH        LINE#              616
	----------         ENDPROC-ST7        
	----------         PROC-ST7           
	  C:008AFFH        LINE#              620
	  C:008B00H        LINE#              620
	  C:008B01H        LINE#              671
	  C:008B04H        LINE#              671
	  C:008B06H        LINE#              672
	  C:008B07H        LINE#              672
	  C:008B09H        LINE#              672
	  C:008B0AH        LINE#              672
	  C:008B0CH        LINE#              672
	  C:008B11H        LINE#              672
	  C:008B14H        LINE#              672
	  C:008B16H        LINE#              672
	  C:008B18H        LINE#              672
	  C:008B1BH        LINE#              672
	  C:008B1DH        LINE#              672
	  C:008B1FH        LINE#              674
	  C:008B21H        LINE#              674
	  C:008B24H        LINE#              676
	  C:008B27H        LINE#              676
	  C:008B29H        LINE#              677
	  C:008B2BH        LINE#              677
	  C:008B2DH        LINE#              677
	  C:008B32H        LINE#              677
	  C:008B35H        LINE#              677
	  C:008B37H        LINE#              677
	  C:008B39H        LINE#              677
	  C:008B3CH        LINE#              677
	  C:008B3EH        LINE#              677
	  C:008B40H        LINE#              677
	  C:008B41H        LINE#              677
	----------         ENDPROC-ST7        
	----------         PROC-ST7           
	  C:008A74H        LINE#              681
	  C:008A75H        LINE#              681
	  C:008A76H        LINE#              776
	  C:008A79H        LINE#              776
	  C:008A7BH        LINE#              777
	  C:008A7DH        LINE#              777
	  C:008A7FH        LINE#              777
	  C:008A84H        LINE#              777
	  C:008A87H        LINE#              777
	  C:008A89H        LINE#              777
	  C:008A8BH        LINE#              777
	  C:008A8EH        LINE#              777
	  C:008A90H        LINE#              777
	  C:008A92H        LINE#              779
	  C:008A94H        LINE#              779
	  C:008A96H        LINE#              779
	  C:008A97H        LINE#              779
	  C:008A99H        LINE#              779
	  C:008A9BH        LINE#              779
	  C:008A9DH        LINE#              779
	  C:008A9EH        LINE#              779
	  C:008AA0H        LINE#              782
	  C:008AA2H        LINE#              782
	  C:008AA5H        LINE#              782
	  C:008AA6H        LINE#              784
	  C:008AA8H        LINE#              784
	  C:008AABH        LINE#              786
	  C:008AADH        LINE#              786
	  C:008AAFH        LINE#              789
	  C:008AB1H        LINE#              789
	  C:008AB4H        LINE#              789
	  C:008AB5H        LINE#              791
	  C:008AB7H        LINE#              791
	  C:008AB9H        LINE#              791
	----------         ENDPROC-ST7        
	----------         PROC-ST7           
	  C:008C50H        LINE#              796
	  C:008C51H        LINE#              796
	  C:008C52H        LINE#              798
	  C:008C53H        LINE#              798
	  C:008C56H        LINE#              798
	  C:008C59H        LINE#              799
	  C:008C5BH        LINE#              799
	  C:008C5DH        LINE#              799
	  C:008C5FH        LINE#              801
	  C:008C61H        LINE#              801
	  C:008C63H        LINE#              803
	  C:008C65H        LINE#              803
	  C:008C66H        LINE#              803
	----------         ENDPROC-ST7        
	----------         PROC-ST7           
	  C:0084C7H        LINE#              806
	  C:0084C8H        LINE#              807
	  C:0084CAH        LINE#              807
	  C:0084CCH        LINE#              810
	  C:0084CFH        LINE#              810
	  C:0084D0H        LINE#              810
	  C:0084D3H        LINE#              810
	  C:0084D4H        LINE#              810
	  C:0084D7H        LINE#              810
	  C:0084D8H        LINE#              810
	  C:0084DBH        LINE#              810
	  C:0084DCH        LINE#              810
	  C:0084DEH        LINE#              811
	  C:0084E0H        LINE#              811
	  C:0084E2H        LINE#              812
	  C:0084E5H        LINE#              812
	  C:0084E6H        LINE#              812
	  C:0084E9H        LINE#              812
	  C:0084EAH        LINE#              812
	  C:0084EDH        LINE#              812
	  C:0084EEH        LINE#              812
	  C:0084F1H        LINE#              812
	  C:0084F2H        LINE#              812
	  C:0084F4H        LINE#              813
	  C:0084F6H        LINE#              813
	  C:0084F8H        LINE#              814
	  C:0084FBH        LINE#              814
	  C:0084FCH        LINE#              814
	  C:0084FFH        LINE#              814
	  C:008500H        LINE#              814
	  C:008503H        LINE#              814
	  C:008504H        LINE#              814
	  C:008507H        LINE#              814
	  C:008508H        LINE#              814
	  C:00850AH        LINE#              815
	  C:00850CH        LINE#              815
	  C:00850EH        LINE#              816
	  C:008511H        LINE#              816
	  C:008512H        LINE#              816
	  C:008515H        LINE#              816
	  C:008516H        LINE#              816
	  C:008519H        LINE#              816
	  C:00851AH        LINE#              816
	  C:00851DH        LINE#              816
	  C:00851EH        LINE#              816
	  C:008520H        LINE#              817
	  C:008522H        LINE#              817
	  C:008524H        LINE#              820
	  C:008527H        LINE#              820
	  C:008528H        LINE#              820
	  C:00852BH        LINE#              820
	  C:00852CH        LINE#              820
	  C:00852FH        LINE#              820
	  C:008530H        LINE#              820
	  C:008533H        LINE#              820
	  C:008534H        LINE#              820
	  C:008536H        LINE#              821
	  C:008538H        LINE#              821
	  C:00853AH        LINE#              824
	  C:00853DH        LINE#              824
	  C:00853EH        LINE#              824
	  C:008541H        LINE#              824
	  C:008544H        LINE#              824
	  C:008546H        LINE#              824
	  C:008547H        LINE#              824
	  C:008549H        LINE#              824
	  C:00854BH        LINE#              824
	  C:00854EH        LINE#              824
	  C:00854FH        LINE#              824
	  C:008552H        LINE#              824
	  C:008555H        LINE#              824
	  C:008557H        LINE#              824
	  C:008558H        LINE#              824
	  C:00855AH        LINE#              824
	  C:00855CH        LINE#              824
	  C:00855FH        LINE#              824
	  C:008560H        LINE#              824
	  C:008563H        LINE#              824
	  C:008566H        LINE#              824
	  C:008568H        LINE#              824
	  C:008569H        LINE#              824
	  C:00856BH        LINE#              824
	  C:00856DH        LINE#              824
	  C:008570H        LINE#              824
	  C:008571H        LINE#              824
	  C:008574H        LINE#              824
	  C:008577H        LINE#              824
	  C:008579H        LINE#              824
	  C:00857AH        LINE#              824
	  C:00857CH        LINE#              824
	  C:00857EH        LINE#              824
	  C:008581H        LINE#              824
	  C:008582H        LINE#              824
	  C:008585H        LINE#              824
	  C:008588H        LINE#              824
	  C:00858AH        LINE#              824
	  C:00858BH        LINE#              824
	  C:00858DH        LINE#              824
	  C:008590H        LINE#              824
	  C:008591H        LINE#              824
	  C:008593H        LINE#              824
	  C:008595H        LINE#              824
	  C:008597H        LINE#              824
	  C:008598H        LINE#              824
	  C:00859AH        LINE#              824
	  C:00859CH        LINE#              824
	  C:00859EH        LINE#              824
	  C:00859FH        LINE#              824
	  C:0085A1H        LINE#              824
	  C:0085A2H        LINE#              824
	  C:0085A4H        LINE#              824
	  C:0085A6H        LINE#              824
	  C:0085A8H        LINE#              824
	  C:0085A9H        LINE#              824
	  C:0085ABH        LINE#              824
	  C:0085ADH        LINE#              824
	  C:0085AFH        LINE#              824
	  C:0085B0H        LINE#              824
	  C:0085B2H        LINE#              824
	  C:0085B3H        LINE#              824
	  C:0085B5H        LINE#              824
	  C:0085B7H        LINE#              824
	  C:0085B9H        LINE#              824
	  C:0085BAH        LINE#              824
	  C:0085BCH        LINE#              824
	  C:0085BEH        LINE#              824
	  C:0085C0H        LINE#              824
	  C:0085C1H        LINE#              824
	  C:0085C3H        LINE#              824
	  C:0085C4H        LINE#              824
	  C:0085C6H        LINE#              824
	  C:0085C8H        LINE#              824
	  C:0085CAH        LINE#              824
	  C:0085CBH        LINE#              824
	  C:0085CDH        LINE#              824
	  C:0085CFH        LINE#              824
	  C:0085D1H        LINE#              824
	  C:0085D2H        LINE#              824
	  C:0085D4H        LINE#              824
	  C:0085D6H        LINE#              824
	  C:0085D8H        LINE#              825
	  C:0085DAH        LINE#              825
	  C:0085DCH        LINE#              827
	  C:0085DFH        LINE#              827
	  C:0085E2H        LINE#              827
	  C:0085E5H        LINE#              834
	  C:0085E7H        LINE#              834
	  C:0085E9H        LINE#              835
	  C:0085EBH        LINE#              835
	  C:0085EDH        LINE#              838
	  C:0085EFH        LINE#              838
	  C:0085F2H        LINE#              839
	  C:0085F4H        LINE#              839
	  C:0085F6H        LINE#              839
	----------         ENDPROC-ST7        
	----------         PROC-ST7           
	  C:00885DH        LINE#              842
	  C:00885EH        LINE#              842
	  C:00885FH        LINE#              843
	  C:008862H        LINE#              843
	  C:008864H        LINE#              846
	  C:008867H        LINE#              846
	  C:00886AH        LINE#              846
	  C:00886BH        LINE#              846
	  C:00886DH        LINE#              847
	  C:008870H        LINE#              847
	  C:008872H        LINE#              850
	  C:008875H        LINE#              850
	  C:008877H        LINE#              850
	  C:00887AH        LINE#              850
	  C:00887BH        LINE#              850
	  C:00887EH        LINE#              850
	  C:008880H        LINE#              850
	  C:008883H        LINE#              850
	  C:008885H        LINE#              851
	  C:008888H        LINE#              851
	  C:00888AH        LINE#              855
	  C:00888CH        LINE#              855
	  C:00888EH        LINE#              858
	  C:008891H        LINE#              858
	  C:008892H        LINE#              858
	  C:008895H        LINE#              858
	  C:008896H        LINE#              858
	  C:008899H        LINE#              858
	  C:00889AH        LINE#              858
	  C:00889DH        LINE#              858
	  C:00889EH        LINE#              858
	  C:0088A0H        LINE#              859
	  C:0088A3H        LINE#              859
	  C:0088A5H        LINE#              862
	  C:0088A8H        LINE#              862
	  C:0088A9H        LINE#              862
	  C:0088ACH        LINE#              862
	  C:0088AFH        LINE#              862
	  C:0088B1H        LINE#              862
	  C:0088B2H        LINE#              862
	  C:0088B4H        LINE#              862
	  C:0088B6H        LINE#              862
	  C:0088B9H        LINE#              862
	  C:0088BAH        LINE#              862
	  C:0088BDH        LINE#              862
	  C:0088C0H        LINE#              862
	  C:0088C2H        LINE#              862
	  C:0088C3H        LINE#              862
	  C:0088C5H        LINE#              862
	  C:0088C8H        LINE#              862
	  C:0088C9H        LINE#              862
	  C:0088CBH        LINE#              862
	  C:0088CDH        LINE#              862
	  C:0088CFH        LINE#              862
	  C:0088D0H        LINE#              862
	  C:0088D2H        LINE#              862
	  C:0088D4H        LINE#              862
	  C:0088D6H        LINE#              862
	  C:0088D7H        LINE#              862
	  C:0088D9H        LINE#              862
	  C:0088DCH        LINE#              862
	  C:0088DEH        LINE#              862
	  C:0088E0H        LINE#              863
	  C:0088E3H        LINE#              863
	  C:0088E5H        LINE#              865
	  C:0088E8H        LINE#              865
	  C:0088EBH        LINE#              865
	  C:0088EEH        LINE#              869
	  C:0088F0H        LINE#              869
	  C:0088F2H        LINE#              870
	  C:0088F4H        LINE#              870
	  C:0088F7H        LINE#              872
	  C:0088F9H        LINE#              872
	  C:0088FBH        LINE#              872
	----------         ENDPROC-ST7        
	----------         PROC-ST7           
	  C:008D27H        LINE#              877
	  C:008D2BH        LINE#              878
	  C:008D2FH        LINE#              878
	----------         ENDPROC-ST7        
	----------         PROC-ST7           
	  C:008D30H        LINE#              883
	  C:008D34H        LINE#              884
	  C:008D38H        LINE#              884
	----------         ENDPROC-ST7        
	----------         PROC-ST7           
	  C:000005H        LINE#              895
	  C:000006H        LINE#              895
	  C:000008H        LINE#              900
	  C:00000BH        LINE#              900
	  C:00000DH        LINE#              901
	  C:00000EH        LINE#              901
	  C:000010H        LINE#              901
	  C:000012H        LINE#              902
	  C:000015H        LINE#              902
	  C:000017H        LINE#              905
	  C:000019H        LINE#              905
	  C:00001BH        LINE#              907
	  C:00001EH        LINE#              907
	  C:000020H        LINE#              907
	  C:000023H        LINE#              907
	  C:000025H        LINE#              907
	  C:000027H        LINE#              911
	  C:00002AH        LINE#              911
	  C:00002CH        LINE#              911
	  C:00002FH        LINE#              911
	  C:000031H        LINE#              915
	  C:000033H        LINE#              915
	  C:000034H        LINE#              915
	  C:000036H        LINE#              915
	  C:000037H        LINE#              915
	  C:00003BH        LINE#              915
	  C:00003DH        LINE#              915
	  C:00003FH        LINE#              915
	  C:000040H        LINE#              915
	  C:000042H        LINE#              915
	  C:000045H        LINE#              915
	  C:000048H        LINE#              915
	  C:00004AH        LINE#              915
	  C:00004DH        LINE#              918
	  C:00004FH        LINE#              918
	  C:000052H        LINE#              918
	  C:000054H        LINE#              918
	  C:000059H        LINE#              919
	  C:00005BH        LINE#              919
	  C:00005EH        LINE#              919
	  C:000060H        LINE#              919
	  C:000065H        LINE#              922
	  C:000068H        LINE#              922
	  C:00006AH        LINE#              924
	  C:00006CH        LINE#              924
	  C:00006EH        LINE#              924
	  C:000070H        LINE#              924
	  C:000073H        LINE#              924
	  C:000074H        LINE#              924
	  C:000076H        LINE#              924
	  C:000078H        LINE#              924
	  C:00007AH        LINE#              924
	  C:00007BH        LINE#              924
	  C:00007EH        LINE#              922
	  C:000080H        LINE#              922
	  C:000081H        LINE#              922
	  C:000083H        LINE#              922
	  C:000084H        LINE#              922
	  C:000087H        LINE#              922
	  C:000089H        LINE#              922
	  C:00008BH        LINE#              928
	  C:00008EH        LINE#              928
	  C:000090H        LINE#              928
	  C:000092H        LINE#              931
	  C:000094H        LINE#              931
	  C:000097H        LINE#              931
	  C:000098H        LINE#              931
	  C:00009AH        LINE#              931
	  C:00009CH        LINE#              931
	  C:00009EH        LINE#              933
	  C:0000A0H        LINE#              933
	  C:0000A1H        LINE#              933
	  C:0000A3H        LINE#              933
	  C:0000A5H        LINE#              933
	  C:0000A7H        LINE#              933
	----------         ENDPROC-ST7        
	----------         PROC-ST7           
	  C:008A1AH        LINE#              943
	  C:008A1BH        LINE#              943
	  C:008A1CH        LINE#              943
	  C:008A1DH        LINE#              946
	  C:008A1FH        LINE#              946
	  C:008A22H        LINE#              946
	  C:008A24H        LINE#              946
	  C:008A29H        LINE#              947
	  C:008A2BH        LINE#              947
	  C:008A2EH        LINE#              947
	  C:008A30H        LINE#              947
	  C:008A35H        LINE#              950
	  C:008A37H        LINE#              950
	  C:008A39H        LINE#              950
	  C:008A3AH        LINE#              951
	  C:008A3BH        LINE#              951
	  C:008A3DH        LINE#              951
	  C:008A3EH        LINE#              951
	  C:008A3FH        LINE#              951
	  C:008A40H        LINE#              951
	  C:008A42H        LINE#              951
	  C:008A45H        LINE#              951
	  C:008A46H        LINE#              954
	  C:008A49H        LINE#              954
	  C:008A4BH        LINE#              955
	  C:008A4DH        LINE#              955
	  C:008A4FH        LINE#              955
	  C:008A50H        LINE#              955
	  C:008A52H        LINE#              955
	  C:008A55H        LINE#              955
	  C:008A57H        LINE#              955
	  C:008A59H        LINE#              962
	  C:008A5BH        LINE#              962
	  C:008A5EH        LINE#              962
	  C:008A60H        LINE#              962
	  C:008A65H        LINE#              963
	  C:008A67H        LINE#              963
	  C:008A6AH        LINE#              963
	  C:008A6CH        LINE#              963
	  C:008A71H        LINE#              963
	  C:008A73H        LINE#              963
	----------         ENDPROC-ST7        
	----------         PROC-ST7           
	----------         ENDPROC-ST7        
	----------         PROC-ST7           
	----------         ENDPROC-ST7        
	----------         EndModule-ST7      
	----------         TranslatorMod-ST7  CHARTOL
	  C:008CDEH        PUBLIC             ?C?uchartol
	  C:008CD6H        PUBLIC             ?C?chartol
	----------         PROC-ST7           
	----------         ENDPROC-ST7        
	----------         EndModule-ST7      
	----------         TranslatorMod-ST7  ACCIX328
	  C:008C20H        PUBLIC             ?C?accix328
	----------         PROC-ST7           
	----------         ENDPROC-ST7        
	----------         EndModule-ST7      
	----------         TranslatorMod-ST7  ADD3232
	  C:008CACH        PUBLIC             ?C?add3232
	----------         PROC-ST7           
	----------         ENDPROC-ST7        
	----------         EndModule-ST7      
	----------         TranslatorMod-ST7  DIVS3232
	----------         TranslatorMod-ST7  DIVS3232
	----------         PROC-ST7           
	----------         ENDPROC-ST7        
	----------         EndModule-ST7      
	----------         TranslatorMod-ST7  DIVU3232
	----------         TranslatorMod-ST7  DIVU3232
	----------         TranslatorMod-ST7  DIVU3232
	----------         TranslatorMod-ST7  DIVU3232
	----------         PROC-ST7           
	----------         ENDPROC-ST7        
	----------         EndModule-ST7      
	----------         TranslatorMod-ST7  SUBIX32
	  C:008C38H        PUBLIC             ?C?subix32
	----------         PROC-ST7           
	----------         ENDPROC-ST7        
	----------         EndModule-ST7      
	----------         TranslatorMod-ST7  ADDIX32
	  C:008C3EH        PUBLIC             ?C?addix32
	----------         PROC-ST7           
	----------         ENDPROC-ST7        
	----------         EndModule-ST7      
	----------         TranslatorMod-ST7  IX32
	  C:008C44H        PUBLIC             _?lix_entry?
	----------         PROC-ST7           
	----------         ENDPROC-ST7        
	----------         EndModule-ST7      
	----------         TranslatorMod-ST7  MULU3232
	  C:00898DH        PUBLIC             ?C?mulu3232
	----------         PROC-ST7           
	----------         ENDPROC-ST7        
	----------         EndModule-ST7      
	----------         TranslatorMod-ST7  MV4_BC2ISA
	  C:008C67H        PUBLIC             ?C?mv4_bc2isa
	----------         PROC-ST7           
	----------         ENDPROC-ST7        
	----------         EndModule-ST7      
	----------         TranslatorMod-ST7  MV4_BC2SK
	  C:008CFAH        PUBLIC             ?C?mv4_bc2sk
	----------         PROC-ST7           
	----------         ENDPROC-ST7        
	----------         EndModule-ST7      
	----------         TranslatorMod-ST7  MV4_ISA2BC
	  C:008C7EH        PUBLIC             ?C?mv4_isa2bc
	----------         PROC-ST7           
	----------         ENDPROC-ST7        
	----------         EndModule-ST7      
	----------         TranslatorMod-ST7  MV4_PG2BC
	  C:008CE8H        PUBLIC             ?C?mv4_pg2bc
	----------         PROC-ST7           
	----------         ENDPROC-ST7        
	----------         EndModule-ST7      
	----------         TranslatorMod-ST7  MV4_PG2IX1
	  C:008D0EH        PUBLIC             ?C?mv4_pg2ix1
	  C:008D0BH        PUBLIC             ?C?mv4_pg2bc1
	----------         PROC-ST7           
	----------         ENDPROC-ST7        
	----------         EndModule-ST7      
	----------         TranslatorMod-ST7  MV4_PG2SK1
	  C:008D39H        PUBLIC             ?C?mv4_pg2sk1
	----------         PROC-ST7           
	----------         ENDPROC-ST7        
	----------         EndModule-ST7      
	----------         TranslatorMod-ST7  NEG32
	----------         TranslatorMod-ST7  NEG32
	----------         PROC-ST7           
	----------         ENDPROC-ST7        
	----------         EndModule-ST7      
	----------         TranslatorMod-ST7  SUB3232
	  C:008C95H        PUBLIC             ?C?sub3232
	----------         PROC-ST7           
	----------         ENDPROC-ST7        
	----------         EndModule-ST7      
	----------         TranslatorMod-ST7  SRL328
	  C:008C06H        PUBLIC             ?C?srl328
	----------         PROC-ST7           
	----------         ENDPROC-ST7        
	----------         EndModule-ST7      
	----------         TranslatorMod-ST7  CPU3232IX
	  C:008D1BH        PUBLIC             ?C?cpu3232ix
	----------         PROC-ST7           
	----------         ENDPROC-ST7        
	----------         EndModule-ST7      
	----------         TranslatorMod-ST7  _MEMCPY
	----------         TranslatorMod-ST7  _MEMCPY
	----------         PROC-ST7           
	----------         ENDPROC-ST7        
	----------         EndModule-ST7      
	----------         TranslatorMod-ST7  REGISTERS
	  D:000000H        PUBLIC             ?BH
	  D:000002H        PUBLIC             ?CH
	  D:000001H        PUBLIC             ?BL
	  D:000003H        PUBLIC             ?CL
	----------         EndModule-ST7      
	----------         TranslatorMod-ST7  STARTUP_V_Z
	  C:008B75H        PUBLIC             CST7_START_V_Z
	----------         PROC-ST7           
	----------         ENDPROC-ST7        
	----------         PROC-ST7           
	----------         ENDPROC-ST7        
	----------         PROC-ST7           
	----------         ENDPROC-ST7        
	----------         PROC-ST7           
	----------         ENDPROC-ST7        
	----------         EndModule-ST7      
	----------         TranslatorMod-ST7  MEMCPY
	  C:008CC2H        PUBLIC             ?memcpy
	----------         PROC-ST7           
	----------         ENDPROC-ST7        
	----------         EndModule-ST7      
	----------         TranslatorMod-ST7  ?STATINIT
	  C:008D42H        PUBLIC             ?C_INITSEGSTART
	----------         PROC-ST7           
	----------         ENDPROC-ST7        
	----------         EndModule-ST7      

----------------------
SUGGESTED OPTIMIZATION
----------------------
Warning: 252 (FCH) data bytes in the range [00H-FFH] are available for storage.
         Consider using some of these for 'page0' variables in your source files.


LINK/LOCATE RUN COMPLETE, 4 WARNINGS FOUND.